<?xml version="1.0" encoding="ISO-8859-1" ?>
<link_info>
   <banner>TMS320C2000 Linker PC v25.11.0.LTS</banner>
   <copyright>Copyright (c) 1996-2018 Texas Instruments Incorporated</copyright>
   <command_line>C:\ti\ccs2050\ccs\tools\compiler\ti-cgt-c2000_25.11.0.LTS\bin\lnk2000.exe -lC:\\Users\\David\\AppData\\Local\\Temp\\{B2706D3E-97F6-4013-B699-599E4E1246DB}</command_line>
   <link_time>0x69e80b3a</link_time>
   <link_errors>0x0</link_errors>
   <output_file>C:\repo\WUSTL_JEP_EE_SENIOR_DESIGN_SP_2026\Debug\dev_280049_v2_2.out</output_file>
   <entry_point>
      <name>_c_int00</name>
      <address>0x8450d</address>
   </entry_point>
   <input_file_list>
      <input_file id="fl-2">
         <path>C:\repo\WUSTL_JEP_EE_SENIOR_DESIGN_SP_2026\Debug\.\</path>
         <kind>object</kind>
         <file>PLECS_to_CCS.obj</file>
         <name>PLECS_to_CCS.obj</name>
      </input_file>
      <input_file id="fl-3">
         <path>C:\repo\WUSTL_JEP_EE_SENIOR_DESIGN_SP_2026\Debug\.\</path>
         <kind>object</kind>
         <file>PLECS_to_CCS_0.obj</file>
         <name>PLECS_to_CCS_0.obj</name>
      </input_file>
      <input_file id="fl-4">
         <path>C:\repo\WUSTL_JEP_EE_SENIOR_DESIGN_SP_2026\Debug\.\</path>
         <kind>object</kind>
         <file>PLECS_to_CCS_1.obj</file>
         <name>PLECS_to_CCS_1.obj</name>
      </input_file>
      <input_file id="fl-5">
         <path>C:\repo\WUSTL_JEP_EE_SENIOR_DESIGN_SP_2026\Debug\.\</path>
         <kind>object</kind>
         <file>PLECS_to_CCS_2.obj</file>
         <name>PLECS_to_CCS_2.obj</name>
      </input_file>
      <input_file id="fl-6">
         <path>C:\repo\WUSTL_JEP_EE_SENIOR_DESIGN_SP_2026\Debug\.\</path>
         <kind>object</kind>
         <file>PLECS_to_CCS_3.obj</file>
         <name>PLECS_to_CCS_3.obj</name>
      </input_file>
      <input_file id="fl-14">
         <path>C:\repo\WUSTL_JEP_EE_SENIOR_DESIGN_SP_2026\Debug\.\shrd\</path>
         <kind>object</kind>
         <file>stack_monitor.obj</file>
         <name>stack_monitor.obj</name>
      </input_file>
      <input_file id="fl-1c">
         <path>C:\repo\WUSTL_JEP_EE_SENIOR_DESIGN_SP_2026\Debug\.\tisrc\</path>
         <kind>object</kind>
         <file>f28004x_cputimers.obj</file>
         <name>f28004x_cputimers.obj</name>
      </input_file>
      <input_file id="fl-1f">
         <path>C:\repo\WUSTL_JEP_EE_SENIOR_DESIGN_SP_2026\Debug\.\tisrc\</path>
         <kind>object</kind>
         <file>f28004x_globalvariabledefs.obj</file>
         <name>f28004x_globalvariabledefs.obj</name>
      </input_file>
      <input_file id="fl-56">
         <path>C:\ti\ccs2050\ccs\tools\compiler\ti-cgt-c2000_25.11.0.LTS\lib\</path>
         <kind>archive</kind>
         <file>rts2800_fpu32_eabi.lib</file>
         <name>pre_init.c.obj</name>
      </input_file>
      <input_file id="fl-58">
         <path>C:\ti\ccs2050\ccs\tools\compiler\ti-cgt-c2000_25.11.0.LTS\lib\</path>
         <kind>archive</kind>
         <file>rts2800_fpu32_eabi.lib</file>
         <name>copy_zero_init.c.obj</name>
      </input_file>
      <input_file id="fl-59">
         <path>C:\ti\ccs2050\ccs\tools\compiler\ti-cgt-c2000_25.11.0.LTS\lib\</path>
         <kind>archive</kind>
         <file>rts2800_fpu32_eabi.lib</file>
         <name>copy_decompress_none.c.obj</name>
      </input_file>
      <input_file id="fl-5a">
         <path>C:\ti\ccs2050\ccs\tools\compiler\ti-cgt-c2000_25.11.0.LTS\lib\</path>
         <kind>archive</kind>
         <file>rts2800_fpu32_eabi.lib</file>
         <name>copy_decompress_lzss.c.obj</name>
      </input_file>
      <input_file id="fl-5c">
         <path>C:\ti\ccs2050\ccs\tools\compiler\ti-cgt-c2000_25.11.0.LTS\lib\</path>
         <kind>archive</kind>
         <file>rts2800_fpu32_eabi.lib</file>
         <name>_lock.c.obj</name>
      </input_file>
      <input_file id="fl-5e">
         <path>C:\ti\ccs2050\ccs\tools\compiler\ti-cgt-c2000_25.11.0.LTS\lib\</path>
         <kind>archive</kind>
         <file>rts2800_fpu32_eabi.lib</file>
         <name>memset.c.obj</name>
      </input_file>
      <input_file id="fl-5f">
         <path>C:\ti\ccs2050\ccs\tools\compiler\ti-cgt-c2000_25.11.0.LTS\lib\</path>
         <kind>archive</kind>
         <file>rts2800_fpu32_eabi.lib</file>
         <name>cpy_tbl.c.obj</name>
      </input_file>
      <input_file id="fl-60">
         <path>C:\ti\ccs2050\ccs\tools\compiler\ti-cgt-c2000_25.11.0.LTS\lib\</path>
         <kind>archive</kind>
         <file>rts2800_fpu32_eabi.lib</file>
         <name>memcpy.c.obj</name>
      </input_file>
      <input_file id="fl-64">
         <path>C:\Users\David\AppData\Local\Temp\</path>
         <kind>object</kind>
         <file>{7B6482EE-4312-426D-9CDE-B5753F1CC93D}</file>
         <name>{7B6482EE-4312-426D-9CDE-B5753F1CC93D}</name>
      </input_file>
      <input_file id="fl-7">
         <path>C:\repo\WUSTL_JEP_EE_SENIOR_DESIGN_SP_2026\Debug\.\</path>
         <kind>object</kind>
         <file>PLECS_to_CCS_cla.obj</file>
         <name>PLECS_to_CCS_cla.obj</name>
      </input_file>
      <input_file id="fl-8">
         <path>C:\repo\WUSTL_JEP_EE_SENIOR_DESIGN_SP_2026\Debug\.\</path>
         <kind>object</kind>
         <file>PLECS_to_CCS_hal.obj</file>
         <name>PLECS_to_CCS_hal.obj</name>
      </input_file>
      <input_file id="fl-9">
         <path>C:\repo\WUSTL_JEP_EE_SENIOR_DESIGN_SP_2026\Debug\.\</path>
         <kind>object</kind>
         <file>PLECS_to_CCS_main.obj</file>
         <name>PLECS_to_CCS_main.obj</name>
      </input_file>
      <input_file id="fl-a">
         <path>C:\repo\WUSTL_JEP_EE_SENIOR_DESIGN_SP_2026\Debug\.\shrd\</path>
         <kind>object</kind>
         <file>ain_type5.obj</file>
         <name>ain_type5.obj</name>
      </input_file>
      <input_file id="fl-b">
         <path>C:\repo\WUSTL_JEP_EE_SENIOR_DESIGN_SP_2026\Debug\.\shrd\</path>
         <kind>object</kind>
         <file>dac_type2.obj</file>
         <name>dac_type2.obj</name>
      </input_file>
      <input_file id="fl-c">
         <path>C:\repo\WUSTL_JEP_EE_SENIOR_DESIGN_SP_2026\Debug\.\shrd\</path>
         <kind>object</kind>
         <file>dcan_type0.obj</file>
         <name>dcan_type0.obj</name>
      </input_file>
      <input_file id="fl-d">
         <path>C:\repo\WUSTL_JEP_EE_SENIOR_DESIGN_SP_2026\Debug\.\shrd\</path>
         <kind>object</kind>
         <file>dispatcher.obj</file>
         <name>dispatcher.obj</name>
      </input_file>
      <input_file id="fl-e">
         <path>C:\repo\WUSTL_JEP_EE_SENIOR_DESIGN_SP_2026\Debug\.\shrd\</path>
         <kind>object</kind>
         <file>dispatcher_asm.obj</file>
         <name>dispatcher_asm.obj</name>
      </input_file>
      <input_file id="fl-f">
         <path>C:\repo\WUSTL_JEP_EE_SENIOR_DESIGN_SP_2026\Debug\.\shrd\</path>
         <kind>object</kind>
         <file>epwm_type4.obj</file>
         <name>epwm_type4.obj</name>
      </input_file>
      <input_file id="fl-10">
         <path>C:\repo\WUSTL_JEP_EE_SENIOR_DESIGN_SP_2026\Debug\.\shrd\</path>
         <kind>object</kind>
         <file>power.obj</file>
         <name>power.obj</name>
      </input_file>
      <input_file id="fl-11">
         <path>C:\repo\WUSTL_JEP_EE_SENIOR_DESIGN_SP_2026\Debug\.\shrd\</path>
         <kind>object</kind>
         <file>qep.obj</file>
         <name>qep.obj</name>
      </input_file>
      <input_file id="fl-12">
         <path>C:\repo\WUSTL_JEP_EE_SENIOR_DESIGN_SP_2026\Debug\.\shrd\</path>
         <kind>object</kind>
         <file>sdfm.obj</file>
         <name>sdfm.obj</name>
      </input_file>
      <input_file id="fl-13">
         <path>C:\repo\WUSTL_JEP_EE_SENIOR_DESIGN_SP_2026\Debug\.\shrd\</path>
         <kind>object</kind>
         <file>spi_type2.obj</file>
         <name>spi_type2.obj</name>
      </input_file>
      <input_file id="fl-15">
         <path>C:\repo\WUSTL_JEP_EE_SENIOR_DESIGN_SP_2026\Debug\.\shrd\</path>
         <kind>object</kind>
         <file>uart.obj</file>
         <name>uart.obj</name>
      </input_file>
      <input_file id="fl-16">
         <path>C:\repo\WUSTL_JEP_EE_SENIOR_DESIGN_SP_2026\Debug\.\src\</path>
         <kind>object</kind>
         <file>cap_28004x.obj</file>
         <name>cap_28004x.obj</name>
      </input_file>
      <input_file id="fl-17">
         <path>C:\repo\WUSTL_JEP_EE_SENIOR_DESIGN_SP_2026\Debug\.\src\</path>
         <kind>object</kind>
         <file>dio_28004x.obj</file>
         <name>dio_28004x.obj</name>
      </input_file>
      <input_file id="fl-18">
         <path>C:\repo\WUSTL_JEP_EE_SENIOR_DESIGN_SP_2026\Debug\.\src\</path>
         <kind>object</kind>
         <file>pga_28004x.obj</file>
         <name>pga_28004x.obj</name>
      </input_file>
      <input_file id="fl-19">
         <path>C:\repo\WUSTL_JEP_EE_SENIOR_DESIGN_SP_2026\Debug\.\src\</path>
         <kind>object</kind>
         <file>sci_28004x.obj</file>
         <name>sci_28004x.obj</name>
      </input_file>
      <input_file id="fl-1a">
         <path>C:\repo\WUSTL_JEP_EE_SENIOR_DESIGN_SP_2026\Debug\.\tisrc\</path>
         <kind>object</kind>
         <file>f28004x_adc.obj</file>
         <name>f28004x_adc.obj</name>
      </input_file>
      <input_file id="fl-1b">
         <path>C:\repo\WUSTL_JEP_EE_SENIOR_DESIGN_SP_2026\Debug\.\tisrc\</path>
         <kind>object</kind>
         <file>f28004x_codestartbranch.obj</file>
         <name>f28004x_codestartbranch.obj</name>
      </input_file>
      <input_file id="fl-1d">
         <path>C:\repo\WUSTL_JEP_EE_SENIOR_DESIGN_SP_2026\Debug\.\tisrc\</path>
         <kind>object</kind>
         <file>f28004x_defaultisr.obj</file>
         <name>f28004x_defaultisr.obj</name>
      </input_file>
      <input_file id="fl-1e">
         <path>C:\repo\WUSTL_JEP_EE_SENIOR_DESIGN_SP_2026\Debug\.\tisrc\</path>
         <kind>object</kind>
         <file>f28004x_devinit.obj</file>
         <name>f28004x_devinit.obj</name>
      </input_file>
      <input_file id="fl-20">
         <path>C:\repo\WUSTL_JEP_EE_SENIOR_DESIGN_SP_2026\Debug\.\tisrc\</path>
         <kind>object</kind>
         <file>f28004x_gpio.obj</file>
         <name>f28004x_gpio.obj</name>
      </input_file>
      <input_file id="fl-21">
         <path>C:\repo\WUSTL_JEP_EE_SENIOR_DESIGN_SP_2026\Debug\.\tisrc\</path>
         <kind>object</kind>
         <file>f28004x_usdelay.obj</file>
         <name>f28004x_usdelay.obj</name>
      </input_file>
      <input_file id="fl-31">
         <path>C:\repo\WUSTL_JEP_EE_SENIOR_DESIGN_SP_2026\Debug\</path>
         <kind>object</kind>
         <file>&lt;internal&gt;</file>
         <name>&lt;internal&gt;</name>
      </input_file>
      <input_file id="fl-32">
         <path>C:\repo\WUSTL_JEP_EE_SENIOR_DESIGN_SP_2026\Debug\..\tisrc\driverlib\</path>
         <kind>archive</kind>
         <file>SFO_v8_fpu_lib_build_c28_driverlib_eabi.lib</file>
         <name>SFO_v8_fpu_lib_build_c28_driverlib.obj</name>
      </input_file>
      <input_file id="fl-33">
         <path>C:\repo\WUSTL_JEP_EE_SENIOR_DESIGN_SP_2026\Debug\..\tisrc\driverlib\</path>
         <kind>archive</kind>
         <file>plx_driverlib_fpu32_eabi.lib</file>
         <name>can.obj</name>
      </input_file>
      <input_file id="fl-34">
         <path>C:\repo\WUSTL_JEP_EE_SENIOR_DESIGN_SP_2026\Debug\..\tisrc\driverlib\</path>
         <kind>archive</kind>
         <file>plx_driverlib_fpu32_eabi.lib</file>
         <name>flash.obj</name>
      </input_file>
      <input_file id="fl-35">
         <path>C:\repo\WUSTL_JEP_EE_SENIOR_DESIGN_SP_2026\Debug\..\tisrc\driverlib\</path>
         <kind>archive</kind>
         <file>plx_driverlib_fpu32_eabi.lib</file>
         <name>gpio.obj</name>
      </input_file>
      <input_file id="fl-36">
         <path>C:\repo\WUSTL_JEP_EE_SENIOR_DESIGN_SP_2026\Debug\..\tisrc\driverlib\</path>
         <kind>archive</kind>
         <file>plx_driverlib_fpu32_eabi.lib</file>
         <name>sdfm.obj</name>
      </input_file>
      <input_file id="fl-37">
         <path>C:\repo\WUSTL_JEP_EE_SENIOR_DESIGN_SP_2026\Debug\..\tisrc\driverlib\</path>
         <kind>archive</kind>
         <file>plx_driverlib_fpu32_eabi.lib</file>
         <name>sysctl.obj</name>
      </input_file>
      <input_file id="fl-3c">
         <path>C:\repo\WUSTL_JEP_EE_SENIOR_DESIGN_SP_2026\pil\</path>
         <kind>archive</kind>
         <file>pil_c28_fpu32_eabi.lib</file>
         <name>pil.obj</name>
      </input_file>
      <input_file id="fl-3d">
         <path>C:\repo\WUSTL_JEP_EE_SENIOR_DESIGN_SP_2026\pil\</path>
         <kind>archive</kind>
         <file>pil_c28_fpu32_eabi.lib</file>
         <name>probes.obj</name>
      </input_file>
      <input_file id="fl-3e">
         <path>C:\repo\WUSTL_JEP_EE_SENIOR_DESIGN_SP_2026\pil\</path>
         <kind>archive</kind>
         <file>pil_c28_fpu32_eabi.lib</file>
         <name>remoteagent.obj</name>
      </input_file>
      <input_file id="fl-3f">
         <path>C:\repo\WUSTL_JEP_EE_SENIOR_DESIGN_SP_2026\pil\</path>
         <kind>archive</kind>
         <file>pil_c28_fpu32_eabi.lib</file>
         <name>scope.obj</name>
      </input_file>
      <input_file id="fl-40">
         <path>C:\repo\WUSTL_JEP_EE_SENIOR_DESIGN_SP_2026\pil\</path>
         <kind>archive</kind>
         <file>pil_c28_fpu32_eabi.lib</file>
         <name>seriallink.obj</name>
      </input_file>
      <input_file id="fl-41">
         <path>C:\repo\WUSTL_JEP_EE_SENIOR_DESIGN_SP_2026\pil\</path>
         <kind>archive</kind>
         <file>pil_c28_fpu32_eabi.lib</file>
         <name>pil_f28x_dis_int.obj</name>
      </input_file>
      <input_file id="fl-42">
         <path>C:\repo\WUSTL_JEP_EE_SENIOR_DESIGN_SP_2026\pil\</path>
         <kind>archive</kind>
         <file>pil_c28_fpu32_eabi.lib</file>
         <name>basicservices.obj</name>
      </input_file>
      <input_file id="fl-43">
         <path>C:\repo\WUSTL_JEP_EE_SENIOR_DESIGN_SP_2026\pil\</path>
         <kind>archive</kind>
         <file>pil_c28_fpu32_eabi.lib</file>
         <name>dualcorelink.obj</name>
      </input_file>
      <input_file id="fl-44">
         <path>C:\repo\WUSTL_JEP_EE_SENIOR_DESIGN_SP_2026\pil\</path>
         <kind>archive</kind>
         <file>pil_c28_fpu32_eabi.lib</file>
         <name>parallelbridge.obj</name>
      </input_file>
      <input_file id="fl-45">
         <path>C:\repo\WUSTL_JEP_EE_SENIOR_DESIGN_SP_2026\pil\</path>
         <kind>archive</kind>
         <file>pil_c28_fpu32_eabi.lib</file>
         <name>ringbuf.obj</name>
      </input_file>
      <input_file id="fl-53">
         <path>C:\ti\ccs2050\ccs\tools\compiler\ti-cgt-c2000_25.11.0.LTS\lib\</path>
         <kind>archive</kind>
         <file>rts2800_fpu32_eabi.lib</file>
         <name>boot28.asm.obj</name>
      </input_file>
      <input_file id="fl-54">
         <path>C:\ti\ccs2050\ccs\tools\compiler\ti-cgt-c2000_25.11.0.LTS\lib\</path>
         <kind>archive</kind>
         <file>rts2800_fpu32_eabi.lib</file>
         <name>fd_cmp28.asm.obj</name>
      </input_file>
      <input_file id="fl-55">
         <path>C:\ti\ccs2050\ccs\tools\compiler\ti-cgt-c2000_25.11.0.LTS\lib\</path>
         <kind>archive</kind>
         <file>rts2800_fpu32_eabi.lib</file>
         <name>ll_cmp28.asm.obj</name>
      </input_file>
      <input_file id="fl-57">
         <path>C:\ti\ccs2050\ccs\tools\compiler\ti-cgt-c2000_25.11.0.LTS\lib\</path>
         <kind>archive</kind>
         <file>rts2800_fpu32_eabi.lib</file>
         <name>autoinit.c.obj</name>
      </input_file>
      <input_file id="fl-5b">
         <path>C:\ti\ccs2050\ccs\tools\compiler\ti-cgt-c2000_25.11.0.LTS\lib\</path>
         <kind>archive</kind>
         <file>rts2800_fpu32_eabi.lib</file>
         <name>exit.c.obj</name>
      </input_file>
      <input_file id="fl-5d">
         <path>C:\ti\ccs2050\ccs\tools\compiler\ti-cgt-c2000_25.11.0.LTS\lib\</path>
         <kind>archive</kind>
         <file>rts2800_fpu32_eabi.lib</file>
         <name>args_main.c.obj</name>
      </input_file>
      <input_file id="fl-61">
         <path>C:\ti\ccs2050\ccs\tools\compiler\ti-cgt-c2000_25.11.0.LTS\lib\</path>
         <kind>archive</kind>
         <file>rts2800_fpu32_eabi.lib</file>
         <name>startup.c.obj</name>
      </input_file>
   </input_file_list>
   <object_component_list>
      <object_component id="oc-103">
         <name>dispatch</name>
         <load_address>0x84570</load_address>
         <readonly>true</readonly>
         <executable>true</executable>
         <run_address>0x84570</run_address>
         <size>0xde</size>
         <alignment>0x1</alignment>
         <input_file_ref idref="fl-d"/>
      </object_component>
      <object_component id="oc-b2">
         <name>codestart</name>
         <load_address>0x80000</load_address>
         <readonly>true</readonly>
         <executable>true</executable>
         <run_address>0x80000</run_address>
         <size>0x2</size>
         <alignment>0x1</alignment>
         <input_file_ref idref="fl-1b"/>
      </object_component>
      <object_component id="oc-a7">
         <name>.text</name>
         <load_address>0x809f8</load_address>
         <readonly>true</readonly>
         <executable>true</executable>
         <run_address>0x809f8</run_address>
         <size>0x769</size>
         <alignment>0x1</alignment>
         <input_file_ref idref="fl-8"/>
      </object_component>
      <object_component id="oc-312">
         <name>.text</name>
         <load_address>0x81161</load_address>
         <readonly>true</readonly>
         <executable>true</executable>
         <run_address>0x81161</run_address>
         <size>0x61f</size>
         <alignment>0x1</alignment>
         <input_file_ref idref="fl-3d"/>
      </object_component>
      <object_component id="oc-30e">
         <name>.text</name>
         <load_address>0x81780</load_address>
         <readonly>true</readonly>
         <executable>true</executable>
         <run_address>0x81780</run_address>
         <size>0x5c4</size>
         <alignment>0x1</alignment>
         <input_file_ref idref="fl-3f"/>
      </object_component>
      <object_component id="oc-b7">
         <name>.text:retain</name>
         <load_address>0x81d44</load_address>
         <readonly>true</readonly>
         <executable>true</executable>
         <run_address>0x81d44</run_address>
         <size>0x4b3</size>
         <alignment>0x1</alignment>
         <input_file_ref idref="fl-1d"/>
      </object_component>
      <object_component id="oc-133">
         <name>.text</name>
         <load_address>0x821f7</load_address>
         <readonly>true</readonly>
         <executable>true</executable>
         <run_address>0x821f7</run_address>
         <size>0x476</size>
         <alignment>0x1</alignment>
         <input_file_ref idref="fl-3c"/>
      </object_component>
      <object_component id="oc-175">
         <name>.text</name>
         <load_address>0x8266d</load_address>
         <readonly>true</readonly>
         <executable>true</executable>
         <run_address>0x8266d</run_address>
         <size>0x3d1</size>
         <alignment>0x1</alignment>
         <input_file_ref idref="fl-37"/>
      </object_component>
      <object_component id="oc-314">
         <name>.text</name>
         <load_address>0x82a3e</load_address>
         <readonly>true</readonly>
         <executable>true</executable>
         <run_address>0x82a3e</run_address>
         <size>0x323</size>
         <alignment>0x1</alignment>
         <input_file_ref idref="fl-40"/>
      </object_component>
      <object_component id="oc-140">
         <name>.text</name>
         <load_address>0x82d61</load_address>
         <readonly>true</readonly>
         <executable>true</executable>
         <run_address>0x82d61</run_address>
         <size>0x2e7</size>
         <alignment>0x1</alignment>
         <input_file_ref idref="fl-f"/>
      </object_component>
      <object_component id="oc-311">
         <name>.text</name>
         <load_address>0x83048</load_address>
         <readonly>true</readonly>
         <executable>true</executable>
         <run_address>0x83048</run_address>
         <size>0x2a7</size>
         <alignment>0x1</alignment>
         <input_file_ref idref="fl-43"/>
      </object_component>
      <object_component id="oc-30f">
         <name>.text</name>
         <load_address>0x832ef</load_address>
         <readonly>true</readonly>
         <executable>true</executable>
         <run_address>0x832ef</run_address>
         <size>0x262</size>
         <alignment>0x1</alignment>
         <input_file_ref idref="fl-42"/>
      </object_component>
      <object_component id="oc-3b5">
         <name>.text</name>
         <load_address>0x83551</load_address>
         <readonly>true</readonly>
         <executable>true</executable>
         <run_address>0x83551</run_address>
         <size>0x1fa</size>
         <alignment>0x1</alignment>
         <input_file_ref idref="fl-2"/>
      </object_component>
      <object_component id="oc-30d">
         <name>.text</name>
         <load_address>0x8374b</load_address>
         <readonly>true</readonly>
         <executable>true</executable>
         <run_address>0x8374b</run_address>
         <size>0x1f9</size>
         <alignment>0x1</alignment>
         <input_file_ref idref="fl-3e"/>
      </object_component>
      <object_component id="oc-335">
         <name>.text:SFO</name>
         <load_address>0x83944</load_address>
         <readonly>true</readonly>
         <executable>true</executable>
         <run_address>0x83944</run_address>
         <size>0x1f1</size>
         <alignment>0x1</alignment>
         <input_file_ref idref="fl-32"/>
      </object_component>
      <object_component id="oc-15b">
         <name>.text</name>
         <load_address>0x83b35</load_address>
         <readonly>true</readonly>
         <executable>true</executable>
         <run_address>0x83b35</run_address>
         <size>0x1eb</size>
         <alignment>0x1</alignment>
         <input_file_ref idref="fl-35"/>
      </object_component>
      <object_component id="oc-310">
         <name>.text</name>
         <load_address>0x83d20</load_address>
         <readonly>true</readonly>
         <executable>true</executable>
         <run_address>0x83d20</run_address>
         <size>0x172</size>
         <alignment>0x1</alignment>
         <input_file_ref idref="fl-44"/>
      </object_component>
      <object_component id="oc-152">
         <name>.text</name>
         <load_address>0x83e92</load_address>
         <readonly>true</readonly>
         <executable>true</executable>
         <run_address>0x83e92</run_address>
         <size>0x154</size>
         <alignment>0x1</alignment>
         <input_file_ref idref="fl-d"/>
      </object_component>
      <object_component id="oc-2ae">
         <name>.text</name>
         <load_address>0x83fe6</load_address>
         <readonly>true</readonly>
         <executable>true</executable>
         <run_address>0x83fe6</run_address>
         <size>0x14e</size>
         <alignment>0x1</alignment>
         <input_file_ref idref="fl-9"/>
      </object_component>
      <object_component id="oc-149">
         <name>.text</name>
         <load_address>0x84134</load_address>
         <readonly>true</readonly>
         <executable>true</executable>
         <run_address>0x84134</run_address>
         <size>0xfd</size>
         <alignment>0x1</alignment>
         <input_file_ref idref="fl-a"/>
      </object_component>
      <object_component id="oc-c1">
         <name>.text</name>
         <load_address>0x84231</load_address>
         <readonly>true</readonly>
         <executable>true</executable>
         <run_address>0x84231</run_address>
         <size>0xa0</size>
         <alignment>0x1</alignment>
         <input_file_ref idref="fl-1e"/>
      </object_component>
      <object_component id="oc-134">
         <name>.text</name>
         <load_address>0x842d1</load_address>
         <readonly>true</readonly>
         <executable>true</executable>
         <run_address>0x842d1</run_address>
         <size>0x7e</size>
         <alignment>0x1</alignment>
         <input_file_ref idref="fl-17"/>
      </object_component>
      <object_component id="oc-3f0">
         <name>.text</name>
         <load_address>0x8434f</load_address>
         <readonly>true</readonly>
         <executable>true</executable>
         <run_address>0x8434f</run_address>
         <size>0x64</size>
         <alignment>0x1</alignment>
         <input_file_ref idref="fl-45"/>
      </object_component>
      <object_component id="oc-13a">
         <name>.text</name>
         <load_address>0x843b3</load_address>
         <readonly>true</readonly>
         <executable>true</executable>
         <run_address>0x843b3</run_address>
         <size>0x59</size>
         <alignment>0x1</alignment>
         <input_file_ref idref="fl-1a"/>
      </object_component>
      <object_component id="oc-a6">
         <name>.text:retain</name>
         <load_address>0x8440c</load_address>
         <readonly>true</readonly>
         <executable>true</executable>
         <run_address>0x8440c</run_address>
         <size>0x37</size>
         <alignment>0x1</alignment>
         <input_file_ref idref="fl-8"/>
      </object_component>
      <object_component id="oc-90">
         <name>.text:decompress:lzss</name>
         <load_address>0x84443</load_address>
         <readonly>true</readonly>
         <executable>true</executable>
         <run_address>0x84443</run_address>
         <size>0x2e</size>
         <alignment>0x1</alignment>
         <input_file_ref idref="fl-5a"/>
      </object_component>
      <object_component id="oc-27e">
         <name>.text:__TI_auto_init_nobinit_nopinit</name>
         <load_address>0x84471</load_address>
         <readonly>true</readonly>
         <executable>true</executable>
         <run_address>0x84471</run_address>
         <size>0x2b</size>
         <alignment>0x1</alignment>
         <input_file_ref idref="fl-57"/>
      </object_component>
      <object_component id="oc-3eb">
         <name>.text</name>
         <load_address>0x8449c</load_address>
         <readonly>true</readonly>
         <executable>true</executable>
         <run_address>0x8449c</run_address>
         <size>0x2a</size>
         <alignment>0x1</alignment>
         <input_file_ref idref="fl-54"/>
      </object_component>
      <object_component id="oc-f6">
         <name>.text</name>
         <load_address>0x844c6</load_address>
         <readonly>true</readonly>
         <executable>true</executable>
         <run_address>0x844c6</run_address>
         <size>0x29</size>
         <alignment>0x1</alignment>
         <input_file_ref idref="fl-5b"/>
      </object_component>
      <object_component id="oc-d5">
         <name>.text</name>
         <load_address>0x844ef</load_address>
         <readonly>true</readonly>
         <executable>true</executable>
         <run_address>0x844ef</run_address>
         <size>0x1e</size>
         <alignment>0x1</alignment>
         <input_file_ref idref="fl-60"/>
      </object_component>
      <object_component id="oc-9d">
         <name>.text</name>
         <load_address>0x8450d</load_address>
         <readonly>true</readonly>
         <executable>true</executable>
         <run_address>0x8450d</run_address>
         <size>0x17</size>
         <alignment>0x1</alignment>
         <input_file_ref idref="fl-53"/>
      </object_component>
      <object_component id="oc-f0">
         <name>.text</name>
         <load_address>0x84524</load_address>
         <readonly>true</readonly>
         <executable>true</executable>
         <run_address>0x84524</run_address>
         <size>0x12</size>
         <alignment>0x1</alignment>
         <input_file_ref idref="fl-5d"/>
      </object_component>
      <object_component id="oc-bd">
         <name>.text:retain</name>
         <load_address>0x84536</load_address>
         <readonly>true</readonly>
         <executable>true</executable>
         <run_address>0x84536</run_address>
         <size>0xa</size>
         <alignment>0x1</alignment>
         <input_file_ref idref="fl-1e"/>
      </object_component>
      <object_component id="oc-96">
         <name>.text:decompress:none</name>
         <load_address>0x84540</load_address>
         <readonly>true</readonly>
         <executable>true</executable>
         <run_address>0x84540</run_address>
         <size>0x8</size>
         <alignment>0x1</alignment>
         <input_file_ref idref="fl-59"/>
      </object_component>
      <object_component id="oc-169">
         <name>.text</name>
         <load_address>0x84548</load_address>
         <readonly>true</readonly>
         <executable>true</executable>
         <run_address>0x84548</run_address>
         <size>0x8</size>
         <alignment>0x1</alignment>
         <input_file_ref idref="fl-1b"/>
      </object_component>
      <object_component id="oc-36d">
         <name>.text</name>
         <load_address>0x84550</load_address>
         <readonly>true</readonly>
         <executable>true</executable>
         <run_address>0x84550</run_address>
         <size>0x7</size>
         <alignment>0x1</alignment>
         <input_file_ref idref="fl-e"/>
      </object_component>
      <object_component id="oc-313">
         <name>.text</name>
         <load_address>0x84557</load_address>
         <readonly>true</readonly>
         <executable>true</executable>
         <run_address>0x84557</run_address>
         <size>0x7</size>
         <alignment>0x1</alignment>
         <input_file_ref idref="fl-41"/>
      </object_component>
      <object_component id="oc-e3">
         <name>.text:decompress:ZI</name>
         <load_address>0x8455e</load_address>
         <readonly>true</readonly>
         <executable>true</executable>
         <run_address>0x8455e</run_address>
         <size>0x6</size>
         <alignment>0x1</alignment>
         <input_file_ref idref="fl-58"/>
      </object_component>
      <object_component id="oc-276">
         <name>.text</name>
         <load_address>0x84564</load_address>
         <readonly>true</readonly>
         <executable>true</executable>
         <run_address>0x84564</run_address>
         <size>0x6</size>
         <alignment>0x1</alignment>
         <input_file_ref idref="fl-5e"/>
      </object_component>
      <object_component id="oc-e9">
         <name>.text</name>
         <load_address>0x8456a</load_address>
         <readonly>true</readonly>
         <executable>true</executable>
         <run_address>0x8456a</run_address>
         <size>0x2</size>
         <alignment>0x1</alignment>
         <input_file_ref idref="fl-56"/>
      </object_component>
      <object_component id="oc-3bd">
         <name>.text</name>
         <load_address>0x8456c</load_address>
         <readonly>true</readonly>
         <executable>true</executable>
         <run_address>0x8456c</run_address>
         <size>0x1</size>
         <alignment>0x1</alignment>
         <input_file_ref idref="fl-5c"/>
      </object_component>
      <object_component id="oc-397">
         <name>.text</name>
         <load_address>0x8456d</load_address>
         <readonly>true</readonly>
         <executable>true</executable>
         <run_address>0x8456d</run_address>
         <size>0x1</size>
         <alignment>0x1</alignment>
         <input_file_ref idref="fl-61"/>
      </object_component>
      <object_component id="oc-529">
         <name>.cinit..data.load</name>
         <load_address>0x84650</load_address>
         <readonly>true</readonly>
         <run_address>0x84650</run_address>
         <size>0xc5</size>
         <alignment>0x1</alignment>
      </object_component>
      <object_component id="oc-526">
         <name>__TI_handler_table</name>
         <load_address>0x84716</load_address>
         <readonly>true</readonly>
         <run_address>0x84716</run_address>
         <size>0x6</size>
         <alignment>0x2</alignment>
      </object_component>
      <object_component id="oc-528">
         <name>.cinit..bss.load</name>
         <load_address>0x8471c</load_address>
         <readonly>true</readonly>
         <run_address>0x8471c</run_address>
         <size>0x4</size>
         <alignment>0x2</alignment>
      </object_component>
      <object_component id="oc-52a">
         <name>.cinit.PieVectTableFile.load</name>
         <load_address>0x84720</load_address>
         <readonly>true</readonly>
         <run_address>0x84720</run_address>
         <size>0x4</size>
         <alignment>0x2</alignment>
      </object_component>
      <object_component id="oc-527">
         <name>__TI_cinit_table</name>
         <load_address>0x84724</load_address>
         <readonly>true</readonly>
         <run_address>0x84724</run_address>
         <size>0xc</size>
         <alignment>0x2</alignment>
      </object_component>
      <object_component id="oc-c9">
         <name>.stack</name>
         <uninitialized>true</uninitialized>
         <readwrite>true</readwrite>
         <run_address>0x831e</run_address>
         <size>0x0</size>
         <alignment>0x1</alignment>
         <input_file_ref idref="fl-53"/>
      </object_component>
      <object_component id="oc-52b">
         <name>.stack</name>
         <uninitialized>true</uninitialized>
         <readwrite>true</readwrite>
         <run_address>0x831e</run_address>
         <size>0x0</size>
         <alignment>0x2</alignment>
      </object_component>
      <object_component id="oc-2c5">
         <name>.const:.string</name>
         <load_address>0x80004</load_address>
         <readonly>true</readonly>
         <run_address>0x80004</run_address>
         <size>0xa5</size>
         <alignment>0x2</alignment>
         <input_file_ref idref="fl-d"/>
      </object_component>
      <object_component id="oc-3f1">
         <name>.const:PIL_SLINK_crc16Lookup</name>
         <load_address>0x800a9</load_address>
         <readonly>true</readonly>
         <run_address>0x800a9</run_address>
         <size>0x10</size>
         <alignment>0x1</alignment>
         <input_file_ref idref="fl-40"/>
      </object_component>
      <object_component id="oc-2fd">
         <name>.const:PLECS_to_CCS_subTaskPeriod$0</name>
         <load_address>0x800ba</load_address>
         <readonly>true</readonly>
         <run_address>0x800ba</run_address>
         <size>0x2</size>
         <alignment>0x2</alignment>
         <input_file_ref idref="fl-2"/>
      </object_component>
      <object_component id="oc-127">
         <name>.bss:AdcHandles</name>
         <uninitialized>true</uninitialized>
         <readwrite>true</readwrite>
         <run_address>0x8314</run_address>
         <size>0x4</size>
         <alignment>0x2</alignment>
         <input_file_ref idref="fl-8"/>
      </object_component>
      <object_component id="oc-11e">
         <name>.bss:EpwmHandles</name>
         <uninitialized>true</uninitialized>
         <readwrite>true</readwrite>
         <run_address>0x8308</run_address>
         <size>0x6</size>
         <alignment>0x2</alignment>
         <input_file_ref idref="fl-8"/>
      </object_component>
      <object_component id="oc-158">
         <name>.bss:TaskObj</name>
         <uninitialized>true</uninitialized>
         <readwrite>true</readwrite>
         <run_address>0x82f4</run_address>
         <size>0xa</size>
         <alignment>0x2</alignment>
         <input_file_ref idref="fl-8"/>
      </object_component>
      <object_component id="oc-146">
         <name>.bss:EpwmObj</name>
         <uninitialized>true</uninitialized>
         <readwrite>true</readwrite>
         <run_address>0x82a8</run_address>
         <size>0x1e</size>
         <alignment>0x2</alignment>
         <input_file_ref idref="fl-8"/>
      </object_component>
      <object_component id="oc-14f">
         <name>.bss:AdcObj</name>
         <uninitialized>true</uninitialized>
         <readwrite>true</readwrite>
         <run_address>0x8218</run_address>
         <size>0x90</size>
         <alignment>0x2</alignment>
         <input_file_ref idref="fl-8"/>
      </object_component>
      <object_component id="oc-3af">
         <name>.bss:telemetry_buffer</name>
         <uninitialized>true</uninitialized>
         <readwrite>true</readwrite>
         <run_address>0x82e4</run_address>
         <size>0x10</size>
         <alignment>0x2</alignment>
         <input_file_ref idref="fl-9"/>
      </object_component>
      <object_component id="oc-124">
         <name>.bss</name>
         <uninitialized>true</uninitialized>
         <readwrite>true</readwrite>
         <run_address>0x831a</run_address>
         <size>0x2</size>
         <alignment>0x2</alignment>
         <input_file_ref idref="fl-a"/>
      </object_component>
      <object_component id="oc-2c2">
         <name>.bss</name>
         <uninitialized>true</uninitialized>
         <readwrite>true</readwrite>
         <run_address>0x8108</run_address>
         <size>0x36</size>
         <alignment>0x2</alignment>
         <input_file_ref idref="fl-d"/>
      </object_component>
      <object_component id="oc-33b">
         <name>.bss</name>
         <uninitialized>true</uninitialized>
         <readwrite>true</readwrite>
         <run_address>0x831c</run_address>
         <size>0x2</size>
         <alignment>0x1</alignment>
         <input_file_ref idref="fl-f"/>
      </object_component>
      <object_component id="oc-318">
         <name>.bss</name>
         <uninitialized>true</uninitialized>
         <readwrite>true</readwrite>
         <run_address>0x82c6</run_address>
         <size>0x1e</size>
         <alignment>0x2</alignment>
         <input_file_ref idref="fl-17"/>
      </object_component>
      <object_component id="oc-407">
         <name>.bss</name>
         <uninitialized>true</uninitialized>
         <readwrite>true</readwrite>
         <run_address>0x830e</run_address>
         <size>0x5</size>
         <alignment>0x1</alignment>
         <input_file_ref idref="fl-32"/>
      </object_component>
      <object_component id="oc-40b">
         <name>.bss:MEP_SF</name>
         <uninitialized>true</uninitialized>
         <readwrite>true</readwrite>
         <run_address>0x82fe</run_address>
         <size>0x9</size>
         <alignment>0x1</alignment>
         <input_file_ref idref="fl-32"/>
      </object_component>
      <object_component id="oc-2f7">
         <name>.bss:PLECS_to_CCS_subTaskHit$0</name>
         <uninitialized>true</uninitialized>
         <readwrite>true</readwrite>
         <run_address>0x8307</run_address>
         <size>0x1</size>
         <alignment>0x1</alignment>
         <input_file_ref idref="fl-2"/>
      </object_component>
      <object_component id="oc-2f1">
         <name>.bss:PLECS_to_CCS_subTaskTick$0</name>
         <uninitialized>true</uninitialized>
         <readwrite>true</readwrite>
         <run_address>0x8318</run_address>
         <size>0x2</size>
         <alignment>0x2</alignment>
         <input_file_ref idref="fl-2"/>
      </object_component>
      <object_component id="oc-109">
         <name>.bss</name>
         <uninitialized>true</uninitialized>
         <readwrite>true</readwrite>
         <run_address>0x8140</run_address>
         <size>0xd8</size>
         <alignment>0x2</alignment>
         <input_file_ref idref="fl-2"/>
      </object_component>
      <object_component id="oc-3e6">
         <name>.bss</name>
         <uninitialized>true</uninitialized>
         <readwrite>true</readwrite>
         <run_address>0x813e</run_address>
         <size>0x2</size>
         <alignment>0x2</alignment>
         <input_file_ref idref="fl-4"/>
      </object_component>
      <object_component id="oc-2f4">
         <name>.bss:PLECS_to_CCS_cScriptStruct$0</name>
         <uninitialized>true</uninitialized>
         <readwrite>true</readwrite>
         <run_address>0x8000</run_address>
         <size>0x108</size>
         <alignment>0x2</alignment>
         <input_file_ref idref="fl-2"/>
      </object_component>
      <object_component id="oc-10f">
         <name>.data</name>
         <load_address>0x9350</load_address>
         <readwrite>true</readwrite>
         <run_address>0x9350</run_address>
         <size>0x4</size>
         <alignment>0x2</alignment>
         <input_file_ref idref="fl-8"/>
      </object_component>
      <object_component id="oc-3ac">
         <name>.data</name>
         <load_address>0x9354</load_address>
         <readwrite>true</readwrite>
         <run_address>0x9354</run_address>
         <size>0x4</size>
         <alignment>0x2</alignment>
         <input_file_ref idref="fl-9"/>
      </object_component>
      <object_component id="oc-40e">
         <name>.data:ePWM</name>
         <load_address>0x925c</load_address>
         <readwrite>true</readwrite>
         <run_address>0x925c</run_address>
         <size>0x26</size>
         <alignment>0x2</alignment>
         <input_file_ref idref="fl-f"/>
      </object_component>
      <object_component id="oc-40a">
         <name>.data</name>
         <load_address>0x93b2</load_address>
         <readwrite>true</readwrite>
         <run_address>0x93b2</run_address>
         <size>0x1</size>
         <alignment>0x1</alignment>
         <input_file_ref idref="fl-32"/>
      </object_component>
      <object_component id="oc-2b6">
         <name>.data</name>
         <load_address>0x934a</load_address>
         <readwrite>true</readwrite>
         <run_address>0x934a</run_address>
         <size>0x6</size>
         <alignment>0x2</alignment>
         <input_file_ref idref="fl-5b"/>
      </object_component>
      <object_component id="oc-2e8">
         <name>.data</name>
         <load_address>0x9282</load_address>
         <readwrite>true</readwrite>
         <run_address>0x9282</run_address>
         <size>0x10</size>
         <alignment>0x2</alignment>
         <input_file_ref idref="fl-2"/>
      </object_component>
      <object_component id="oc-441">
         <name>.data:numOutputSignals$21$0</name>
         <load_address>0x93b4</load_address>
         <readwrite>true</readwrite>
         <run_address>0x93b4</run_address>
         <size>0x1</size>
         <alignment>0x1</alignment>
         <input_file_ref idref="fl-2"/>
      </object_component>
      <object_component id="oc-452">
         <name>.data:numInputSignals$52$0</name>
         <load_address>0x93b3</load_address>
         <readwrite>true</readwrite>
         <run_address>0x93b3</run_address>
         <size>0x1</size>
         <alignment>0x1</alignment>
         <input_file_ref idref="fl-2"/>
      </object_component>
      <object_component id="oc-3e3">
         <name>.data</name>
         <load_address>0x9338</load_address>
         <readwrite>true</readwrite>
         <run_address>0x9338</run_address>
         <size>0x6</size>
         <alignment>0x2</alignment>
         <input_file_ref idref="fl-4"/>
      </object_component>
      <object_component id="oc-2fa">
         <name>.data</name>
         <load_address>0x9300</load_address>
         <readwrite>true</readwrite>
         <run_address>0x9300</run_address>
         <size>0x8</size>
         <alignment>0x2</alignment>
         <input_file_ref idref="fl-5"/>
      </object_component>
      <object_component id="oc-2ee">
         <name>.data</name>
         <load_address>0x9292</load_address>
         <readwrite>true</readwrite>
         <run_address>0x9292</run_address>
         <size>0xc</size>
         <alignment>0x2</alignment>
         <input_file_ref idref="fl-3"/>
      </object_component>
      <object_component id="oc-440">
         <name>.data:sampleHits$8$0</name>
         <load_address>0x9398</load_address>
         <readwrite>true</readwrite>
         <run_address>0x9398</run_address>
         <size>0x2</size>
         <alignment>0x2</alignment>
         <input_file_ref idref="fl-2"/>
      </object_component>
      <object_component id="oc-43b">
         <name>.data:sampleTimePeriods$9$0</name>
         <load_address>0x93a8</load_address>
         <readwrite>true</readwrite>
         <run_address>0x93a8</run_address>
         <size>0x2</size>
         <alignment>0x2</alignment>
         <input_file_ref idref="fl-2"/>
      </object_component>
      <object_component id="oc-43d">
         <name>.data:sampleTimeOffsets$10$0</name>
         <load_address>0x939a</load_address>
         <readwrite>true</readwrite>
         <run_address>0x939a</run_address>
         <size>0x2</size>
         <alignment>0x2</alignment>
         <input_file_ref idref="fl-2"/>
      </object_component>
      <object_component id="oc-479">
         <name>.data:outputPtrs$22$0</name>
         <load_address>0x938e</load_address>
         <readwrite>true</readwrite>
         <run_address>0x938e</run_address>
         <size>0x2</size>
         <alignment>0x2</alignment>
         <input_file_ref idref="fl-2"/>
      </object_component>
      <object_component id="oc-443">
         <name>.data:outputs$23$0</name>
         <load_address>0x9390</load_address>
         <readwrite>true</readwrite>
         <run_address>0x9390</run_address>
         <size>0x2</size>
         <alignment>0x2</alignment>
         <input_file_ref idref="fl-2"/>
      </object_component>
      <object_component id="oc-448">
         <name>.data:sampleHits$25$0</name>
         <load_address>0x9392</load_address>
         <readwrite>true</readwrite>
         <run_address>0x9392</run_address>
         <size>0x2</size>
         <alignment>0x2</alignment>
         <input_file_ref idref="fl-2"/>
      </object_component>
      <object_component id="oc-444">
         <name>.data:sampleTimePeriods$26$0</name>
         <load_address>0x93a2</load_address>
         <readwrite>true</readwrite>
         <run_address>0x93a2</run_address>
         <size>0x2</size>
         <alignment>0x2</alignment>
         <input_file_ref idref="fl-2"/>
      </object_component>
      <object_component id="oc-445">
         <name>.data:sampleTimeOffsets$27$0</name>
         <load_address>0x939c</load_address>
         <readwrite>true</readwrite>
         <run_address>0x939c</run_address>
         <size>0x2</size>
         <alignment>0x2</alignment>
         <input_file_ref idref="fl-2"/>
      </object_component>
      <object_component id="oc-449">
         <name>.data:numInputSignals$35$0</name>
         <load_address>0x9388</load_address>
         <readwrite>true</readwrite>
         <run_address>0x9388</run_address>
         <size>0x2</size>
         <alignment>0x1</alignment>
         <input_file_ref idref="fl-2"/>
      </object_component>
      <object_component id="oc-44a">
         <name>.data:numOutputSignals$38$0</name>
         <load_address>0x938a</load_address>
         <readwrite>true</readwrite>
         <run_address>0x938a</run_address>
         <size>0x2</size>
         <alignment>0x1</alignment>
         <input_file_ref idref="fl-2"/>
      </object_component>
      <object_component id="oc-451">
         <name>.data:sampleHits$42$0</name>
         <load_address>0x9394</load_address>
         <readwrite>true</readwrite>
         <run_address>0x9394</run_address>
         <size>0x2</size>
         <alignment>0x2</alignment>
         <input_file_ref idref="fl-2"/>
      </object_component>
      <object_component id="oc-44d">
         <name>.data:sampleTimePeriods$43$0</name>
         <load_address>0x93a4</load_address>
         <readwrite>true</readwrite>
         <run_address>0x93a4</run_address>
         <size>0x2</size>
         <alignment>0x2</alignment>
         <input_file_ref idref="fl-2"/>
      </object_component>
      <object_component id="oc-44e">
         <name>.data:sampleTimeOffsets$44$0</name>
         <load_address>0x939e</load_address>
         <readwrite>true</readwrite>
         <run_address>0x939e</run_address>
         <size>0x2</size>
         <alignment>0x2</alignment>
         <input_file_ref idref="fl-2"/>
      </object_component>
      <object_component id="oc-480">
         <name>.data:inputPtrs$53$0</name>
         <load_address>0x9384</load_address>
         <readwrite>true</readwrite>
         <run_address>0x9384</run_address>
         <size>0x2</size>
         <alignment>0x2</alignment>
         <input_file_ref idref="fl-2"/>
      </object_component>
      <object_component id="oc-454">
         <name>.data:inputs$54$0</name>
         <load_address>0x9386</load_address>
         <readwrite>true</readwrite>
         <run_address>0x9386</run_address>
         <size>0x2</size>
         <alignment>0x2</alignment>
         <input_file_ref idref="fl-2"/>
      </object_component>
      <object_component id="oc-453">
         <name>.data:numOutputSignals$55$0</name>
         <load_address>0x938c</load_address>
         <readwrite>true</readwrite>
         <run_address>0x938c</run_address>
         <size>0x2</size>
         <alignment>0x1</alignment>
         <input_file_ref idref="fl-2"/>
      </object_component>
      <object_component id="oc-45a">
         <name>.data:sampleHits$59$0</name>
         <load_address>0x9396</load_address>
         <readwrite>true</readwrite>
         <run_address>0x9396</run_address>
         <size>0x2</size>
         <alignment>0x2</alignment>
         <input_file_ref idref="fl-2"/>
      </object_component>
      <object_component id="oc-456">
         <name>.data:sampleTimePeriods$60$0</name>
         <load_address>0x93a6</load_address>
         <readwrite>true</readwrite>
         <run_address>0x93a6</run_address>
         <size>0x2</size>
         <alignment>0x2</alignment>
         <input_file_ref idref="fl-2"/>
      </object_component>
      <object_component id="oc-457">
         <name>.data:sampleTimeOffsets$61$0</name>
         <load_address>0x93a0</load_address>
         <readwrite>true</readwrite>
         <run_address>0x93a0</run_address>
         <size>0x2</size>
         <alignment>0x2</alignment>
         <input_file_ref idref="fl-2"/>
      </object_component>
      <object_component id="oc-482">
         <name>.data:terminalSampleTimePeriods$62$0</name>
         <load_address>0x93b0</load_address>
         <readwrite>true</readwrite>
         <run_address>0x93b0</run_address>
         <size>0x2</size>
         <alignment>0x2</alignment>
         <input_file_ref idref="fl-2"/>
      </object_component>
      <object_component id="oc-483">
         <name>.data:terminalSampleTimeOffsets$63$0</name>
         <load_address>0x93ac</load_address>
         <readwrite>true</readwrite>
         <run_address>0x93ac</run_address>
         <size>0x2</size>
         <alignment>0x2</alignment>
         <input_file_ref idref="fl-2"/>
      </object_component>
      <object_component id="oc-458">
         <name>.data:terminalSampleTimePeriodPtrs$64$0</name>
         <load_address>0x93ae</load_address>
         <readwrite>true</readwrite>
         <run_address>0x93ae</run_address>
         <size>0x2</size>
         <alignment>0x2</alignment>
         <input_file_ref idref="fl-2"/>
      </object_component>
      <object_component id="oc-459">
         <name>.data:terminalSampleTimeOffsetPtrs$65$0</name>
         <load_address>0x93aa</load_address>
         <readwrite>true</readwrite>
         <run_address>0x93aa</run_address>
         <size>0x2</size>
         <alignment>0x2</alignment>
         <input_file_ref idref="fl-2"/>
      </object_component>
      <object_component id="oc-2b9">
         <name>.data:_lock</name>
         <load_address>0x92fe</load_address>
         <readwrite>true</readwrite>
         <run_address>0x92fe</run_address>
         <size>0x2</size>
         <alignment>0x2</alignment>
         <input_file_ref idref="fl-5c"/>
      </object_component>
      <object_component id="oc-43c">
         <name>.data:numInputSignals$18$0</name>
         <load_address>0x9360</load_address>
         <readwrite>true</readwrite>
         <run_address>0x9360</run_address>
         <size>0x4</size>
         <alignment>0x1</alignment>
         <input_file_ref idref="fl-2"/>
      </object_component>
      <object_component id="oc-47c">
         <name>.data:inputPtrs$36$0</name>
         <load_address>0x9358</load_address>
         <readwrite>true</readwrite>
         <run_address>0x9358</run_address>
         <size>0x4</size>
         <alignment>0x2</alignment>
         <input_file_ref idref="fl-2"/>
      </object_component>
      <object_component id="oc-44b">
         <name>.data:inputs$37$0</name>
         <load_address>0x935c</load_address>
         <readwrite>true</readwrite>
         <run_address>0x935c</run_address>
         <size>0x4</size>
         <alignment>0x2</alignment>
         <input_file_ref idref="fl-2"/>
      </object_component>
      <object_component id="oc-47d">
         <name>.data:outputPtrs$39$0</name>
         <load_address>0x9364</load_address>
         <readwrite>true</readwrite>
         <run_address>0x9364</run_address>
         <size>0x4</size>
         <alignment>0x2</alignment>
         <input_file_ref idref="fl-2"/>
      </object_component>
      <object_component id="oc-44c">
         <name>.data:outputs$40$0</name>
         <load_address>0x936c</load_address>
         <readwrite>true</readwrite>
         <run_address>0x936c</run_address>
         <size>0x4</size>
         <alignment>0x2</alignment>
         <input_file_ref idref="fl-2"/>
      </object_component>
      <object_component id="oc-47e">
         <name>.data:terminalSampleTimePeriods$45$0</name>
         <load_address>0x9380</load_address>
         <readwrite>true</readwrite>
         <run_address>0x9380</run_address>
         <size>0x4</size>
         <alignment>0x2</alignment>
         <input_file_ref idref="fl-2"/>
      </object_component>
      <object_component id="oc-47f">
         <name>.data:terminalSampleTimeOffsets$46$0</name>
         <load_address>0x9378</load_address>
         <readwrite>true</readwrite>
         <run_address>0x9378</run_address>
         <size>0x4</size>
         <alignment>0x2</alignment>
         <input_file_ref idref="fl-2"/>
      </object_component>
      <object_component id="oc-44f">
         <name>.data:terminalSampleTimePeriodPtrs$47$0</name>
         <load_address>0x937c</load_address>
         <readwrite>true</readwrite>
         <run_address>0x937c</run_address>
         <size>0x4</size>
         <alignment>0x2</alignment>
         <input_file_ref idref="fl-2"/>
      </object_component>
      <object_component id="oc-450">
         <name>.data:terminalSampleTimeOffsetPtrs$48$0</name>
         <load_address>0x9374</load_address>
         <readwrite>true</readwrite>
         <run_address>0x9374</run_address>
         <size>0x4</size>
         <alignment>0x2</alignment>
         <input_file_ref idref="fl-2"/>
      </object_component>
      <object_component id="oc-481">
         <name>.data:outputPtrs$56$0</name>
         <load_address>0x9368</load_address>
         <readwrite>true</readwrite>
         <run_address>0x9368</run_address>
         <size>0x4</size>
         <alignment>0x2</alignment>
         <input_file_ref idref="fl-2"/>
      </object_component>
      <object_component id="oc-455">
         <name>.data:outputs$57$0</name>
         <load_address>0x9370</load_address>
         <readwrite>true</readwrite>
         <run_address>0x9370</run_address>
         <size>0x4</size>
         <alignment>0x2</alignment>
         <input_file_ref idref="fl-2"/>
      </object_component>
      <object_component id="oc-437">
         <name>.data:numInputSignals$1$0</name>
         <load_address>0x933e</load_address>
         <readwrite>true</readwrite>
         <run_address>0x933e</run_address>
         <size>0x6</size>
         <alignment>0x1</alignment>
         <input_file_ref idref="fl-2"/>
      </object_component>
      <object_component id="oc-439">
         <name>.data:numOutputSignals$4$0</name>
         <load_address>0x9344</load_address>
         <readwrite>true</readwrite>
         <run_address>0x9344</run_address>
         <size>0x6</size>
         <alignment>0x1</alignment>
         <input_file_ref idref="fl-2"/>
      </object_component>
      <object_component id="oc-478">
         <name>.data:inputPtrs$19$0</name>
         <load_address>0x9308</load_address>
         <readwrite>true</readwrite>
         <run_address>0x9308</run_address>
         <size>0x8</size>
         <alignment>0x2</alignment>
         <input_file_ref idref="fl-2"/>
      </object_component>
      <object_component id="oc-442">
         <name>.data:inputs$20$0</name>
         <load_address>0x9310</load_address>
         <readwrite>true</readwrite>
         <run_address>0x9310</run_address>
         <size>0x8</size>
         <alignment>0x2</alignment>
         <input_file_ref idref="fl-2"/>
      </object_component>
      <object_component id="oc-47a">
         <name>.data:terminalSampleTimePeriods$28$0</name>
         <load_address>0x9330</load_address>
         <readwrite>true</readwrite>
         <run_address>0x9330</run_address>
         <size>0x8</size>
         <alignment>0x2</alignment>
         <input_file_ref idref="fl-2"/>
      </object_component>
      <object_component id="oc-47b">
         <name>.data:terminalSampleTimeOffsets$29$0</name>
         <load_address>0x9320</load_address>
         <readwrite>true</readwrite>
         <run_address>0x9320</run_address>
         <size>0x8</size>
         <alignment>0x2</alignment>
         <input_file_ref idref="fl-2"/>
      </object_component>
      <object_component id="oc-446">
         <name>.data:terminalSampleTimePeriodPtrs$30$0</name>
         <load_address>0x9328</load_address>
         <readwrite>true</readwrite>
         <run_address>0x9328</run_address>
         <size>0x8</size>
         <alignment>0x2</alignment>
         <input_file_ref idref="fl-2"/>
      </object_component>
      <object_component id="oc-447">
         <name>.data:terminalSampleTimeOffsetPtrs$31$0</name>
         <load_address>0x9318</load_address>
         <readwrite>true</readwrite>
         <run_address>0x9318</run_address>
         <size>0x8</size>
         <alignment>0x2</alignment>
         <input_file_ref idref="fl-2"/>
      </object_component>
      <object_component id="oc-474">
         <name>.data:inputPtrs$2$0</name>
         <load_address>0x929e</load_address>
         <readwrite>true</readwrite>
         <run_address>0x929e</run_address>
         <size>0xc</size>
         <alignment>0x2</alignment>
         <input_file_ref idref="fl-2"/>
      </object_component>
      <object_component id="oc-438">
         <name>.data:inputs$3$0</name>
         <load_address>0x92aa</load_address>
         <readwrite>true</readwrite>
         <run_address>0x92aa</run_address>
         <size>0xc</size>
         <alignment>0x2</alignment>
         <input_file_ref idref="fl-2"/>
      </object_component>
      <object_component id="oc-475">
         <name>.data:outputPtrs$5$0</name>
         <load_address>0x92b6</load_address>
         <readwrite>true</readwrite>
         <run_address>0x92b6</run_address>
         <size>0xc</size>
         <alignment>0x2</alignment>
         <input_file_ref idref="fl-2"/>
      </object_component>
      <object_component id="oc-43a">
         <name>.data:outputs$6$0</name>
         <load_address>0x92c2</load_address>
         <readwrite>true</readwrite>
         <run_address>0x92c2</run_address>
         <size>0xc</size>
         <alignment>0x2</alignment>
         <input_file_ref idref="fl-2"/>
      </object_component>
      <object_component id="oc-476">
         <name>.data:terminalSampleTimePeriods$11$0</name>
         <load_address>0x92f2</load_address>
         <readwrite>true</readwrite>
         <run_address>0x92f2</run_address>
         <size>0xc</size>
         <alignment>0x2</alignment>
         <input_file_ref idref="fl-2"/>
      </object_component>
      <object_component id="oc-477">
         <name>.data:terminalSampleTimeOffsets$12$0</name>
         <load_address>0x92da</load_address>
         <readwrite>true</readwrite>
         <run_address>0x92da</run_address>
         <size>0xc</size>
         <alignment>0x2</alignment>
         <input_file_ref idref="fl-2"/>
      </object_component>
      <object_component id="oc-43e">
         <name>.data:terminalSampleTimePeriodPtrs$13$0</name>
         <load_address>0x92e6</load_address>
         <readwrite>true</readwrite>
         <run_address>0x92e6</run_address>
         <size>0xc</size>
         <alignment>0x2</alignment>
         <input_file_ref idref="fl-2"/>
      </object_component>
      <object_component id="oc-43f">
         <name>.data:terminalSampleTimeOffsetPtrs$14$0</name>
         <load_address>0x92ce</load_address>
         <readwrite>true</readwrite>
         <run_address>0x92ce</run_address>
         <size>0xc</size>
         <alignment>0x2</alignment>
         <input_file_ref idref="fl-2"/>
      </object_component>
      <object_component id="oc-12d">
         <name>ramfuncs</name>
         <load_address>0x800bc</load_address>
         <readonly>true</readonly>
         <executable>true</executable>
         <run_address>0x8920</run_address>
         <size>0x4f4</size>
         <alignment>0x1</alignment>
         <input_file_ref idref="fl-2"/>
      </object_component>
      <object_component id="oc-306">
         <name>ramfuncs</name>
         <load_address>0x805b0</load_address>
         <readonly>true</readonly>
         <executable>true</executable>
         <run_address>0x8e14</run_address>
         <size>0x2f9</size>
         <alignment>0x1</alignment>
         <input_file_ref idref="fl-8"/>
      </object_component>
      <object_component id="oc-300">
         <name>ramfuncs</name>
         <load_address>0x808a9</load_address>
         <readonly>true</readonly>
         <executable>true</executable>
         <run_address>0x910d</run_address>
         <size>0x7a</size>
         <alignment>0x1</alignment>
         <input_file_ref idref="fl-4"/>
      </object_component>
      <object_component id="oc-174">
         <name>.TI.ramfunc</name>
         <load_address>0x80923</load_address>
         <readonly>true</readonly>
         <executable>true</executable>
         <run_address>0x9187</run_address>
         <size>0xd1</size>
         <alignment>0x1</alignment>
         <input_file_ref idref="fl-34"/>
      </object_component>
      <object_component id="oc-389">
         <name>.TI.ramfunc</name>
         <load_address>0x809f4</load_address>
         <readonly>true</readonly>
         <executable>true</executable>
         <run_address>0x9258</run_address>
         <size>0x4</size>
         <alignment>0x1</alignment>
         <input_file_ref idref="fl-37"/>
      </object_component>
      <object_component id="oc-12a">
         <name>PieVectTableFile</name>
         <uninitialized>true</uninitialized>
         <readwrite>true</readwrite>
         <run_address>0xd00</run_address>
         <size>0x1c0</size>
         <alignment>0x2</alignment>
         <input_file_ref idref="fl-1f"/>
      </object_component>
      <object_component id="oc-330">
         <name>AdcaRegsFile</name>
         <uninitialized>true</uninitialized>
         <readwrite>true</readwrite>
         <run_address>0x7400</run_address>
         <size>0x76</size>
         <alignment>0x2</alignment>
         <input_file_ref idref="fl-1f"/>
      </object_component>
      <object_component id="oc-32d">
         <name>AdcbRegsFile</name>
         <uninitialized>true</uninitialized>
         <readwrite>true</readwrite>
         <run_address>0x7480</run_address>
         <size>0x76</size>
         <alignment>0x2</alignment>
         <input_file_ref idref="fl-1f"/>
      </object_component>
      <object_component id="oc-fd">
         <name>AdccRegsFile</name>
         <uninitialized>true</uninitialized>
         <readwrite>true</readwrite>
         <run_address>0x7500</run_address>
         <size>0x76</size>
         <alignment>0x2</alignment>
         <input_file_ref idref="fl-1f"/>
      </object_component>
      <object_component id="oc-35c">
         <name>AdcaResultRegsFile</name>
         <uninitialized>true</uninitialized>
         <readwrite>true</readwrite>
         <run_address>0xb00</run_address>
         <size>0x18</size>
         <alignment>0x2</alignment>
         <input_file_ref idref="fl-1f"/>
      </object_component>
      <object_component id="oc-2e5">
         <name>AdcbResultRegsFile</name>
         <uninitialized>true</uninitialized>
         <readwrite>true</readwrite>
         <run_address>0xb20</run_address>
         <size>0x18</size>
         <alignment>0x2</alignment>
         <input_file_ref idref="fl-1f"/>
      </object_component>
      <object_component id="oc-2eb">
         <name>AdccResultRegsFile</name>
         <uninitialized>true</uninitialized>
         <readwrite>true</readwrite>
         <run_address>0xb40</run_address>
         <size>0x18</size>
         <alignment>0x2</alignment>
         <input_file_ref idref="fl-1f"/>
      </object_component>
      <object_component id="oc-32a">
         <name>AnalogSubsysRegsFile</name>
         <uninitialized>true</uninitialized>
         <readwrite>true</readwrite>
         <run_address>0x5d700</run_address>
         <size>0x90</size>
         <alignment>0x2</alignment>
         <input_file_ref idref="fl-1f"/>
      </object_component>
      <object_component id="oc-171">
         <name>ClkCfgRegsFile</name>
         <uninitialized>true</uninitialized>
         <readwrite>true</readwrite>
         <run_address>0x5d200</run_address>
         <size>0x34</size>
         <alignment>0x2</alignment>
         <input_file_ref idref="fl-1f"/>
      </object_component>
      <object_component id="oc-115">
         <name>CpuTimer0RegsFile</name>
         <uninitialized>true</uninitialized>
         <readwrite>true</readwrite>
         <run_address>0xc00</run_address>
         <size>0x8</size>
         <alignment>0x2</alignment>
         <input_file_ref idref="fl-1f"/>
      </object_component>
      <object_component id="oc-118">
         <name>CpuTimer1RegsFile</name>
         <uninitialized>true</uninitialized>
         <readwrite>true</readwrite>
         <run_address>0xc08</run_address>
         <size>0x8</size>
         <alignment>0x2</alignment>
         <input_file_ref idref="fl-1f"/>
      </object_component>
      <object_component id="oc-11b">
         <name>CpuTimer2RegsFile</name>
         <uninitialized>true</uninitialized>
         <readwrite>true</readwrite>
         <run_address>0xc10</run_address>
         <size>0x8</size>
         <alignment>0x2</alignment>
         <input_file_ref idref="fl-1f"/>
      </object_component>
      <object_component id="oc-112">
         <name>CpuSysRegsFile</name>
         <uninitialized>true</uninitialized>
         <readwrite>true</readwrite>
         <run_address>0x5d300</run_address>
         <size>0x82</size>
         <alignment>0x2</alignment>
         <input_file_ref idref="fl-1f"/>
      </object_component>
      <object_component id="oc-121">
         <name>EPwm1RegsFile</name>
         <uninitialized>true</uninitialized>
         <readwrite>true</readwrite>
         <run_address>0x4000</run_address>
         <size>0x100</size>
         <alignment>0x2</alignment>
         <input_file_ref idref="fl-1f"/>
      </object_component>
      <object_component id="oc-350">
         <name>EPwm2RegsFile</name>
         <uninitialized>true</uninitialized>
         <readwrite>true</readwrite>
         <run_address>0x4100</run_address>
         <size>0x100</size>
         <alignment>0x2</alignment>
         <input_file_ref idref="fl-1f"/>
      </object_component>
      <object_component id="oc-34d">
         <name>EPwm3RegsFile</name>
         <uninitialized>true</uninitialized>
         <readwrite>true</readwrite>
         <run_address>0x4200</run_address>
         <size>0x100</size>
         <alignment>0x2</alignment>
         <input_file_ref idref="fl-1f"/>
      </object_component>
      <object_component id="oc-34a">
         <name>EPwm4RegsFile</name>
         <uninitialized>true</uninitialized>
         <readwrite>true</readwrite>
         <run_address>0x4300</run_address>
         <size>0x100</size>
         <alignment>0x2</alignment>
         <input_file_ref idref="fl-1f"/>
      </object_component>
      <object_component id="oc-347">
         <name>EPwm5RegsFile</name>
         <uninitialized>true</uninitialized>
         <readwrite>true</readwrite>
         <run_address>0x4400</run_address>
         <size>0x100</size>
         <alignment>0x2</alignment>
         <input_file_ref idref="fl-1f"/>
      </object_component>
      <object_component id="oc-344">
         <name>EPwm6RegsFile</name>
         <uninitialized>true</uninitialized>
         <readwrite>true</readwrite>
         <run_address>0x4500</run_address>
         <size>0x100</size>
         <alignment>0x2</alignment>
         <input_file_ref idref="fl-1f"/>
      </object_component>
      <object_component id="oc-341">
         <name>EPwm7RegsFile</name>
         <uninitialized>true</uninitialized>
         <readwrite>true</readwrite>
         <run_address>0x4600</run_address>
         <size>0x100</size>
         <alignment>0x2</alignment>
         <input_file_ref idref="fl-1f"/>
      </object_component>
      <object_component id="oc-33e">
         <name>EPwm8RegsFile</name>
         <uninitialized>true</uninitialized>
         <readwrite>true</readwrite>
         <run_address>0x4700</run_address>
         <size>0x100</size>
         <alignment>0x2</alignment>
         <input_file_ref idref="fl-1f"/>
      </object_component>
      <object_component id="oc-315">
         <name>GpioCtrlRegsFile</name>
         <uninitialized>true</uninitialized>
         <readwrite>true</readwrite>
         <run_address>0x7c00</run_address>
         <size>0x200</size>
         <alignment>0x2</alignment>
         <input_file_ref idref="fl-1f"/>
      </object_component>
      <object_component id="oc-31b">
         <name>GpioDataRegsFile</name>
         <uninitialized>true</uninitialized>
         <readwrite>true</readwrite>
         <run_address>0x7f00</run_address>
         <size>0x3a</size>
         <alignment>0x2</alignment>
         <input_file_ref idref="fl-1f"/>
      </object_component>
      <object_component id="oc-3b2">
         <name>I2caRegsFile</name>
         <uninitialized>true</uninitialized>
         <readwrite>true</readwrite>
         <run_address>0x7300</run_address>
         <size>0x22</size>
         <alignment>0x1</alignment>
         <input_file_ref idref="fl-1f"/>
      </object_component>
      <object_component id="oc-100">
         <name>PieCtrlRegsFile</name>
         <uninitialized>true</uninitialized>
         <readwrite>true</readwrite>
         <run_address>0xce0</run_address>
         <size>0x1a</size>
         <alignment>0x1</alignment>
         <input_file_ref idref="fl-1f"/>
      </object_component>
      <object_component id="oc-167">
         <name>.debug_info</name>
         <load_address>0x0</load_address>
         <run_address>0x0</run_address>
         <size>0xebb</size>
         <alignment>0x0</alignment>
         <input_file_ref idref="fl-8"/>
      </object_component>
      <object_component id="oc-110">
         <name>.debug_info</name>
         <load_address>0xebb</load_address>
         <run_address>0xebb</run_address>
         <size>0x110</size>
         <alignment>0x0</alignment>
         <input_file_ref idref="fl-8"/>
      </object_component>
      <object_component id="oc-128">
         <name>.debug_info</name>
         <load_address>0xfcb</load_address>
         <run_address>0xfcb</run_address>
         <size>0xe6</size>
         <alignment>0x0</alignment>
         <input_file_ref idref="fl-8"/>
      </object_component>
      <object_component id="oc-11f">
         <name>.debug_info</name>
         <load_address>0x10b1</load_address>
         <run_address>0x10b1</run_address>
         <size>0xe8</size>
         <alignment>0x0</alignment>
         <input_file_ref idref="fl-8"/>
      </object_component>
      <object_component id="oc-159">
         <name>.debug_info</name>
         <load_address>0x1199</load_address>
         <run_address>0x1199</run_address>
         <size>0xe0</size>
         <alignment>0x0</alignment>
         <input_file_ref idref="fl-8"/>
      </object_component>
      <object_component id="oc-147">
         <name>.debug_info</name>
         <load_address>0x1279</load_address>
         <run_address>0x1279</run_address>
         <size>0xe0</size>
         <alignment>0x0</alignment>
         <input_file_ref idref="fl-8"/>
      </object_component>
      <object_component id="oc-150">
         <name>.debug_info</name>
         <load_address>0x1359</load_address>
         <run_address>0x1359</run_address>
         <size>0xde</size>
         <alignment>0x0</alignment>
         <input_file_ref idref="fl-8"/>
      </object_component>
      <object_component id="oc-a9">
         <name>.debug_info</name>
         <load_address>0x1437</load_address>
         <run_address>0x1437</run_address>
         <size>0x125c</size>
         <alignment>0x0</alignment>
         <input_file_ref idref="fl-8"/>
      </object_component>
      <object_component id="oc-308">
         <name>.debug_info</name>
         <load_address>0x2693</load_address>
         <run_address>0x2693</run_address>
         <size>0xa01</size>
         <alignment>0x0</alignment>
         <input_file_ref idref="fl-8"/>
      </object_component>
      <object_component id="oc-ae">
         <name>.debug_info</name>
         <load_address>0x3094</load_address>
         <run_address>0x3094</run_address>
         <size>0x166</size>
         <alignment>0x0</alignment>
         <input_file_ref idref="fl-8"/>
      </object_component>
      <object_component id="oc-325">
         <name>.debug_info</name>
         <load_address>0x31fa</load_address>
         <run_address>0x31fa</run_address>
         <size>0x110</size>
         <alignment>0x0</alignment>
         <input_file_ref idref="fl-8"/>
      </object_component>
      <object_component id="oc-31f">
         <name>.debug_info</name>
         <load_address>0x330a</load_address>
         <run_address>0x330a</run_address>
         <size>0x197</size>
         <alignment>0x0</alignment>
         <input_file_ref idref="fl-8"/>
      </object_component>
      <object_component id="oc-381">
         <name>.debug_info</name>
         <load_address>0x34a1</load_address>
         <run_address>0x34a1</run_address>
         <size>0x332</size>
         <alignment>0x0</alignment>
         <input_file_ref idref="fl-8"/>
      </object_component>
      <object_component id="oc-361">
         <name>.debug_info</name>
         <load_address>0x37d3</load_address>
         <run_address>0x37d3</run_address>
         <size>0x195</size>
         <alignment>0x0</alignment>
         <input_file_ref idref="fl-8"/>
      </object_component>
      <object_component id="oc-366">
         <name>.debug_info</name>
         <load_address>0x3968</load_address>
         <run_address>0x3968</run_address>
         <size>0x5e</size>
         <alignment>0x0</alignment>
         <input_file_ref idref="fl-8"/>
      </object_component>
      <object_component id="oc-162">
         <name>.debug_info</name>
         <load_address>0x39c6</load_address>
         <run_address>0x39c6</run_address>
         <size>0x312</size>
         <alignment>0x0</alignment>
         <input_file_ref idref="fl-8"/>
      </object_component>
      <object_component id="oc-354">
         <name>.debug_info</name>
         <load_address>0x3cd8</load_address>
         <run_address>0x3cd8</run_address>
         <size>0x94</size>
         <alignment>0x0</alignment>
         <input_file_ref idref="fl-8"/>
      </object_component>
      <object_component id="oc-373">
         <name>.debug_info</name>
         <load_address>0x3d6c</load_address>
         <run_address>0x3d6c</run_address>
         <size>0x53</size>
         <alignment>0x0</alignment>
         <input_file_ref idref="fl-8"/>
      </object_component>
      <object_component id="oc-37a">
         <name>.debug_info</name>
         <load_address>0x3dbf</load_address>
         <run_address>0x3dbf</run_address>
         <size>0x268</size>
         <alignment>0x0</alignment>
         <input_file_ref idref="fl-8"/>
      </object_component>
      <object_component id="oc-15d">
         <name>.debug_info</name>
         <load_address>0x4027</load_address>
         <run_address>0x4027</run_address>
         <size>0xa1</size>
         <alignment>0x0</alignment>
         <input_file_ref idref="fl-8"/>
      </object_component>
      <object_component id="oc-434">
         <name>.debug_info</name>
         <load_address>0x40c8</load_address>
         <run_address>0x40c8</run_address>
         <size>0x8cc</size>
         <alignment>0x0</alignment>
         <input_file_ref idref="fl-9"/>
      </object_component>
      <object_component id="oc-3ad">
         <name>.debug_info</name>
         <load_address>0x4994</load_address>
         <run_address>0x4994</run_address>
         <size>0xeb</size>
         <alignment>0x0</alignment>
         <input_file_ref idref="fl-9"/>
      </object_component>
      <object_component id="oc-3b0">
         <name>.debug_info</name>
         <load_address>0x4a7f</load_address>
         <run_address>0x4a7f</run_address>
         <size>0xf3</size>
         <alignment>0x0</alignment>
         <input_file_ref idref="fl-9"/>
      </object_component>
      <object_component id="oc-2b1">
         <name>.debug_info</name>
         <load_address>0x4b72</load_address>
         <run_address>0x4b72</run_address>
         <size>0x43f</size>
         <alignment>0x0</alignment>
         <input_file_ref idref="fl-9"/>
      </object_component>
      <object_component id="oc-46f">
         <name>.debug_info</name>
         <load_address>0x4fb1</load_address>
         <run_address>0x4fb1</run_address>
         <size>0x5e</size>
         <alignment>0x0</alignment>
         <input_file_ref idref="fl-9"/>
      </object_component>
      <object_component id="oc-360">
         <name>.debug_info</name>
         <load_address>0x500f</load_address>
         <run_address>0x500f</run_address>
         <size>0x7b0</size>
         <alignment>0x0</alignment>
         <input_file_ref idref="fl-a"/>
      </object_component>
      <object_component id="oc-125">
         <name>.debug_info</name>
         <load_address>0x57bf</load_address>
         <run_address>0x57bf</run_address>
         <size>0xf0</size>
         <alignment>0x0</alignment>
         <input_file_ref idref="fl-a"/>
      </object_component>
      <object_component id="oc-14a">
         <name>.debug_info</name>
         <load_address>0x58af</load_address>
         <run_address>0x58af</run_address>
         <size>0x58b</size>
         <alignment>0x0</alignment>
         <input_file_ref idref="fl-a"/>
      </object_component>
      <object_component id="oc-2c7">
         <name>.debug_info</name>
         <load_address>0x5e3a</load_address>
         <run_address>0x5e3a</run_address>
         <size>0x827</size>
         <alignment>0x0</alignment>
         <input_file_ref idref="fl-d"/>
      </object_component>
      <object_component id="oc-2c3">
         <name>.debug_info</name>
         <load_address>0x6661</load_address>
         <run_address>0x6661</run_address>
         <size>0x108</size>
         <alignment>0x0</alignment>
         <input_file_ref idref="fl-d"/>
      </object_component>
      <object_component id="oc-153">
         <name>.debug_info</name>
         <load_address>0x6769</load_address>
         <run_address>0x6769</run_address>
         <size>0x95b</size>
         <alignment>0x0</alignment>
         <input_file_ref idref="fl-d"/>
[...]
         <value>0x81fe2</value>
         <object_component_ref idref="oc-b7"/>
      </symbol>
      <symbol id="sm-6df">
         <name>TIMER0_ISR</name>
         <value>0x81e0c</value>
         <object_component_ref idref="oc-b7"/>
      </symbol>
      <symbol id="sm-6e0">
         <name>USER3_ISR</name>
         <value>0x81dbc</value>
         <object_component_ref idref="oc-b7"/>
      </symbol>
      <symbol id="sm-6e1">
         <name>SD1DR4_ISR</name>
         <value>0x81e52</value>
         <object_component_ref idref="oc-b7"/>
      </symbol>
      <symbol id="sm-705">
         <name>InitFlashHz</name>
         <value>0x84241</value>
         <object_component_ref idref="oc-c1"/>
      </symbol>
      <symbol id="sm-706">
         <name>MemCopy</name>
         <value>0x84231</value>
         <object_component_ref idref="oc-c1"/>
      </symbol>
      <symbol id="sm-707">
         <name>DevInit</name>
         <value>0x842bb</value>
         <object_component_ref idref="oc-c1"/>
      </symbol>
      <symbol id="sm-708">
         <name>ISR_ILLEGAL</name>
         <value>0x84536</value>
         <object_component_ref idref="oc-bd"/>
      </symbol>
      <symbol id="sm-737">
         <name>MEP_SF</name>
         <value>0x82fe</value>
         <object_component_ref idref="oc-40b"/>
      </symbol>
      <symbol id="sm-738">
         <name>SFO_CAL</name>
         <value>0x830e</value>
         <object_component_ref idref="oc-407"/>
      </symbol>
      <symbol id="sm-739">
         <name>SFO</name>
         <value>0x83944</value>
         <object_component_ref idref="oc-335"/>
      </symbol>
      <symbol id="sm-745">
         <name>Flash_initModule</name>
         <value>0x920f</value>
         <object_component_ref idref="oc-174"/>
      </symbol>
      <symbol id="sm-746">
         <name>Flash_wakeFromLPM</name>
         <value>0x9247</value>
         <object_component_ref idref="oc-174"/>
      </symbol>
      <symbol id="sm-747">
         <name>Flash_powerDown</name>
         <value>0x9237</value>
         <object_component_ref idref="oc-174"/>
      </symbol>
      <symbol id="sm-762">
         <name>GPIO_setQualificationMode</name>
         <value>0x83c26</value>
         <object_component_ref idref="oc-15b"/>
      </symbol>
      <symbol id="sm-763">
         <name>GPIO_getPadConfig</name>
         <value>0x83bf2</value>
         <object_component_ref idref="oc-15b"/>
      </symbol>
      <symbol id="sm-764">
         <name>GPIO_setPadConfig</name>
         <value>0x83baa</value>
         <object_component_ref idref="oc-15b"/>
      </symbol>
      <symbol id="sm-765">
         <name>GPIO_setInterruptPin</name>
         <value>0x83b7f</value>
         <object_component_ref idref="oc-15b"/>
      </symbol>
      <symbol id="sm-766">
         <name>GPIO_setAnalogMode</name>
         <value>0x83cc1</value>
         <object_component_ref idref="oc-15b"/>
      </symbol>
      <symbol id="sm-767">
         <name>GPIO_setDirectionMode</name>
         <value>0x83b42</value>
         <object_component_ref idref="oc-15b"/>
      </symbol>
      <symbol id="sm-768">
         <name>GPIO_setQualificationPeriod</name>
         <value>0x83c73</value>
         <object_component_ref idref="oc-15b"/>
      </symbol>
      <symbol id="sm-769">
         <name>GPIO_getQualificationMode</name>
         <value>0x83c52</value>
         <object_component_ref idref="oc-15b"/>
      </symbol>
      <symbol id="sm-76a">
         <name>GPIO_setPinConfig</name>
         <value>0x83ce9</value>
         <object_component_ref idref="oc-15b"/>
      </symbol>
      <symbol id="sm-76b">
         <name>GPIO_setMasterCore</name>
         <value>0x83c95</value>
         <object_component_ref idref="oc-15b"/>
      </symbol>
      <symbol id="sm-76c">
         <name>GPIO_getDirectionMode</name>
         <value>0x83b69</value>
         <object_component_ref idref="oc-15b"/>
      </symbol>
      <symbol id="sm-7c1">
         <name>SysCtl_isPLLValid</name>
         <value>0x82981</value>
         <object_component_ref idref="oc-175"/>
      </symbol>
      <symbol id="sm-7c2">
         <name>SysCtl_delay</name>
         <value>0x9258</value>
         <object_component_ref idref="oc-389"/>
      </symbol>
      <symbol id="sm-7c3">
         <name>SysCtl_selectXTALSingleEnded</name>
         <value>0x828c0</value>
         <object_component_ref idref="oc-175"/>
      </symbol>
      <symbol id="sm-7c4">
         <name>SysCtl_getDeviceParametric</name>
         <value>0x82926</value>
         <object_component_ref idref="oc-175"/>
      </symbol>
      <symbol id="sm-7c5">
         <name>SysCtl_selectXTAL</name>
         <value>0x8289c</value>
         <object_component_ref idref="oc-175"/>
      </symbol>
      <symbol id="sm-7c6">
         <name>SysCtl_selectOscSource</name>
         <value>0x828da</value>
         <object_component_ref idref="oc-175"/>
      </symbol>
      <symbol id="sm-7c7">
         <name>SysCtl_getLowSpeedClock</name>
         <value>0x8290c</value>
         <object_component_ref idref="oc-175"/>
      </symbol>
      <symbol id="sm-7c8">
         <name>SysCtl_setClock</name>
         <value>0x827e0</value>
         <object_component_ref idref="oc-175"/>
      </symbol>
      <symbol id="sm-7c9">
         <name>SysCtl_getClock</name>
         <value>0x82782</value>
         <object_component_ref idref="oc-175"/>
      </symbol>
      <symbol id="sm-7f4">
         <name>PIL_RA_serialIn</name>
         <value>0x821f7</value>
         <object_component_ref idref="oc-133"/>
      </symbol>
      <symbol id="sm-7f5">
         <name>PIL_backgroundCall</name>
         <value>0x824e9</value>
         <object_component_ref idref="oc-133"/>
      </symbol>
      <symbol id="sm-7f6">
         <name>PIL_configureDualCoreLink</name>
         <value>0x822e7</value>
         <object_component_ref idref="oc-133"/>
      </symbol>
      <symbol id="sm-7f7">
         <name>PIL_setAndConfigScopeBuffer</name>
         <value>0x82386</value>
         <object_component_ref idref="oc-133"/>
      </symbol>
      <symbol id="sm-7f8">
         <name>PIL_setBackgroundCommCallback</name>
         <value>0x82378</value>
         <object_component_ref idref="oc-133"/>
      </symbol>
      <symbol id="sm-7f9">
         <name>PIL_setNodeAddress</name>
         <value>0x8235b</value>
         <object_component_ref idref="oc-133"/>
      </symbol>
      <symbol id="sm-7fa">
         <name>PIL_requestNormalMode</name>
         <value>0x823fa</value>
         <object_component_ref idref="oc-133"/>
      </symbol>
      <symbol id="sm-7fb">
         <name>PIL_allowPilSimulation</name>
         <value>0x823aa</value>
         <object_component_ref idref="oc-133"/>
      </symbol>
      <symbol id="sm-7fc">
         <name>PIL_requestReadyMode</name>
         <value>0x82411</value>
         <object_component_ref idref="oc-133"/>
      </symbol>
      <symbol id="sm-7fd">
         <name>PIL_SCOPE_trigger</name>
         <value>0x82221</value>
         <object_component_ref idref="oc-133"/>
      </symbol>
      <symbol id="sm-7fe">
         <name>PIL_setErrorMessage</name>
         <value>0x8222e</value>
         <object_component_ref idref="oc-133"/>
      </symbol>
      <symbol id="sm-7ff">
         <name>PIL_RA_serialOut</name>
         <value>0x82206</value>
         <object_component_ref idref="oc-133"/>
      </symbol>
      <symbol id="sm-800">
         <name>PIL_configureParallelCom</name>
         <value>0x822c1</value>
         <object_component_ref idref="oc-133"/>
      </symbol>
      <symbol id="sm-801">
         <name>PIL_init</name>
         <value>0x8259c</value>
         <object_component_ref idref="oc-133"/>
      </symbol>
      <symbol id="sm-802">
         <name>PIL_beginInterruptCall</name>
         <value>0x8243e</value>
         <object_component_ref idref="oc-133"/>
      </symbol>
      <symbol id="sm-803">
         <name>PIL_simulationActive</name>
         <value>0x82428</value>
         <object_component_ref idref="oc-133"/>
      </symbol>
      <symbol id="sm-804">
         <name>PIL_setWriteInterlockHandler</name>
         <value>0x82581</value>
         <object_component_ref idref="oc-133"/>
      </symbol>
      <symbol id="sm-805">
         <name>PIL_setAndConfigureScopeIndicator</name>
         <value>0x8239c</value>
         <object_component_ref idref="oc-133"/>
      </symbol>
      <symbol id="sm-806">
         <name>PIL_SCOPE_sample</name>
         <value>0x82214</value>
         <object_component_ref idref="oc-133"/>
      </symbol>
      <symbol id="sm-807">
         <name>PIL_setChecksum</name>
         <value>0x82260</value>
         <object_component_ref idref="oc-133"/>
      </symbol>
      <symbol id="sm-808">
         <name>PIL_inhibitPilSimulation</name>
         <value>0x823d2</value>
         <object_component_ref idref="oc-133"/>
      </symbol>
      <symbol id="sm-809">
         <name>PIL_setSerialComCallback</name>
         <value>0x822a9</value>
         <object_component_ref idref="oc-133"/>
      </symbol>
      <symbol id="sm-80a">
         <name>PIL_setGuid</name>
         <value>0x8223c</value>
         <object_component_ref idref="oc-133"/>
      </symbol>
      <symbol id="sm-80b">
         <name>PIL_setCtrlCallback</name>
         <value>0x8236a</value>
         <object_component_ref idref="oc-133"/>
      </symbol>
      <symbol id="sm-875">
         <name>PIL_PROBES_getDesiredPilMode</name>
         <value>0x811b7</value>
         <object_component_ref idref="oc-312"/>
      </symbol>
      <symbol id="sm-876">
         <name>PIL_PROBES_setDesiredPilMode</name>
         <value>0x8119b</value>
         <object_component_ref idref="oc-312"/>
      </symbol>
      <symbol id="sm-877">
         <name>PIL_PROBES_messageHandler</name>
         <value>0x81303</value>
         <object_component_ref idref="oc-312"/>
      </symbol>
      <symbol id="sm-878">
         <name>PIL_PROBES_getActualPilStep</name>
         <value>0x811c5</value>
         <object_component_ref idref="oc-312"/>
      </symbol>
      <symbol id="sm-879">
         <name>PIL_PROBES_getPreviousPilMode</name>
         <value>0x811be</value>
         <object_component_ref idref="oc-312"/>
      </symbol>
      <symbol id="sm-87a">
         <name>PIL_PROBES_setActualPilStep</name>
         <value>0x811a4</value>
         <object_component_ref idref="oc-312"/>
      </symbol>
      <symbol id="sm-87b">
         <name>PIL_PROBES_getActualPilMode</name>
         <value>0x811b0</value>
         <object_component_ref idref="oc-312"/>
      </symbol>
      <symbol id="sm-87c">
         <name>PIL_PROBES_init</name>
         <value>0x81161</value>
         <object_component_ref idref="oc-312"/>
      </symbol>
      <symbol id="sm-87d">
         <name>PIL_PROBES_setActualPilMode</name>
         <value>0x8118e</value>
         <object_component_ref idref="oc-312"/>
      </symbol>
      <symbol id="sm-87e">
         <name>PIL_PROBES_getDesiredPilStep</name>
         <value>0x811cf</value>
         <object_component_ref idref="oc-312"/>
      </symbol>
      <symbol id="sm-8a4">
         <name>PIL_RA_serialOut_p</name>
         <value>0x83899</value>
         <object_component_ref idref="oc-30d"/>
      </symbol>
      <symbol id="sm-8a5">
         <name>PIL_RA_setChecksum</name>
         <value>0x8383e</value>
         <object_component_ref idref="oc-30d"/>
      </symbol>
      <symbol id="sm-8a6">
         <name>PIL_RA_init</name>
         <value>0x837ca</value>
         <object_component_ref idref="oc-30d"/>
      </symbol>
      <symbol id="sm-8a7">
         <name>PIL_RA_pollLinkRsp</name>
         <value>0x838a7</value>
         <object_component_ref idref="oc-30d"/>
      </symbol>
      <symbol id="sm-8a8">
         <name>PIL_RA_setGuid</name>
         <value>0x83826</value>
         <object_component_ref idref="oc-30d"/>
      </symbol>
      <symbol id="sm-8a9">
         <name>PIL_RA_setNodeAddress</name>
         <value>0x83856</value>
         <object_component_ref idref="oc-30d"/>
      </symbol>
      <symbol id="sm-8aa">
         <name>PIL_RA_pollLinkReq</name>
         <value>0x838f9</value>
         <object_component_ref idref="oc-30d"/>
      </symbol>
      <symbol id="sm-8ab">
         <name>PIL_RA_registerService</name>
         <value>0x83862</value>
         <object_component_ref idref="oc-30d"/>
      </symbol>
      <symbol id="sm-8ac">
         <name>PIL_RA_serialIn_p</name>
         <value>0x8388a</value>
         <object_component_ref idref="oc-30d"/>
      </symbol>
      <symbol id="sm-91e">
         <name>PIL_SCOPE_setBuffer</name>
         <value>0x817d4</value>
         <object_component_ref idref="oc-30e"/>
      </symbol>
      <symbol id="sm-91f">
         <name>PIL_SCOPE_setIndicator</name>
         <value>0x817f1</value>
         <object_component_ref idref="oc-30e"/>
      </symbol>
      <symbol id="sm-920">
         <name>PIL_SCOPE_init</name>
         <value>0x817b4</value>
         <object_component_ref idref="oc-30e"/>
      </symbol>
      <symbol id="sm-921">
         <name>PIL_SCOPE_sample_p</name>
         <value>0x81942</value>
         <object_component_ref idref="oc-30e"/>
      </symbol>
      <symbol id="sm-922">
         <name>PIL_SCOPE_messageHandler</name>
         <value>0x81af8</value>
         <object_component_ref idref="oc-30e"/>
      </symbol>
      <symbol id="sm-923">
         <name>PIL_SCOPE_trigger_p</name>
         <value>0x81a12</value>
         <object_component_ref idref="oc-30e"/>
      </symbol>
      <symbol id="sm-951">
         <name>PIL_SLINK_receive</name>
         <value>0x82c42</value>
         <object_component_ref idref="oc-314"/>
      </symbol>
      <symbol id="sm-952">
         <name>PIL_SLINK_init</name>
         <value>0x82a3e</value>
         <object_component_ref idref="oc-314"/>
      </symbol>
      <symbol id="sm-953">
         <name>PIL_SLINK_send</name>
         <value>0x82c22</value>
         <object_component_ref idref="oc-314"/>
      </symbol>
      <symbol id="sm-954">
         <name>PIL_SLINK_in</name>
         <value>0x82a64</value>
         <object_component_ref idref="oc-314"/>
      </symbol>
      <symbol id="sm-955">
         <name>PIL_SLINK_crc16Lookup</name>
         <value>0x800a9</value>
         <object_component_ref idref="oc-3f1"/>
      </symbol>
      <symbol id="sm-956">
         <name>PIL_SLINK_out</name>
         <value>0x82a71</value>
         <object_component_ref idref="oc-314"/>
      </symbol>
      <symbol id="sm-957">
         <name>PIL_SLINK_outBufIsEmpty</name>
         <value>0x82aa9</value>
         <object_component_ref idref="oc-314"/>
      </symbol>
      <symbol id="sm-95a">
         <name>PIL_RestoreInt</name>
         <value>0x8455b</value>
         <object_component_ref idref="oc-313"/>
      </symbol>
      <symbol id="sm-95b">
         <name>PIL_DisableInt</name>
         <value>0x84557</value>
         <object_component_ref idref="oc-313"/>
      </symbol>
      <symbol id="sm-986">
         <name>PIL_BSRVS_setErrorMessage_p</name>
         <value>0x83315</value>
         <object_component_ref idref="oc-30f"/>
      </symbol>
      <symbol id="sm-987">
         <name>PIL_BSRVS_init</name>
         <value>0x832ef</value>
         <object_component_ref idref="oc-30f"/>
      </symbol>
      <symbol id="sm-988">
         <name>PIL_BSRVS_messageHandler</name>
         <value>0x833b0</value>
         <object_component_ref idref="oc-30f"/>
      </symbol>
      <symbol id="sm-989">
         <name>PIL_BSRVS_setWriteInterlockHandler</name>
         <value>0x8330c</value>
         <object_component_ref idref="oc-30f"/>
      </symbol>
      <symbol id="sm-9b1">
         <name>PIL_DCLINK_init</name>
         <value>0x83048</value>
         <object_component_ref idref="oc-311"/>
      </symbol>
      <symbol id="sm-9b2">
         <name>PIL_DCLINK_setBuffer</name>
         <value>0x83091</value>
         <object_component_ref idref="oc-311"/>
      </symbol>
      <symbol id="sm-9b3">
         <name>PIL_DCLINK_configure</name>
         <value>0x8307d</value>
         <object_component_ref idref="oc-311"/>
      </symbol>
      <symbol id="sm-9b4">
         <name>PIL_DCLINK_poll</name>
         <value>0x832dc</value>
         <object_component_ref idref="oc-311"/>
      </symbol>
      <symbol id="sm-9b5">
         <name>PIL_DCLINK_getCommunicationHandle</name>
         <value>0x83086</value>
         <object_component_ref idref="oc-311"/>
      </symbol>
      <symbol id="sm-9d6">
         <name>PIL_PBRIDGE_configure</name>
         <value>0x83d2c</value>
         <object_component_ref idref="oc-310"/>
      </symbol>
      <symbol id="sm-9d7">
         <name>PIL_PBRIDGE_setProtocol</name>
         <value>0x83d35</value>
         <object_component_ref idref="oc-310"/>
      </symbol>
      <symbol id="sm-9d8">
         <name>PIL_PBRIDGE_init</name>
         <value>0x83d20</value>
         <object_component_ref idref="oc-310"/>
      </symbol>
      <symbol id="sm-9d9">
         <name>PIL_PBRIDGE_poll</name>
         <value>0x83e7d</value>
         <object_component_ref idref="oc-310"/>
      </symbol>
      <symbol id="sm-9e4">
         <name>PIL_RBUF_pop</name>
         <value>0x84392</value>
         <object_component_ref idref="oc-3f0"/>
      </symbol>
      <symbol id="sm-9e5">
         <name>PIL_RBUF_isEmpty</name>
         <value>0x8435a</value>
         <object_component_ref idref="oc-3f0"/>
      </symbol>
      <symbol id="sm-9e6">
         <name>PIL_RBUF_push</name>
         <value>0x84368</value>
         <object_component_ref idref="oc-3f0"/>
      </symbol>
      <symbol id="sm-9e7">
         <name>PIL_RBUF_reset</name>
         <value>0x8434f</value>
         <object_component_ref idref="oc-3f0"/>
      </symbol>
      <symbol id="sm-9f1">
         <name>_c_int00</name>
         <value>0x8450d</value>
         <object_component_ref idref="oc-9d"/>
      </symbol>
      <symbol id="sm-9f2">
         <name>__stack</name>
         <value>0x831e</value>
         <object_component_ref idref="oc-c9"/>
      </symbol>
      <symbol id="sm-9fe">
         <name>__c28xabi_cmpd</name>
         <value>0x8449c</value>
         <object_component_ref idref="oc-3eb"/>
      </symbol>
      <symbol id="sm-a0e">
         <name>__TI_auto_init_nobinit_nopinit</name>
         <value>0x84471</value>
         <object_component_ref idref="oc-27e"/>
      </symbol>
      <symbol id="sm-a24">
         <name>C$$EXIT</name>
         <value>0x844c6</value>
         <object_component_ref idref="oc-f6"/>
      </symbol>
      <symbol id="sm-a25">
         <name>abort</name>
         <value>0x844c6</value>
         <object_component_ref idref="oc-f6"/>
      </symbol>
      <symbol id="sm-a26">
         <name>exit</name>
         <value>0x844c8</value>
         <object_component_ref idref="oc-f6"/>
      </symbol>
      <symbol id="sm-a27">
         <name>__TI_dtors_ptr</name>
         <value>0x934e</value>
         <object_component_ref idref="oc-2b6"/>
      </symbol>
      <symbol id="sm-a28">
         <name>__TI_cleanup_ptr</name>
         <value>0x934c</value>
         <object_component_ref idref="oc-2b6"/>
      </symbol>
      <symbol id="sm-a29">
         <name>__TI_enable_exit_profile_output</name>
         <value>0x934a</value>
         <object_component_ref idref="oc-2b6"/>
      </symbol>
      <symbol id="sm-a38">
         <name>_args_main</name>
         <value>0x84524</value>
         <object_component_ref idref="oc-f0"/>
      </symbol>
      <symbol id="sm-a45">
         <name>_system_post_cinit</name>
         <value>0x8456d</value>
         <object_component_ref idref="oc-397"/>
      </symbol>
      <symbol id="sm-a47">
         <name>PLXHAL_PWM_updateMEP</name>
         <value>0x82d61</value>
      </symbol>
   </symbol_table>
   <title>Link successful</title>
</link_info>
