******************************************************************************
             TMS320C2000 Linker PC v25.11.0                    
******************************************************************************
>> Linked Wed Apr 22 13:58:59 2026

OUTPUT FILE NAME:   <dev_280049_v2_2.out>
ENTRY POINT SYMBOL: "_c_int00"  address: 0008449d


MEMORY CONFIGURATION

         name            origin    length      used     unused   attr    fill
----------------------  --------  ---------  --------  --------  ----  --------
PAGE 0:
  BOOT_RSVD             00000002   000000f3  00000000  000000f3  RWIX
  RAMM0                 000000f6   0000030a  00000000  0000030a  RWIX
  RAMM1                 00000400   00000400  00000000  00000400  RWIX
  RAMLS                 00008000   00003f00  000013eb  00002b15  RWIX
  RAMLS7_RSVD           0000bf00   00000100  00000000  00000100  RWIX
  BEGIN                 00080000   00000002  00000002  00000000  RWIX
  FLASH_BANK0           00080002   0000fffe  000046b9  0000b945  RWIX
  FLASH_BANK1_SEC0_RSVD 00090000   00001000  00000000  00001000  RWIX
  FLASH_BANK1_SEC1_RSVD 00091000   00001000  00000000  00001000  RWIX
  FLASH_BANK1_SEC2_RSVD 00092000   00001000  00000000  00001000  RWIX
  FLASH_BANK1_SEC3_RSVD 00093000   00001000  00000000  00001000  RWIX
  FLASH_BANK1_SEC4_RSVD 00094000   00001000  00000000  00001000  RWIX
  FLASH_BANK1_SEC5_RSVD 00095000   00001000  00000000  00001000  RWIX
  FLASH_BANK1_SEC6_RSVD 00096000   00001000  00000000  00001000  RWIX
  FLASH_BANK1_SEC7_RSVD 00097000   00001000  00000000  00001000  RWIX
  FLASH_BANK1_SEC8_RSVD 00098000   00001000  00000000  00001000  RWIX
  FLASH_BANK1_SEC9_RSVD 00099000   00001000  00000000  00001000  RWIX
  FLASH_BANK1_SEC10_RSV 0009a000   00001000  00000000  00001000  RWIX
  FLASH_BANK1_SEC11_RSV 0009b000   00001000  00000000  00001000  RWIX
  FLASH_BANK1_SEC12_RSV 0009c000   00001000  00000000  00001000  RWIX
  FLASH_BANK1_SEC13_RSV 0009d000   00001000  00000000  00001000  RWIX
  FLASH_BANK1_SEC14_RSV 0009e000   00001000  00000000  00001000  RWIX
  FLASH_BANK1_SEC15_RSV 0009f000   00001000  00000000  00001000  RWIX
  RESET                 003fffc0   00000002  00000000  00000002  RWIX

PAGE 1:
  ADCARESULT            00000b00   00000018  00000018  00000000  RWIX
  ADCBRESULT            00000b20   00000018  00000018  00000000  RWIX
  ADCCRESULT            00000b40   00000018  00000018  00000000  RWIX
  CPUTIMER0             00000c00   00000008  00000008  00000000  RWIX
  CPUTIMER1             00000c08   00000008  00000008  00000000  RWIX
  CPUTIMER2             00000c10   00000008  00000008  00000000  RWIX
  PIECTRL               00000ce0   0000001a  0000001a  00000000  RWIX
  PIEVECTTABLE          00000d00   00000200  000001c0  00000040  RWIX
  DMA                   00001000   00000200  00000000  00000200  RWIX
  CLA1                  00001400   00000080  00000000  00000080  RWIX
  CLB1LOGICCFG          00003000   00000052  00000000  00000052  RWIX
  CLB1LOGICCTRL         00003100   00000040  00000000  00000040  RWIX
  CLB1DATAEXCH          00003200   00000200  00000000  00000200  RWIX
  CLB2LOGICCFG          00003400   00000052  00000000  00000052  RWIX
  CLB2LOGICCTRL         00003500   00000040  00000000  00000040  RWIX
  CLB2DATAEXCH          00003600   00000200  00000000  00000200  RWIX
  CLB3LOGICCFG          00003800   00000052  00000000  00000052  RWIX
  CLB3LOGICCTRL         00003900   00000040  00000000  00000040  RWIX
  CLB3DATAEXCH          00003a00   00000200  00000000  00000200  RWIX
  CLB4LOGICCFG          00003c00   00000052  00000000  00000052  RWIX
  CLB4LOGICCTRL         00003d00   00000040  00000000  00000040  RWIX
  CLB4DATAEXCH          00003e00   00000200  00000000  00000200  RWIX
  EPWM1                 00004000   00000100  00000100  00000000  RWIX
  EPWM2                 00004100   00000100  00000100  00000000  RWIX
  EPWM3                 00004200   00000100  00000100  00000000  RWIX
  EPWM4                 00004300   00000100  00000100  00000000  RWIX
  EPWM5                 00004400   00000100  00000100  00000000  RWIX
  EPWM6                 00004500   00000100  00000100  00000000  RWIX
  EPWM7                 00004600   00000100  00000100  00000000  RWIX
  EPWM8                 00004700   00000100  00000100  00000000  RWIX
  EQEP1                 00005100   00000040  00000000  00000040  RWIX
  EQEP2                 00005140   00000040  00000000  00000040  RWIX
  ECAP1                 00005200   0000001e  00000000  0000001e  RWIX
  ECAP2                 00005240   0000001e  00000000  0000001e  RWIX
  ECAP3                 00005280   0000001e  00000000  0000001e  RWIX
  ECAP4                 000052c0   0000001e  00000000  0000001e  RWIX
  ECAP5                 00005300   0000001e  00000000  0000001e  RWIX
  ECAP6                 00005340   0000001e  00000000  0000001e  RWIX
  HRCAP6                00005360   00000020  00000000  00000020  RWIX
  ECAP7                 00005380   0000001e  00000000  0000001e  RWIX
  HRCAP7                000053a0   00000020  00000000  00000020  RWIX
  PGA1                  00005b00   00000010  00000000  00000010  RWIX
  PGA2                  00005b10   00000010  00000000  00000010  RWIX
  PGA3                  00005b20   00000010  00000000  00000010  RWIX
  PGA4                  00005b30   00000010  00000000  00000010  RWIX
  PGA5                  00005b40   00000010  00000000  00000010  RWIX
  PGA6                  00005b50   00000010  00000000  00000010  RWIX
  PGA7                  00005b60   00000010  00000000  00000010  RWIX
  DACA                  00005c00   00000008  00000000  00000008  RWIX
  DACB                  00005c10   00000008  00000000  00000008  RWIX
  CMPSS1                00005c80   00000020  00000000  00000020  RWIX
  CMPSS2                00005ca0   00000020  00000000  00000020  RWIX
  CMPSS3                00005cc0   00000020  00000000  00000020  RWIX
  CMPSS4                00005ce0   00000020  00000000  00000020  RWIX
  CMPSS5                00005d00   00000020  00000000  00000020  RWIX
  CMPSS6                00005d20   00000020  00000000  00000020  RWIX
  CMPSS7                00005d40   00000020  00000000  00000020  RWIX
  SDFM1                 00005e00   00000070  00000000  00000070  RWIX
  SPIA                  00006100   00000010  00000000  00000010  RWIX
  SPIB                  00006110   00000010  00000000  00000010  RWIX
  CLAPROMCRC0           000061c0   00000020  00000000  00000020  RWIX
  PMBUSA                00006400   00000020  00000000  00000020  RWIX
  FSITXA                00006600   00000050  00000000  00000050  RWIX
  FSIRXA                00006680   00000050  00000000  00000050  RWIX
  LINA                  00006a00   000000ec  00000000  000000ec  RWIX
  WD                    00007000   0000002b  00000000  0000002b  RWIX
  NMIINTRUPT            00007060   00000007  00000000  00000007  RWIX
  XINT                  00007070   0000000b  00000000  0000000b  RWIX
  SCIA                  00007200   00000010  00000000  00000010  RWIX
  SCIB                  00007210   00000010  00000000  00000010  RWIX
  I2CA                  00007300   00000022  00000022  00000000  RWIX
  ADCA                  00007400   00000080  00000076  0000000a  RWIX
  ADCB                  00007480   00000080  00000076  0000000a  RWIX
  ADCC                  00007500   00000080  00000076  0000000a  RWIX
  INPUTXBAR             00007900   00000020  00000000  00000020  RWIX
  XBAR                  00007920   00000020  00000000  00000020  RWIX
  SYNCSOC               00007940   00000006  00000000  00000006  RWIX
  DMACLASRCSEL          00007980   0000001a  00000000  0000001a  RWIX
  EPWMXBAR              00007a00   00000040  00000000  00000040  RWIX
  CLBXBAR               00007a40   00000040  00000000  00000040  RWIX
  OUTPUTXBAR            00007a80   00000040  00000000  00000040  RWIX
  GPIOCTRL              00007c00   00000200  00000200  00000000  RWIX
  GPIODATA              00007f00   00000040  0000003a  00000006  RWIX
  CANA                  00048000   00000200  00000000  00000200  RWIX
  CANB                  0004a000   00000200  00000000  00000200  RWIX
  DEVCFG                0005d000   00000180  00000000  00000180  RWIX
  CLKCFG                0005d200   00000036  00000034  00000002  RWIX
  CPUSYS                0005d300   00000082  00000082  00000000  RWIX
  SYSPERIPHAC           0005d500   00000200  00000000  00000200  RWIX
  ANALOGSUBSYS          0005d700   00000090  00000090  00000000  RWIX
  DCC0                  0005e700   0000002c  00000000  0000002c  RWIX
  ERADGLOBAL            0005e800   00000013  00000000  00000013  RWIX
  ERADHWBP1             0005e900   00000008  00000000  00000008  RWIX
  ERADHWBP2             0005e908   00000008  00000000  00000008  RWIX
  ERADHWBP3             0005e910   00000008  00000000  00000008  RWIX
  ERADHWBP4             0005e918   00000008  00000000  00000008  RWIX
  ERADHWBP5             0005e920   00000008  00000000  00000008  RWIX
  ERADHWBP6             0005e928   00000008  00000000  00000008  RWIX
  ERADHWBP7             0005e930   00000008  00000000  00000008  RWIX
  ERADHWBP8             0005e938   00000008  00000000  00000008  RWIX
  ERADCOUNTER1          0005e980   00000010  00000000  00000010  RWIX
  ERADCOUNTER2          0005e990   00000010  00000000  00000010  RWIX
  ERADCOUNTER3          0005e9a0   00000010  00000000  00000010  RWIX
  ERADCOUNTER4          0005e9b0   00000010  00000000  00000010  RWIX
  DCSMBANK0Z1           0005f000   00000023  00000000  00000023  RWIX
  DCSMBANK0Z2           0005f040   00000023  00000000  00000023  RWIX
  DCSMCOMMON            0005f070   00000010  00000000  00000010  RWIX
  DCSMBANK1Z1           0005f100   00000023  00000000  00000023  RWIX
  DCSMBANK1Z2           0005f140   00000023  00000000  00000023  RWIX
  MEMCFG                0005f400   00000080  00000000  00000080  RWIX
  ACCESSPROTECTION      0005f4c0   00000040  00000000  00000040  RWIX
  MEMORYERROR           0005f500   00000040  00000000  00000040  RWIX
  FLASH0CTRL            0005f800   00000182  00000000  00000182  RWIX
  FLASH0ECC             0005fb00   00000028  00000000  00000028  RWIX


SECTION ALLOCATION MAP

 output                                  attributes/
section   page    origin      length       input sections
--------  ----  ----------  ----------   ----------------
.bss       0    00008000    0000031e     UNINITIALIZED
                  00008000    00000108     PLECS_to_CCS.obj (.bss:PLECS_to_CCS_cScriptStruct$0)
                  00008108    00000036     dispatcher.obj (.bss)
                  0000813e    00000002     PLECS_to_CCS_1.obj (.bss)
                  00008140    000000d8     PLECS_to_CCS.obj (.bss)
                  00008218    00000090     PLECS_to_CCS_hal.obj (.bss:AdcObj)
                  000082a8    0000001e     PLECS_to_CCS_hal.obj (.bss:EpwmObj)
                  000082c6    0000001e     dio_28004x.obj (.bss)
                  000082e4    00000010     PLECS_to_CCS_main.obj (.bss:telemetry_buffer)
                  000082f4    0000000a     PLECS_to_CCS_hal.obj (.bss:TaskObj)
                  000082fe    00000009     SFO_v8_fpu_lib_build_c28_driverlib_eabi.lib : SFO_v8_fpu_lib_build_c28_driverlib.obj (.bss:MEP_SF)
                  00008307    00000001     PLECS_to_CCS.obj (.bss:PLECS_to_CCS_subTaskHit$0)
                  00008308    00000006     PLECS_to_CCS_hal.obj (.bss:EpwmHandles)
                  0000830e    00000005     SFO_v8_fpu_lib_build_c28_driverlib_eabi.lib : SFO_v8_fpu_lib_build_c28_driverlib.obj (.bss)
                  00008313    00000001     --HOLE--
                  00008314    00000004     PLECS_to_CCS_hal.obj (.bss:AdcHandles)
                  00008318    00000002     PLECS_to_CCS.obj (.bss:PLECS_to_CCS_subTaskTick$0)
                  0000831a    00000002     ain_type5.obj (.bss)
                  0000831c    00000002     epwm_type4.obj (.bss)

codestart 
*          0    00080000    00000002     
                  00080000    00000002     f28004x_codestartbranch.obj (codestart)

.text      0    00080a30    00003ace     
                  00080a30    00000769     PLECS_to_CCS_hal.obj (.text)
                  00081199    0000061f     pil_c28_fpu32_eabi.lib : probes.obj (.text)
                  000817b8    000005c4                            : scope.obj (.text)
                  00081d7c    000004b3     f28004x_defaultisr.obj (.text:retain)
                  0008222f    00000476     pil_c28_fpu32_eabi.lib : pil.obj (.text)
                  000826a5    000003d1     plx_driverlib_fpu32_eabi.lib : sysctl.obj (.text)
                  00082a76    00000323     pil_c28_fpu32_eabi.lib : seriallink.obj (.text)
                  00082d99    000002e7     epwm_type4.obj (.text)
                  00083080    000002a7     pil_c28_fpu32_eabi.lib : dualcorelink.obj (.text)
                  00083327    00000262                            : basicservices.obj (.text)
                  00083589    000001fa     PLECS_to_CCS.obj (.text)
                  00083783    000001f9     pil_c28_fpu32_eabi.lib : remoteagent.obj (.text)
                  0008397c    000001f1     SFO_v8_fpu_lib_build_c28_driverlib_eabi.lib : SFO_v8_fpu_lib_build_c28_driverlib.obj (.text:SFO)
                  00083b6d    000001eb     plx_driverlib_fpu32_eabi.lib : gpio.obj (.text)
                  00083d58    00000172     pil_c28_fpu32_eabi.lib : parallelbridge.obj (.text)
                  00083eca    00000154     dispatcher.obj (.text)
                  0008401e    000000fd     ain_type5.obj (.text)
                  0008411b    000000a6     PLECS_to_CCS_main.obj (.text)
                  000841c1    000000a0     f28004x_devinit.obj (.text)
                  00084261    0000007e     dio_28004x.obj (.text)
                  000842df    00000064     pil_c28_fpu32_eabi.lib : ringbuf.obj (.text)
                  00084343    00000059     f28004x_adc.obj (.text)
                  0008439c    00000037     PLECS_to_CCS_hal.obj (.text:retain)
                  000843d3    0000002e     rts2800_fpu32_eabi.lib : copy_decompress_lzss.c.obj (.text:decompress:lzss)
                  00084401    0000002b                            : autoinit.c.obj (.text:__TI_auto_init_nobinit_nopinit)
                  0008442c    0000002a                            : fd_cmp28.asm.obj (.text)
                  00084456    00000029                            : exit.c.obj (.text)
                  0008447f    0000001e                            : memcpy.c.obj (.text)
                  0008449d    00000017                            : boot28.asm.obj (.text)
                  000844b4    00000012                            : args_main.c.obj (.text)
                  000844c6    0000000a     f28004x_devinit.obj (.text:retain)
                  000844d0    00000008     rts2800_fpu32_eabi.lib : copy_decompress_none.c.obj (.text:decompress:none)
                  000844d8    00000008     f28004x_codestartbranch.obj (.text)
                  000844e0    00000007     dispatcher_asm.obj (.text)
                  000844e7    00000007     pil_c28_fpu32_eabi.lib : pil_f28x_dis_int.obj (.text)
                  000844ee    00000006     rts2800_fpu32_eabi.lib : copy_zero_init.c.obj (.text:decompress:ZI)
                  000844f4    00000006                            : memset.c.obj (.text)
                  000844fa    00000002                            : pre_init.c.obj (.text)
                  000844fc    00000001                            : _lock.c.obj (.text)
                  000844fd    00000001                            : startup.c.obj (.text)

dispatch   0    00084500    000000de     
                  00084500    000000de     dispatcher.obj (dispatch)

.cinit     0    000845e0    000000e2     
                  000845e0    000000c7     (.cinit..data.load) [load image, compression = lzss]
                  000846a7    00000001     --HOLE-- [fill = 0]
                  000846a8    00000006     (__TI_handler_table)
                  000846ae    00000004     (.cinit..bss.load) [load image, compression = zero_init]
                  000846b2    00000004     (.cinit.PieVectTableFile.load) [load image, compression = zero_init]
                  000846b6    0000000c     (__TI_cinit_table)

.stack     0    0000831e    00000600     UNINITIALIZED
                  0000831e    00000600     --HOLE--

.init_array 
*          0    00080004    00000000     UNINITIALIZED

.const     0    00080004    000000b8     
                  00080004    000000a5     dispatcher.obj (.const:.string)
                  000800a9    00000010     pil_c28_fpu32_eabi.lib : seriallink.obj (.const:PIL_SLINK_crc16Lookup)
                  000800b9    00000001     --HOLE-- [fill = 0]
                  000800ba    00000002     PLECS_to_CCS.obj (.const:PLECS_to_CCS_subTaskPeriod$0)

.data      0    00009294    0000015a     UNINITIALIZED
                  00009294    00000026     epwm_type4.obj (.data:ePWM)
                  000092ba    00000006     PLECS_to_CCS_1.obj (.data)
                  000092c0    00000014     PLECS_to_CCS.obj (.data)
                  000092d4    0000000c     PLECS_to_CCS_0.obj (.data)
                  000092e0    0000000c     PLECS_to_CCS.obj (.data:inputPtrs$2$0)
                  000092ec    0000000c     PLECS_to_CCS.obj (.data:inputs$3$0)
                  000092f8    0000000c     PLECS_to_CCS.obj (.data:outputPtrs$5$0)
                  00009304    0000000c     PLECS_to_CCS.obj (.data:outputs$6$0)
                  00009310    0000000c     PLECS_to_CCS.obj (.data:terminalSampleTimeOffsetPtrs$14$0)
                  0000931c    0000000c     PLECS_to_CCS.obj (.data:terminalSampleTimeOffsets$12$0)
                  00009328    0000000c     PLECS_to_CCS.obj (.data:terminalSampleTimePeriodPtrs$13$0)
                  00009334    0000000c     PLECS_to_CCS.obj (.data:terminalSampleTimePeriods$11$0)
                  00009340    00000008     PLECS_to_CCS_2.obj (.data)
                  00009348    00000008     PLECS_to_CCS.obj (.data:inputPtrs$19$0)
                  00009350    00000008     PLECS_to_CCS.obj (.data:inputs$20$0)
                  00009358    00000008     PLECS_to_CCS.obj (.data:terminalSampleTimeOffsetPtrs$31$0)
                  00009360    00000008     PLECS_to_CCS.obj (.data:terminalSampleTimeOffsets$29$0)
                  00009368    00000008     PLECS_to_CCS.obj (.data:terminalSampleTimePeriodPtrs$30$0)
                  00009370    00000008     PLECS_to_CCS.obj (.data:terminalSampleTimePeriods$28$0)
                  00009378    00000006     PLECS_to_CCS.obj (.data:numInputSignals$1$0)
                  0000937e    00000006     PLECS_to_CCS.obj (.data:numOutputSignals$4$0)
                  00009384    00000006     rts2800_fpu32_eabi.lib : exit.c.obj (.data)
                  0000938a    00000004     PLECS_to_CCS_hal.obj (.data)
                  0000938e    00000004     PLECS_to_CCS.obj (.data:inputPtrs$36$0)
                  00009392    00000004     PLECS_to_CCS.obj (.data:inputs$37$0)
                  00009396    00000004     PLECS_to_CCS.obj (.data:numInputSignals$18$0)
                  0000939a    00000004     PLECS_to_CCS.obj (.data:outputPtrs$39$0)
                  0000939e    00000004     PLECS_to_CCS.obj (.data:outputPtrs$56$0)
                  000093a2    00000004     PLECS_to_CCS.obj (.data:outputs$40$0)
                  000093a6    00000004     PLECS_to_CCS.obj (.data:outputs$57$0)
                  000093aa    00000004     PLECS_to_CCS.obj (.data:terminalSampleTimeOffsetPtrs$48$0)
                  000093ae    00000004     PLECS_to_CCS.obj (.data:terminalSampleTimeOffsets$46$0)
                  000093b2    00000004     PLECS_to_CCS.obj (.data:terminalSampleTimePeriodPtrs$47$0)
                  000093b6    00000004     PLECS_to_CCS.obj (.data:terminalSampleTimePeriods$45$0)
                  000093ba    00000002     rts2800_fpu32_eabi.lib : _lock.c.obj (.data:_lock)
                  000093bc    00000002     PLECS_to_CCS.obj (.data:inputPtrs$53$0)
                  000093be    00000002     PLECS_to_CCS.obj (.data:inputs$54$0)
                  000093c0    00000002     PLECS_to_CCS.obj (.data:numInputSignals$35$0)
                  000093c2    00000002     PLECS_to_CCS.obj (.data:numOutputSignals$38$0)
                  000093c4    00000002     PLECS_to_CCS.obj (.data:numOutputSignals$55$0)
                  000093c6    00000002     PLECS_to_CCS.obj (.data:outputPtrs$22$0)
                  000093c8    00000002     PLECS_to_CCS.obj (.data:outputs$23$0)
                  000093ca    00000002     PLECS_to_CCS.obj (.data:sampleHits$25$0)
                  000093cc    00000002     PLECS_to_CCS.obj (.data:sampleHits$42$0)
                  000093ce    00000002     PLECS_to_CCS.obj (.data:sampleHits$59$0)
                  000093d0    00000002     PLECS_to_CCS.obj (.data:sampleHits$8$0)
                  000093d2    00000002     PLECS_to_CCS.obj (.data:sampleTimeOffsets$10$0)
                  000093d4    00000002     PLECS_to_CCS.obj (.data:sampleTimeOffsets$27$0)
                  000093d6    00000002     PLECS_to_CCS.obj (.data:sampleTimeOffsets$44$0)
                  000093d8    00000002     PLECS_to_CCS.obj (.data:sampleTimeOffsets$61$0)
                  000093da    00000002     PLECS_to_CCS.obj (.data:sampleTimePeriods$26$0)
                  000093dc    00000002     PLECS_to_CCS.obj (.data:sampleTimePeriods$43$0)
                  000093de    00000002     PLECS_to_CCS.obj (.data:sampleTimePeriods$60$0)
                  000093e0    00000002     PLECS_to_CCS.obj (.data:sampleTimePeriods$9$0)
                  000093e2    00000002     PLECS_to_CCS.obj (.data:terminalSampleTimeOffsetPtrs$65$0)
                  000093e4    00000002     PLECS_to_CCS.obj (.data:terminalSampleTimeOffsets$63$0)
                  000093e6    00000002     PLECS_to_CCS.obj (.data:terminalSampleTimePeriodPtrs$64$0)
                  000093e8    00000002     PLECS_to_CCS.obj (.data:terminalSampleTimePeriods$62$0)
                  000093ea    00000001     PLECS_to_CCS_main.obj (.data)
                  000093eb    00000001     SFO_v8_fpu_lib_build_c28_driverlib_eabi.lib : SFO_v8_fpu_lib_build_c28_driverlib.obj (.data)
                  000093ec    00000001     PLECS_to_CCS.obj (.data:numInputSignals$52$0)
                  000093ed    00000001     PLECS_to_CCS.obj (.data:numOutputSignals$21$0)

ramfuncs   0    000800bc    0000089e     RUN ADDR = 00008920
                  000800bc    0000052b     PLECS_to_CCS.obj (ramfuncs)
                  000805e7    000002f9     PLECS_to_CCS_hal.obj (ramfuncs)
                  000808e0    0000007a     PLECS_to_CCS_1.obj (ramfuncs)

.TI.ramfunc 
*          0    0008095a    000000d5     RUN ADDR = 000091be
                  0008095a    000000d1     plx_driverlib_fpu32_eabi.lib : flash.obj (.TI.ramfunc)
                  00080a2b    00000004                                  : sysctl.obj (.TI.ramfunc)

.reset     0    003fffc0    00000000     DSECT

AdcaResultRegsFile 
*          1    00000b00    00000018     UNINITIALIZED
                  00000b00    00000018     f28004x_globalvariabledefs.obj (AdcaResultRegsFile)

AdcbResultRegsFile 
*          1    00000b20    00000018     UNINITIALIZED
                  00000b20    00000018     f28004x_globalvariabledefs.obj (AdcbResultRegsFile)

AdccResultRegsFile 
*          1    00000b40    00000018     UNINITIALIZED
                  00000b40    00000018     f28004x_globalvariabledefs.obj (AdccResultRegsFile)

PieVectTableFile 
*          1    00000d00    000001c0     UNINITIALIZED
                  00000d00    000001c0     f28004x_globalvariabledefs.obj (PieVectTableFile)

EmuKeyVar 
*          1    00000d00    00000000     UNINITIALIZED

EmuBModeVar 
*          1    00000d00    00000000     UNINITIALIZED

EmuBootPinsVar 
*          1    00000d00    00000000     UNINITIALIZED

FlashCallbackVar 
*          1    00000d00    00000000     UNINITIALIZED

FlashScalingVar 
*          1    00000d00    00000000     UNINITIALIZED

AdcaRegsFile 
*          1    00007400    00000076     UNINITIALIZED
                  00007400    00000076     f28004x_globalvariabledefs.obj (AdcaRegsFile)

AdcbRegsFile 
*          1    00007480    00000076     UNINITIALIZED
                  00007480    00000076     f28004x_globalvariabledefs.obj (AdcbRegsFile)

AdccRegsFile 
*          1    00007500    00000076     UNINITIALIZED
                  00007500    00000076     f28004x_globalvariabledefs.obj (AdccRegsFile)

AnalogSubsysRegsFile 
*          1    0005d700    00000090     UNINITIALIZED
                  0005d700    00000090     f28004x_globalvariabledefs.obj (AnalogSubsysRegsFile)

ClkCfgRegsFile 
*          1    0005d200    00000034     UNINITIALIZED
                  0005d200    00000034     f28004x_globalvariabledefs.obj (ClkCfgRegsFile)

CpuTimer0RegsFile 
*          1    00000c00    00000008     UNINITIALIZED
                  00000c00    00000008     f28004x_globalvariabledefs.obj (CpuTimer0RegsFile)

CpuTimer1RegsFile 
*          1    00000c08    00000008     UNINITIALIZED
                  00000c08    00000008     f28004x_globalvariabledefs.obj (CpuTimer1RegsFile)

CpuTimer2RegsFile 
*          1    00000c10    00000008     UNINITIALIZED
                  00000c10    00000008     f28004x_globalvariabledefs.obj (CpuTimer2RegsFile)

CpuSysRegsFile 
*          1    0005d300    00000082     UNINITIALIZED
                  0005d300    00000082     f28004x_globalvariabledefs.obj (CpuSysRegsFile)

EPwm1RegsFile 
*          1    00004000    00000100     UNINITIALIZED
                  00004000    00000100     f28004x_globalvariabledefs.obj (EPwm1RegsFile)

EPwm2RegsFile 
*          1    00004100    00000100     UNINITIALIZED
                  00004100    00000100     f28004x_globalvariabledefs.obj (EPwm2RegsFile)

EPwm3RegsFile 
*          1    00004200    00000100     UNINITIALIZED
                  00004200    00000100     f28004x_globalvariabledefs.obj (EPwm3RegsFile)

EPwm4RegsFile 
*          1    00004300    00000100     UNINITIALIZED
                  00004300    00000100     f28004x_globalvariabledefs.obj (EPwm4RegsFile)

EPwm5RegsFile 
*          1    00004400    00000100     UNINITIALIZED
                  00004400    00000100     f28004x_globalvariabledefs.obj (EPwm5RegsFile)

EPwm6RegsFile 
*          1    00004500    00000100     UNINITIALIZED
                  00004500    00000100     f28004x_globalvariabledefs.obj (EPwm6RegsFile)

EPwm7RegsFile 
*          1    00004600    00000100     UNINITIALIZED
                  00004600    00000100     f28004x_globalvariabledefs.obj (EPwm7RegsFile)

EPwm8RegsFile 
*          1    00004700    00000100     UNINITIALIZED
                  00004700    00000100     f28004x_globalvariabledefs.obj (EPwm8RegsFile)

GpioCtrlRegsFile 
*          1    00007c00    00000200     UNINITIALIZED
                  00007c00    00000200     f28004x_globalvariabledefs.obj (GpioCtrlRegsFile)

GpioDataRegsFile 
*          1    00007f00    0000003a     UNINITIALIZED
                  00007f00    0000003a     f28004x_globalvariabledefs.obj (GpioDataRegsFile)

I2caRegsFile 
*          1    00007300    00000022     UNINITIALIZED
                  00007300    00000022     f28004x_globalvariabledefs.obj (I2caRegsFile)

PieCtrlRegsFile 
*          1    00000ce0    0000001a     UNINITIALIZED
                  00000ce0    0000001a     f28004x_globalvariabledefs.obj (PieCtrlRegsFile)

MODULE SUMMARY

       Module                                   code    ro data   rw data
       ------                                   ----    -------   -------
    .\
       PLECS_to_CCS.obj                         3152    2         751    
       PLECS_to_CCS_hal.obj                     3474    0         198    
       PLECS_to_CCS_1.obj                       244     0         8      
       PLECS_to_CCS_main.obj                    166     0         17     
       PLECS_to_CCS_0.obj                       0       0         12     
       PLECS_to_CCS_2.obj                       0       0         8      
    +--+----------------------------------------+-------+---------+---------+
       Total:                                   7036    2         994    
                                                                         
    .\shrd\
       epwm_type4.obj                           743     0         40     
       dispatcher.obj                           562     165       54     
       ain_type5.obj                            253     0         2      
       dispatcher_asm.obj                       7       0         0      
    +--+----------------------------------------+-------+---------+---------+
       Total:                                   1565    165       96     
                                                                         
    .\src\
       dio_28004x.obj                           126     0         30     
    +--+----------------------------------------+-------+---------+---------+
       Total:                                   126     0         30     
                                                                         
    .\tisrc\
       f28004x_globalvariabledefs.obj           0       0         3902   
       f28004x_defaultisr.obj                   1203    0         0      
       f28004x_devinit.obj                      170     0         0      
       f28004x_adc.obj                          89      0         0      
       f28004x_codestartbranch.obj              10      0         0      
    +--+----------------------------------------+-------+---------+---------+
       Total:                                   1472    0         3902   
                                                                         
    ../tisrc/driverlib/SFO_v8_fpu_lib_build_c28_driverlib_eabi.lib
       SFO_v8_fpu_lib_build_c28_driverlib.obj   497     0         15     
    +--+----------------------------------------+-------+---------+---------+
       Total:                                   497     0         15     
                                                                         
    ../tisrc/driverlib/plx_driverlib_fpu32_eabi.lib
       sysctl.obj                               985     0         0      
       gpio.obj                                 491     0         0      
       flash.obj                                418     0         0      
    +--+----------------------------------------+-------+---------+---------+
       Total:                                   1894    0         0      
                                                                         
    C:\repo\WUSTL_JEP_EE_SENIOR_DESIGN_SP_2026\pil\pil_c28_fpu32_eabi.lib
       probes.obj                               1567    0         0      
       scope.obj                                1476    0         0      
       pil.obj                                  1142    0         0      
       seriallink.obj                           803     16        0      
       dualcorelink.obj                         679     0         0      
       basicservices.obj                        610     0         0      
       remoteagent.obj                          505     0         0      
       parallelbridge.obj                       370     0         0      
       ringbuf.obj                              100     0         0      
       pil_f28x_dis_int.obj                     7       0         0      
    +--+----------------------------------------+-------+---------+---------+
       Total:                                   7259    16        0      
                                                                         
    C:\ti\ccs2050\ccs\tools\compiler\ti-cgt-c2000_25.11.0.LTS\lib\rts2800_fpu32_eabi.lib
       exit.c.obj                               41      0         6      
       copy_decompress_lzss.c.obj               46      0         0      
       autoinit.c.obj                           43      0         0      
       fd_cmp28.asm.obj                         42      0         0      
       memcpy.c.obj                             30      0         0      
       boot28.asm.obj                           23      0         0      
       args_main.c.obj                          18      0         0      
       copy_decompress_none.c.obj               8       0         0      
       copy_zero_init.c.obj                     6       0         0      
       memset.c.obj                             6       0         0      
       _lock.c.obj                              1       0         2      
       pre_init.c.obj                           2       0         0      
       startup.c.obj                            1       0         0      
    +--+----------------------------------------+-------+---------+---------+
       Total:                                   267     0         8      
                                                                         
       Stack:                                   0       0         1536   
       Linker Generated:                        0       225       0      
    +--+----------------------------------------+-------+---------+---------+
       Grand Total:                             20116   408       6581   


LINKER GENERATED COPY TABLES

__TI_cinit_table @ 000846b6 records: 3, size/record: 4, table size: 12
	.data: load addr=000845e0, load size=000000c7 bytes, run addr=00009294, run size=0000015a bytes, compression=lzss
	.bss: load addr=000846ae, load size=00000004 bytes, run addr=00008000, run size=0000031e bytes, compression=zero_init
	PieVectTableFile: load addr=000846b2, load size=00000004 bytes, run addr=00000d00, run size=000001c0 bytes, compression=zero_init


LINKER GENERATED HANDLER TABLE

__TI_handler_table @ 000846a8 records: 3, size/record: 2, table size: 6
	index: 0, handler: __TI_zero_init
	index: 1, handler: __TI_decompress_lzss
	index: 2, handler: __TI_decompress_none


GLOBAL DATA SYMBOLS: SORTED BY DATA PAGE

address     data page           name
--------    ----------------    ----
00000b00      2c (00000b00)     AdcaResultRegs
00000b20      2c (00000b00)     AdcbResultRegs

00000b40      2d (00000b40)     AdccResultRegs

00000c00      30 (00000c00)     CpuTimer0Regs
00000c08      30 (00000c00)     CpuTimer1Regs
00000c10      30 (00000c00)     CpuTimer2Regs

00000ce0      33 (00000cc0)     PieCtrlRegs

00000d00      34 (00000d00)     PieVectTable

00004000     100 (00004000)     EPwm1Regs

00004100     104 (00004100)     EPwm2Regs

00004200     108 (00004200)     EPwm3Regs

00004300     10c (00004300)     EPwm4Regs

00004400     110 (00004400)     EPwm5Regs

00004500     114 (00004500)     EPwm6Regs

00004600     118 (00004600)     EPwm7Regs

00004700     11c (00004700)     EPwm8Regs

00007300     1cc (00007300)     I2caRegs

00007400     1d0 (00007400)     AdcaRegs

00007480     1d2 (00007480)     AdcbRegs

00007500     1d4 (00007500)     AdccRegs

00007c00     1f0 (00007c00)     GpioCtrlRegs

00007f00     1fc (00007f00)     GpioDataRegs

00008108     204 (00008100)     DisprHandle
0000810a     204 (00008100)     DisprObj

00008144     205 (00008140)     PLECS_to_CCS_errorStatus

00008180     206 (00008180)     PLECS_to_CCS_X

000081c0     207 (000081c0)     PLECS_to_CCS_B

00008218     208 (00008200)     AdcObj

000082a8     20a (00008280)     EpwmObj

000082e4     20b (000082c0)     telemetry_buffer
000082f4     20b (000082c0)     TaskObj
000082fe     20b (000082c0)     MEP_SF

00008308     20c (00008300)     EpwmHandles
0000830e     20c (00008300)     SFO_CAL
00008314     20c (00008300)     AdcHandles
0000831a     20c (00008300)     PLX_AIN_SysClkHz
0000831d     20c (00008300)     MEP_ScaleFactor
0000831e     20c (00008300)     __stack

00009294     24a (00009280)     ePWM

000092c6     24b (000092c0)     v_pin_V_PV
000092c8     24b (000092c0)     v_pin_V_Bat
000092ca     24b (000092c0)     v_pin_V_EV
000092cc     24b (000092c0)     v_pin_I_PV
000092ce     24b (000092c0)     v_pin_I_Bat
000092d0     24b (000092c0)     v_pin_I_EV
000092d2     24b (000092c0)     abcounter
000092d4     24b (000092c0)     ext_V_EV
000092d6     24b (000092c0)     ext_I_EV
000092d8     24b (000092c0)     ext_V_PV
000092da     24b (000092c0)     ext_I_PV
000092dc     24b (000092c0)     ext_V_Bat
000092de     24b (000092c0)     ext_I_Bat

00009342     24d (00009340)     V_Storage_Max

00009384     24e (00009380)     __TI_enable_exit_profile_output
00009386     24e (00009380)     __TI_cleanup_ptr
00009388     24e (00009380)     __TI_dtors_ptr
0000938c     24e (00009380)     PilHandle
000093ba     24e (00009380)     _lock

000093ea     24f (000093c0)     i2c_tx_index

0005d200    1748 (0005d200)     ClkCfgRegs

0005d300    174c (0005d300)     CpuSysRegs

0005d700    175c (0005d700)     AnalogSubsysRegs

000800a9    2002 (00080080)     PIL_SLINK_crc16Lookup


GLOBAL SYMBOLS: SORTED ALPHABETICALLY BY Name 

page  address   name                                 
----  -------   ----                                 
0     00082225  ADCA1_ISR                            
0     0008221b  ADCA2_ISR                            
0     00082211  ADCA3_ISR                            
0     00082207  ADCA4_ISR                            
0     000821fd  ADCA_EVT_ISR                         
0     000821f3  ADCB1_ISR                            
0     000821e9  ADCB2_ISR                            
0     000821df  ADCB3_ISR                            
0     000821d5  ADCB4_ISR                            
0     000821cb  ADCB_EVT_ISR                         
0     000821c1  ADCC1_ISR                            
0     000821b7  ADCC2_ISR                            
0     000821ad  ADCC3_ISR                            
0     000821a3  ADCC4_ISR                            
0     00082199  ADCC_EVT_ISR                         
0     00008314  AdcHandles                           
0     00008218  AdcObj                               
1     00007400  AdcaRegs                             
1     00000b00  AdcaResultRegs                       
1     00007480  AdcbRegs                             
1     00000b20  AdcbResultRegs                       
1     00007500  AdccRegs                             
1     00000b40  AdccResultRegs                       
1     0005d700  AnalogSubsysRegs                     
0     00084456  C$$EXIT                              
0     0008218f  CANA0_ISR                            
0     00082185  CANA1_ISR                            
0     0008217b  CANB0_ISR                            
0     00082171  CANB1_ISR                            
0     00082167  CLA1PROMCRC_ISR                      
0     0008215d  CLA1_1_ISR                           
0     00082153  CLA1_2_ISR                           
0     00082149  CLA1_3_ISR                           
0     0008213f  CLA1_4_ISR                           
0     00082135  CLA1_5_ISR                           
0     0008212b  CLA1_6_ISR                           
0     00082121  CLA1_7_ISR                           
0     00082117  CLA1_8_ISR                           
0     0008210d  CLA_OVERFLOW_ISR                     
0     00082103  CLA_UNDERFLOW_ISR                    
1     0005d200  ClkCfgRegs                           
1     0005d300  CpuSysRegs                           
1     00000c00  CpuTimer0Regs                        
1     00000c08  CpuTimer1Regs                        
1     00000c10  CpuTimer2Regs                        
0     000820f9  DATALOG_ISR                          
0     00083edd  DISPR_background                     
0     00083ff9  DISPR_configure                      
0     000844e0  DISPR_disableInt                     
0     00084500  DISPR_dispatch                       
0     00083ff2  DISPR_registerIdleTask               
0     00083feb  DISPR_registerPanicCallback          
0     00083fe4  DISPR_registerSyncCallback           
0     00083fa4  DISPR_registerTask                   
0     00083eca  DISPR_reset                          
0     000844e4  DISPR_restoreInt                     
0     00083f9c  DISPR_setPowerupDelay                
0     00083f8f  DISPR_sinit                          
0     00083f57  DISPR_start                          
0     000820ef  DMA_CH1_ISR                          
0     000820e5  DMA_CH2_ISR                          
0     000820db  DMA_CH3_ISR                          
0     000820d1  DMA_CH4_ISR                          
0     000820c7  DMA_CH5_ISR                          
0     000820bd  DMA_CH6_ISR                          
0     0008424b  DevInit                              
0     00008108  DisprHandle                          
0     0000810a  DisprObj                             
0     000820b3  ECAP1_ISR                            
0     000820a9  ECAP2_ISR                            
0     0008209f  ECAP3_ISR                            
0     00082095  ECAP4_ISR                            
0     0008208b  ECAP5_ISR                            
0     00082081  ECAP6_2_ISR                          
0     00082077  ECAP6_ISR                            
0     0008206d  ECAP7_2_ISR                          
0     00082063  ECAP7_ISR                            
0     00082056  EMPTY_ISR                            
0     0008204c  EMU_ISR                              
0     00082042  EPWM1_ISR                            
0     00082038  EPWM1_TZ_ISR                         
0     0008202e  EPWM2_ISR                            
0     00082024  EPWM2_TZ_ISR                         
0     0008201a  EPWM3_ISR                            
0     00082010  EPWM3_TZ_ISR                         
0     00082006  EPWM4_ISR                            
0     00081ffc  EPWM4_TZ_ISR                         
0     00081ff2  EPWM5_ISR                            
0     00081fe8  EPWM5_TZ_ISR                         
0     00081fde  EPWM6_ISR                            
0     00081fd4  EPWM6_TZ_ISR                         
0     00081fca  EPWM7_ISR                            
0     00081fc0  EPWM7_TZ_ISR                         
0     00081fb6  EPWM8_ISR                            
0     00081fac  EPWM8_TZ_ISR                         
1     00004000  EPwm1Regs                            
1     00004100  EPwm2Regs                            
1     00004200  EPwm3Regs                            
1     00004300  EPwm4Regs                            
1     00004400  EPwm5Regs                            
1     00004500  EPwm6Regs                            
1     00004600  EPwm7Regs                            
1     00004700  EPwm8Regs                            
0     00081fa2  EQEP1_ISR                            
0     00081f98  EQEP2_ISR                            
0     00008308  EpwmHandles                          
0     000082a8  EpwmObj                              
0     00081f8e  FLASH_CORRECTABLE_ERROR_ISR          
0     00081f84  FPU_OVERFLOW_ISR                     
0     00081f7a  FPU_UNDERFLOW_ISR                    
0     00081f70  FSIRXA1_ISR                          
0     00081f66  FSIRXA2_ISR                          
0     00081f5c  FSITXA1_ISR                          
0     00081f52  FSITXA2_ISR                          
0     00009246  Flash_initModule                     
0     0000926e  Flash_powerDown                      
0     0000927e  Flash_wakeFromLPM                    
0     00083ba1  GPIO_getDirectionMode                
0     00083c2a  GPIO_getPadConfig                    
0     00083c8a  GPIO_getQualificationMode            
0     00083cf9  GPIO_setAnalogMode                   
0     00083b7a  GPIO_setDirectionMode                
0     00083bb7  GPIO_setInterruptPin                 
0     00083ccd  GPIO_setMasterCore                   
0     00083be2  GPIO_setPadConfig                    
0     00083d21  GPIO_setPinConfig                    
0     00083c5e  GPIO_setQualificationMode            
0     00083cab  GPIO_setQualificationPeriod          
1     00007c00  GpioCtrlRegs                         
1     00007f00  GpioDataRegs                         
0     00081f48  I2CA_FIFO_ISR                        
0     00081f3e  I2CA_ISR                             
1     00007300  I2caRegs                             
0     00081f34  ILLEGAL_ISR                          
0     000844c6  ISR_ILLEGAL                          
0     000841d1  InitFlashHz                          
0     00081f2a  LINA_0_ISR                           
0     00081f20  LINA_1_ISR                           
0     000082fe  MEP_SF                               
0     0000831d  MEP_ScaleFactor                      
0     000841c1  MemCopy                              
0     00081f16  NMI_ISR                              
0     00081f0c  NOTUSED_ISR                          
0     00081f02  PIE_RESERVED_ISR                     
0     00083327  PIL_BSRVS_init                       
0     000833e8  PIL_BSRVS_messageHandler             
0     0008334d  PIL_BSRVS_setErrorMessage_p          
0     00083344  PIL_BSRVS_setWriteInterlockHandler   
0     000830b5  PIL_DCLINK_configure                 
0     000830be  PIL_DCLINK_getCommunicationHandle    
0     00083080  PIL_DCLINK_init                      
0     00083314  PIL_DCLINK_poll                      
0     000830c9  PIL_DCLINK_setBuffer                 
0     000844e7  PIL_DisableInt                       
0     00083d64  PIL_PBRIDGE_configure                
0     00083d58  PIL_PBRIDGE_init                     
0     00083eb5  PIL_PBRIDGE_poll                     
0     00083d6d  PIL_PBRIDGE_setProtocol              
0     000811e8  PIL_PROBES_getActualPilMode          
0     000811fd  PIL_PROBES_getActualPilStep          
0     000811ef  PIL_PROBES_getDesiredPilMode         
0     00081207  PIL_PROBES_getDesiredPilStep         
0     000811f6  PIL_PROBES_getPreviousPilMode        
0     00081199  PIL_PROBES_init                      
0     0008133b  PIL_PROBES_messageHandler            
0     000811c6  PIL_PROBES_setActualPilMode          
0     000811dc  PIL_PROBES_setActualPilStep          
0     000811d3  PIL_PROBES_setDesiredPilMode         
0     00083802  PIL_RA_init                          
0     00083931  PIL_RA_pollLinkReq                   
0     000838df  PIL_RA_pollLinkRsp                   
0     0008389a  PIL_RA_registerService               
0     0008222f  PIL_RA_serialIn                      
0     000838c2  PIL_RA_serialIn_p                    
0     0008223e  PIL_RA_serialOut                     
0     000838d1  PIL_RA_serialOut_p                   
0     00083876  PIL_RA_setChecksum                   
0     0008385e  PIL_RA_setGuid                       
0     0008388e  PIL_RA_setNodeAddress                
0     000842ea  PIL_RBUF_isEmpty                     
0     00084322  PIL_RBUF_pop                         
0     000842f8  PIL_RBUF_push                        
0     000842df  PIL_RBUF_reset                       
0     000844eb  PIL_RestoreInt                       
0     000817ec  PIL_SCOPE_init                       
0     00081b30  PIL_SCOPE_messageHandler             
0     0008224c  PIL_SCOPE_sample                     
0     0008197a  PIL_SCOPE_sample_p                   
0     0008180c  PIL_SCOPE_setBuffer                  
0     00081829  PIL_SCOPE_setIndicator               
0     00082259  PIL_SCOPE_trigger                    
0     00081a4a  PIL_SCOPE_trigger_p                  
0     000800a9  PIL_SLINK_crc16Lookup                
0     00082a9c  PIL_SLINK_in                         
0     00082a76  PIL_SLINK_init                       
0     00082aa9  PIL_SLINK_out                        
0     00082ae1  PIL_SLINK_outBufIsEmpty              
0     00082c7a  PIL_SLINK_receive                    
0     00082c5a  PIL_SLINK_send                       
0     000823e2  PIL_allowPilSimulation               
0     00082521  PIL_backgroundCall                   
0     00082476  PIL_beginInterruptCall               
0     0008231f  PIL_configureDualCoreLink            
0     000822f9  PIL_configureParallelCom             
0     0008240a  PIL_inhibitPilSimulation             
0     000825d4  PIL_init                             
0     00082432  PIL_requestNormalMode                
0     00082449  PIL_requestReadyMode                 
0     000823be  PIL_setAndConfigScopeBuffer          
0     000823d4  PIL_setAndConfigureScopeIndicator    
0     000823b0  PIL_setBackgroundCommCallback        
0     00082298  PIL_setChecksum                      
0     000823a2  PIL_setCtrlCallback                  
0     00082266  PIL_setErrorMessage                  
0     00082274  PIL_setGuid                          
0     00082393  PIL_setNodeAddress                   
0     000822e1  PIL_setSerialComCallback             
0     000825b9  PIL_setWriteInterlockHandler         
0     00082460  PIL_simulationActive                 
0     00009144  PLECS_to_CCS_1_cScriptOutput         
0     000081c0  PLECS_to_CCS_B                       
0     00008180  PLECS_to_CCS_X                       
0     00081198  PLECS_to_CCS_background              
0     0008439c  PLECS_to_CCS_baseTaskInterrupt       
0     00080a30  PLECS_to_CCS_enableTasksInterrupt    
0     00008144  PLECS_to_CCS_errorStatus             
0     00080c3a  PLECS_to_CCS_initHal                 
0     00083589  PLECS_to_CCS_initialize              
0     00008920  PLECS_to_CCS_step                    
0     00080c35  PLECS_to_CCS_syncTimers              
0     00080c1b  PLXHAL_ADC_getIn                     
0     00080bf0  PLXHAL_PWM_enableAllOutputs          
0     00080bd8  PLXHAL_PWM_enableOutputSwap          
0     00080b9d  PLXHAL_PWM_prepareSetOutToXTransition
0     0000908f  PLXHAL_PWM_setDuty                   
0     00008f36  PLXHAL_PWM_setDutyAB                 
0     00008ee7  PLXHAL_PWM_setFallingDelay           
0     00080b53  PLXHAL_PWM_setOverflowSocDelay       
0     00008e92  PLXHAL_PWM_setRisingDelay            
0     00080ad3  PLXHAL_PWM_setSequence               
0     00080aaa  PLXHAL_PWM_setSequenceAq             
0     00008e7a  PLXHAL_PWM_setToOperational          
0     00008e4b  PLXHAL_PWM_setToPassive              
0     00080a48  PLXHAL_PWM_setUnderflowSocDelay      
0     00082d99  PLXHAL_PWM_updateMEP                 
0     0000831a  PLX_AIN_SysClkHz                     
0     000840c1  PLX_AIN_configure                    
0     000840bb  PLX_AIN_init                         
0     0008406f  PLX_AIN_resetChannelSetup            
0     0008405f  PLX_AIN_setDefaultChannelParams      
0     00084022  PLX_AIN_setupChannel                 
0     0008401e  PLX_AIN_sinit                        
0     000842c0  PLX_DIO_configureIn                  
0     00084295  PLX_DIO_configureOut                 
0     0008428f  PLX_DIO_init                         
0     00084287  PLX_DIO_obtainDummyRead              
0     00084284  PLX_DIO_obtainDummyWrite             
0     00084261  PLX_DIO_sinit                        
0     00082e7e  PLX_PWM_configure                    
0     00082e50  PLX_PWM_getRegisterBase              
0     00082e4a  PLX_PWM_init                         
0     00082e2d  PLX_PWM_initializeMEP                
0     00082df4  PLX_PWM_setDefaultParams             
0     00082d9f  PLX_PWM_sinit                        
0     00082d99  PLX_PWM_updateMEP                    
0     00081ef8  PMBUSA_ISR                           
1     00000ce0  PieCtrlRegs                          
1     00000d00  PieVectTable                         
0     0000938c  PilHandle                            
0     00081eee  RAM_ACCESS_VIOLATION_ISR             
0     00081ee4  RAM_CORRECTABLE_ERROR_ISR            
0     00081eda  RTOS_ISR                             
abs   00080a2f  RamfuncsLoadEnd                      
abs   00000973  RamfuncsLoadSize                     
abs   000800bc  RamfuncsLoadStart                    
abs   00008920  RamfuncsRunStart                     
0     00081ed0  SCIA_RX_ISR                          
0     00081ec6  SCIA_TX_ISR                          
0     00081ebc  SCIB_RX_ISR                          
0     00081eb2  SCIB_TX_ISR                          
0     00081ea8  SD1DR1_ISR                           
0     00081e9e  SD1DR2_ISR                           
0     00081e94  SD1DR3_ISR                           
0     00081e8a  SD1DR4_ISR                           
0     00081e80  SD1_ISR                              
0     0008397c  SFO                                  
0     0000830e  SFO_CAL                              
0     00081e76  SPIA_RX_ISR                          
0     00081e6c  SPIA_TX_ISR                          
0     00081e62  SPIB_RX_ISR                          
0     00081e58  SPIB_TX_ISR                          
0     00081e4e  SYS_PLL_SLIP_ISR                     
0     00084343  SetVREF                              
0     0000928f  SysCtl_delay                         
0     000827ba  SysCtl_getClock                      
0     0008295e  SysCtl_getDeviceParametric           
0     00082944  SysCtl_getLowSpeedClock              
0     000829b9  SysCtl_isPLLValid                    
0     00082912  SysCtl_selectOscSource               
0     000828d4  SysCtl_selectXTAL                    
0     000828f8  SysCtl_selectXTALSingleEnded         
0     00082818  SysCtl_setClock                      
0     00081e44  TIMER0_ISR                           
0     00081e3a  TIMER1_ISR                           
0     00081e30  TIMER2_ISR                           
0     000082f4  TaskObj                              
0     00081e26  USER10_ISR                           
0     00081e1c  USER11_ISR                           
0     00081e12  USER12_ISR                           
0     00081e08  USER1_ISR                            
0     00081dfe  USER2_ISR                            
0     00081df4  USER3_ISR                            
0     00081dea  USER4_ISR                            
0     00081de0  USER5_ISR                            
0     00081dd6  USER6_ISR                            
0     00081dcc  USER7_ISR                            
0     00081dc2  USER8_ISR                            
0     00081db8  USER9_ISR                            
0     00009342  V_Storage_Max                        
0     00081dae  WAKE_ISR                             
0     00081da4  XINT1_ISR                            
0     00081d9a  XINT2_ISR                            
0     00081d90  XINT3_ISR                            
0     00081d86  XINT4_ISR                            
0     00081d7c  XINT5_ISR                            
0     000846b6  __TI_CINIT_Base                      
0     000846c2  __TI_CINIT_Limit                     
0     000846c2  __TI_CINIT_Warm                      
0     000846a8  __TI_Handler_Table_Base              
0     000846ae  __TI_Handler_Table_Limit             
0     0000891e  __TI_STACK_END                       
abs   00000600  __TI_STACK_SIZE                      
0     00084401  __TI_auto_init_nobinit_nopinit       
0     00009386  __TI_cleanup_ptr                     
0     000843d3  __TI_decompress_lzss                 
0     000844d0  __TI_decompress_none                 
0     00009388  __TI_dtors_ptr                       
0     00009384  __TI_enable_exit_profile_output      
abs   ffffffff  __TI_pprof_out_hndl                  
abs   ffffffff  __TI_prof_data_size                  
abs   ffffffff  __TI_prof_data_start                 
0     000844ee  __TI_zero_init                       
0     0008442c  __c28xabi_cmpd                       
abs   ffffffff  __c_args__                           
0     0000831e  __stack                              
0     000844b4  _args_main                           
0     0008449d  _c_int00                             
0     000093ba  _lock                                
0     000844fc  _nop                                 
0     000844fd  _system_post_cinit                   
0     000844fa  _system_pre_init                     
0     000092d2  abcounter                            
0     00084456  abort                                
0     00080000  code_start                           
0     00009294  ePWM                                 
0     00084458  exit                                 
0     000092de  ext_I_Bat                            
0     000092d6  ext_I_EV                             
0     000092da  ext_I_PV                             
0     000092dc  ext_V_Bat                            
0     000092d4  ext_V_EV                             
0     000092d8  ext_V_PV                             
0     000093ea  i2c_tx_index                         
0     00084171  init_I2C_Hardware                    
0     000841a6  main                                 
0     0008447f  memcpy                               
0     000844f4  memset                               
0     0008413a  respond_to_ESP32                     
0     000082e4  telemetry_buffer                     
0     0008411b  update_telemetry_data                
0     000092ce  v_pin_I_Bat                          
0     000092d0  v_pin_I_EV                           
0     000092cc  v_pin_I_PV                           
0     000092c8  v_pin_V_Bat                          
0     000092ca  v_pin_V_EV                           
0     000092c6  v_pin_V_PV                           


GLOBAL SYMBOLS: SORTED BY Symbol Address 

page  address   name                                 
----  -------   ----                                 
0     00008108  DisprHandle                          
0     0000810a  DisprObj                             
0     00008144  PLECS_to_CCS_errorStatus             
0     00008180  PLECS_to_CCS_X                       
0     000081c0  PLECS_to_CCS_B                       
0     00008218  AdcObj                               
0     000082a8  EpwmObj                              
0     000082e4  telemetry_buffer                     
0     000082f4  TaskObj                              
0     000082fe  MEP_SF                               
0     00008308  EpwmHandles                          
0     0000830e  SFO_CAL                              
0     00008314  AdcHandles                           
0     0000831a  PLX_AIN_SysClkHz                     
0     0000831d  MEP_ScaleFactor                      
0     0000831e  __stack                              
0     0000891e  __TI_STACK_END                       
0     00008920  PLECS_to_CCS_step                    
0     00008e4b  PLXHAL_PWM_setToPassive              
0     00008e7a  PLXHAL_PWM_setToOperational          
0     00008e92  PLXHAL_PWM_setRisingDelay            
0     00008ee7  PLXHAL_PWM_setFallingDelay           
0     00008f36  PLXHAL_PWM_setDutyAB                 
0     0000908f  PLXHAL_PWM_setDuty                   
0     00009144  PLECS_to_CCS_1_cScriptOutput         
0     00009246  Flash_initModule                     
0     0000926e  Flash_powerDown                      
0     0000927e  Flash_wakeFromLPM                    
0     0000928f  SysCtl_delay                         
0     00009294  ePWM                                 
0     000092c6  v_pin_V_PV                           
0     000092c8  v_pin_V_Bat                          
0     000092ca  v_pin_V_EV                           
0     000092cc  v_pin_I_PV                           
0     000092ce  v_pin_I_Bat                          
0     000092d0  v_pin_I_EV                           
0     000092d2  abcounter                            
0     000092d4  ext_V_EV                             
0     000092d6  ext_I_EV                             
0     000092d8  ext_V_PV                             
0     000092da  ext_I_PV                             
0     000092dc  ext_V_Bat                            
0     000092de  ext_I_Bat                            
0     00009342  V_Storage_Max                        
0     00009384  __TI_enable_exit_profile_output      
0     00009386  __TI_cleanup_ptr                     
0     00009388  __TI_dtors_ptr                       
0     0000938c  PilHandle                            
0     000093ba  _lock                                
0     000093ea  i2c_tx_index                         
0     00080000  code_start                           
0     000800a9  PIL_SLINK_crc16Lookup                
0     00080a30  PLECS_to_CCS_enableTasksInterrupt    
0     00080a48  PLXHAL_PWM_setUnderflowSocDelay      
0     00080aaa  PLXHAL_PWM_setSequenceAq             
0     00080ad3  PLXHAL_PWM_setSequence               
0     00080b53  PLXHAL_PWM_setOverflowSocDelay       
0     00080b9d  PLXHAL_PWM_prepareSetOutToXTransition
0     00080bd8  PLXHAL_PWM_enableOutputSwap          
0     00080bf0  PLXHAL_PWM_enableAllOutputs          
0     00080c1b  PLXHAL_ADC_getIn                     
0     00080c35  PLECS_to_CCS_syncTimers              
0     00080c3a  PLECS_to_CCS_initHal                 
0     00081198  PLECS_to_CCS_background              
0     00081199  PIL_PROBES_init                      
0     000811c6  PIL_PROBES_setActualPilMode          
0     000811d3  PIL_PROBES_setDesiredPilMode         
0     000811dc  PIL_PROBES_setActualPilStep          
0     000811e8  PIL_PROBES_getActualPilMode          
0     000811ef  PIL_PROBES_getDesiredPilMode         
0     000811f6  PIL_PROBES_getPreviousPilMode        
0     000811fd  PIL_PROBES_getActualPilStep          
0     00081207  PIL_PROBES_getDesiredPilStep         
0     0008133b  PIL_PROBES_messageHandler            
0     000817ec  PIL_SCOPE_init                       
0     0008180c  PIL_SCOPE_setBuffer                  
0     00081829  PIL_SCOPE_setIndicator               
0     0008197a  PIL_SCOPE_sample_p                   
0     00081a4a  PIL_SCOPE_trigger_p                  
0     00081b30  PIL_SCOPE_messageHandler             
0     00081d7c  XINT5_ISR                            
0     00081d86  XINT4_ISR                            
0     00081d90  XINT3_ISR                            
0     00081d9a  XINT2_ISR                            
0     00081da4  XINT1_ISR                            
0     00081dae  WAKE_ISR                             
0     00081db8  USER9_ISR                            
0     00081dc2  USER8_ISR                            
0     00081dcc  USER7_ISR                            
0     00081dd6  USER6_ISR                            
0     00081de0  USER5_ISR                            
0     00081dea  USER4_ISR                            
0     00081df4  USER3_ISR                            
0     00081dfe  USER2_ISR                            
0     00081e08  USER1_ISR                            
0     00081e12  USER12_ISR                           
0     00081e1c  USER11_ISR                           
0     00081e26  USER10_ISR                           
0     00081e30  TIMER2_ISR                           
0     00081e3a  TIMER1_ISR                           
0     00081e44  TIMER0_ISR                           
0     00081e4e  SYS_PLL_SLIP_ISR                     
0     00081e58  SPIB_TX_ISR                          
0     00081e62  SPIB_RX_ISR                          
0     00081e6c  SPIA_TX_ISR                          
0     00081e76  SPIA_RX_ISR                          
0     00081e80  SD1_ISR                              
0     00081e8a  SD1DR4_ISR                           
0     00081e94  SD1DR3_ISR                           
0     00081e9e  SD1DR2_ISR                           
0     00081ea8  SD1DR1_ISR                           
0     00081eb2  SCIB_TX_ISR                          
0     00081ebc  SCIB_RX_ISR                          
0     00081ec6  SCIA_TX_ISR                          
0     00081ed0  SCIA_RX_ISR                          
0     00081eda  RTOS_ISR                             
0     00081ee4  RAM_CORRECTABLE_ERROR_ISR            
0     00081eee  RAM_ACCESS_VIOLATION_ISR             
0     00081ef8  PMBUSA_ISR                           
0     00081f02  PIE_RESERVED_ISR                     
0     00081f0c  NOTUSED_ISR                          
0     00081f16  NMI_ISR                              
0     00081f20  LINA_1_ISR                           
0     00081f2a  LINA_0_ISR                           
0     00081f34  ILLEGAL_ISR                          
0     00081f3e  I2CA_ISR                             
0     00081f48  I2CA_FIFO_ISR                        
0     00081f52  FSITXA2_ISR                          
0     00081f5c  FSITXA1_ISR                          
0     00081f66  FSIRXA2_ISR                          
0     00081f70  FSIRXA1_ISR                          
0     00081f7a  FPU_UNDERFLOW_ISR                    
0     00081f84  FPU_OVERFLOW_ISR                     
0     00081f8e  FLASH_CORRECTABLE_ERROR_ISR          
0     00081f98  EQEP2_ISR                            
0     00081fa2  EQEP1_ISR                            
0     00081fac  EPWM8_TZ_ISR                         
0     00081fb6  EPWM8_ISR                            
0     00081fc0  EPWM7_TZ_ISR                         
0     00081fca  EPWM7_ISR                            
0     00081fd4  EPWM6_TZ_ISR                         
0     00081fde  EPWM6_ISR                            
0     00081fe8  EPWM5_TZ_ISR                         
0     00081ff2  EPWM5_ISR                            
0     00081ffc  EPWM4_TZ_ISR                         
0     00082006  EPWM4_ISR                            
0     00082010  EPWM3_TZ_ISR                         
0     0008201a  EPWM3_ISR                            
0     00082024  EPWM2_TZ_ISR                         
0     0008202e  EPWM2_ISR                            
0     00082038  EPWM1_TZ_ISR                         
0     00082042  EPWM1_ISR                            
0     0008204c  EMU_ISR                              
0     00082056  EMPTY_ISR                            
0     00082063  ECAP7_ISR                            
0     0008206d  ECAP7_2_ISR                          
0     00082077  ECAP6_ISR                            
0     00082081  ECAP6_2_ISR                          
0     0008208b  ECAP5_ISR                            
0     00082095  ECAP4_ISR                            
0     0008209f  ECAP3_ISR                            
0     000820a9  ECAP2_ISR                            
0     000820b3  ECAP1_ISR                            
0     000820bd  DMA_CH6_ISR                          
0     000820c7  DMA_CH5_ISR                          
0     000820d1  DMA_CH4_ISR                          
0     000820db  DMA_CH3_ISR                          
0     000820e5  DMA_CH2_ISR                          
0     000820ef  DMA_CH1_ISR                          
0     000820f9  DATALOG_ISR                          
0     00082103  CLA_UNDERFLOW_ISR                    
0     0008210d  CLA_OVERFLOW_ISR                     
0     00082117  CLA1_8_ISR                           
0     00082121  CLA1_7_ISR                           
0     0008212b  CLA1_6_ISR                           
0     00082135  CLA1_5_ISR                           
0     0008213f  CLA1_4_ISR                           
0     00082149  CLA1_3_ISR                           
0     00082153  CLA1_2_ISR                           
0     0008215d  CLA1_1_ISR                           
0     00082167  CLA1PROMCRC_ISR                      
0     00082171  CANB1_ISR                            
0     0008217b  CANB0_ISR                            
0     00082185  CANA1_ISR                            
0     0008218f  CANA0_ISR                            
0     00082199  ADCC_EVT_ISR                         
0     000821a3  ADCC4_ISR                            
0     000821ad  ADCC3_ISR                            
0     000821b7  ADCC2_ISR                            
0     000821c1  ADCC1_ISR                            
0     000821cb  ADCB_EVT_ISR                         
0     000821d5  ADCB4_ISR                            
0     000821df  ADCB3_ISR                            
0     000821e9  ADCB2_ISR                            
0     000821f3  ADCB1_ISR                            
0     000821fd  ADCA_EVT_ISR                         
0     00082207  ADCA4_ISR                            
0     00082211  ADCA3_ISR                            
0     0008221b  ADCA2_ISR                            
0     00082225  ADCA1_ISR                            
0     0008222f  PIL_RA_serialIn                      
0     0008223e  PIL_RA_serialOut                     
0     0008224c  PIL_SCOPE_sample                     
0     00082259  PIL_SCOPE_trigger                    
0     00082266  PIL_setErrorMessage                  
0     00082274  PIL_setGuid                          
0     00082298  PIL_setChecksum                      
0     000822e1  PIL_setSerialComCallback             
0     000822f9  PIL_configureParallelCom             
0     0008231f  PIL_configureDualCoreLink            
0     00082393  PIL_setNodeAddress                   
0     000823a2  PIL_setCtrlCallback                  
0     000823b0  PIL_setBackgroundCommCallback        
0     000823be  PIL_setAndConfigScopeBuffer          
0     000823d4  PIL_setAndConfigureScopeIndicator    
0     000823e2  PIL_allowPilSimulation               
0     0008240a  PIL_inhibitPilSimulation             
0     00082432  PIL_requestNormalMode                
0     00082449  PIL_requestReadyMode                 
0     00082460  PIL_simulationActive                 
0     00082476  PIL_beginInterruptCall               
0     00082521  PIL_backgroundCall                   
0     000825b9  PIL_setWriteInterlockHandler         
0     000825d4  PIL_init                             
0     000827ba  SysCtl_getClock                      
0     00082818  SysCtl_setClock                      
0     000828d4  SysCtl_selectXTAL                    
0     000828f8  SysCtl_selectXTALSingleEnded         
0     00082912  SysCtl_selectOscSource               
0     00082944  SysCtl_getLowSpeedClock              
0     0008295e  SysCtl_getDeviceParametric           
0     000829b9  SysCtl_isPLLValid                    
0     00082a76  PIL_SLINK_init                       
0     00082a9c  PIL_SLINK_in                         
0     00082aa9  PIL_SLINK_out                        
0     00082ae1  PIL_SLINK_outBufIsEmpty              
0     00082c5a  PIL_SLINK_send                       
0     00082c7a  PIL_SLINK_receive                    
0     00082d99  PLXHAL_PWM_updateMEP                 
0     00082d99  PLX_PWM_updateMEP                    
0     00082d9f  PLX_PWM_sinit                        
0     00082df4  PLX_PWM_setDefaultParams             
0     00082e2d  PLX_PWM_initializeMEP                
0     00082e4a  PLX_PWM_init                         
0     00082e50  PLX_PWM_getRegisterBase              
0     00082e7e  PLX_PWM_configure                    
0     00083080  PIL_DCLINK_init                      
0     000830b5  PIL_DCLINK_configure                 
0     000830be  PIL_DCLINK_getCommunicationHandle    
0     000830c9  PIL_DCLINK_setBuffer                 
0     00083314  PIL_DCLINK_poll                      
0     00083327  PIL_BSRVS_init                       
0     00083344  PIL_BSRVS_setWriteInterlockHandler   
0     0008334d  PIL_BSRVS_setErrorMessage_p          
0     000833e8  PIL_BSRVS_messageHandler             
0     00083589  PLECS_to_CCS_initialize              
0     00083802  PIL_RA_init                          
0     0008385e  PIL_RA_setGuid                       
0     00083876  PIL_RA_setChecksum                   
0     0008388e  PIL_RA_setNodeAddress                
0     0008389a  PIL_RA_registerService               
0     000838c2  PIL_RA_serialIn_p                    
0     000838d1  PIL_RA_serialOut_p                   
0     000838df  PIL_RA_pollLinkRsp                   
0     00083931  PIL_RA_pollLinkReq                   
0     0008397c  SFO                                  
0     00083b7a  GPIO_setDirectionMode                
0     00083ba1  GPIO_getDirectionMode                
0     00083bb7  GPIO_setInterruptPin                 
0     00083be2  GPIO_setPadConfig                    
0     00083c2a  GPIO_getPadConfig                    
0     00083c5e  GPIO_setQualificationMode            
0     00083c8a  GPIO_getQualificationMode            
0     00083cab  GPIO_setQualificationPeriod          
0     00083ccd  GPIO_setMasterCore                   
0     00083cf9  GPIO_setAnalogMode                   
0     00083d21  GPIO_setPinConfig                    
0     00083d58  PIL_PBRIDGE_init                     
0     00083d64  PIL_PBRIDGE_configure                
0     00083d6d  PIL_PBRIDGE_setProtocol              
0     00083eb5  PIL_PBRIDGE_poll                     
0     00083eca  DISPR_reset                          
0     00083edd  DISPR_background                     
0     00083f57  DISPR_start                          
0     00083f8f  DISPR_sinit                          
0     00083f9c  DISPR_setPowerupDelay                
0     00083fa4  DISPR_registerTask                   
0     00083fe4  DISPR_registerSyncCallback           
0     00083feb  DISPR_registerPanicCallback          
0     00083ff2  DISPR_registerIdleTask               
0     00083ff9  DISPR_configure                      
0     0008401e  PLX_AIN_sinit                        
0     00084022  PLX_AIN_setupChannel                 
0     0008405f  PLX_AIN_setDefaultChannelParams      
0     0008406f  PLX_AIN_resetChannelSetup            
0     000840bb  PLX_AIN_init                         
0     000840c1  PLX_AIN_configure                    
0     0008411b  update_telemetry_data                
0     0008413a  respond_to_ESP32                     
0     00084171  init_I2C_Hardware                    
0     000841a6  main                                 
0     000841c1  MemCopy                              
0     000841d1  InitFlashHz                          
0     0008424b  DevInit                              
0     00084261  PLX_DIO_sinit                        
0     00084284  PLX_DIO_obtainDummyWrite             
0     00084287  PLX_DIO_obtainDummyRead              
0     0008428f  PLX_DIO_init                         
0     00084295  PLX_DIO_configureOut                 
0     000842c0  PLX_DIO_configureIn                  
0     000842df  PIL_RBUF_reset                       
0     000842ea  PIL_RBUF_isEmpty                     
0     000842f8  PIL_RBUF_push                        
0     00084322  PIL_RBUF_pop                         
0     00084343  SetVREF                              
0     0008439c  PLECS_to_CCS_baseTaskInterrupt       
0     000843d3  __TI_decompress_lzss                 
0     00084401  __TI_auto_init_nobinit_nopinit       
0     0008442c  __c28xabi_cmpd                       
0     00084456  C$$EXIT                              
0     00084456  abort                                
0     00084458  exit                                 
0     0008447f  memcpy                               
0     0008449d  _c_int00                             
0     000844b4  _args_main                           
0     000844c6  ISR_ILLEGAL                          
0     000844d0  __TI_decompress_none                 
0     000844e0  DISPR_disableInt                     
0     000844e4  DISPR_restoreInt                     
0     000844e7  PIL_DisableInt                       
0     000844eb  PIL_RestoreInt                       
0     000844ee  __TI_zero_init                       
0     000844f4  memset                               
0     000844fa  _system_pre_init                     
0     000844fc  _nop                                 
0     000844fd  _system_post_cinit                   
0     00084500  DISPR_dispatch                       
0     000846a8  __TI_Handler_Table_Base              
0     000846ae  __TI_Handler_Table_Limit             
0     000846b6  __TI_CINIT_Base                      
0     000846c2  __TI_CINIT_Limit                     
0     000846c2  __TI_CINIT_Warm                      
1     00000b00  AdcaResultRegs                       
1     00000b20  AdcbResultRegs                       
1     00000b40  AdccResultRegs                       
1     00000c00  CpuTimer0Regs                        
1     00000c08  CpuTimer1Regs                        
1     00000c10  CpuTimer2Regs                        
1     00000ce0  PieCtrlRegs                          
1     00000d00  PieVectTable                         
1     00004000  EPwm1Regs                            
1     00004100  EPwm2Regs                            
1     00004200  EPwm3Regs                            
1     00004300  EPwm4Regs                            
1     00004400  EPwm5Regs                            
1     00004500  EPwm6Regs                            
1     00004600  EPwm7Regs                            
1     00004700  EPwm8Regs                            
1     00007300  I2caRegs                             
1     00007400  AdcaRegs                             
1     00007480  AdcbRegs                             
1     00007500  AdccRegs                             
1     00007c00  GpioCtrlRegs                         
1     00007f00  GpioDataRegs                         
1     0005d200  ClkCfgRegs                           
1     0005d300  CpuSysRegs                           
1     0005d700  AnalogSubsysRegs                     
abs   00000600  __TI_STACK_SIZE                      
abs   00000973  RamfuncsLoadSize                     
abs   00008920  RamfuncsRunStart                     
abs   000800bc  RamfuncsLoadStart                    
abs   00080a2f  RamfuncsLoadEnd                      
abs   ffffffff  __TI_pprof_out_hndl                  
abs   ffffffff  __TI_prof_data_size                  
abs   ffffffff  __TI_prof_data_start                 
abs   ffffffff  __c_args__                           

[376 symbols]
