******************************************************************************
             TMS320C2000 Linker PC v25.11.0                    
******************************************************************************
>> Linked Tue Apr 21 18:41:46 2026

OUTPUT FILE NAME:   <dev_280049_v2_2.out>
ENTRY POINT SYMBOL: "_c_int00"  address: 0008450d


MEMORY CONFIGURATION

         name            origin    length      used     unused   attr    fill
----------------------  --------  ---------  --------  --------  ----  --------
PAGE 0:
  BOOT_RSVD             00000002   000000f3  00000000  000000f3  RWIX
  RAMM0                 000000f6   0000030a  00000000  0000030a  RWIX
  RAMM1                 00000400   00000400  00000000  00000400  RWIX
  RAMLS                 00008000   00003f00  000013b3  00002b4d  RWIX
  RAMLS7_RSVD           0000bf00   00000100  00000000  00000100  RWIX
  BEGIN                 00080000   00000002  00000002  00000000  RWIX
  FLASH_BANK0           00080002   0000fffe  00004728  0000b8d6  RWIX
  FLASH_BANK1_SEC0_RSVD 00090000   00001000  00000000  00001000  RWIX
  FLASH_BANK1_SEC1_RSVD 00091000   00001000  00000000  00001000  RWIX
  FLASH_BANK1_SEC2_RSVD 00092000   00001000  00000000  00001000  RWIX
  FLASH_BANK1_SEC3_RSVD 00093000   00001000  00000000  00001000  RWIX
  FLASH_BANK1_SEC4_RSVD 00094000   00001000  00000000  00001000  RWIX
  FLASH_BANK1_SEC5_RSVD 00095000   00001000  00000000  00001000  RWIX
  FLASH_BANK1_SEC6_RSVD 00096000   00001000  00000000  00001000  RWIX
  FLASH_BANK1_SEC7_RSVD 00097000   00001000  00000000  00001000  RWIX
  FLASH_BANK1_SEC8_RSVD 00098000   00001000  00000000  00001000  RWIX
  FLASH_BANK1_SEC9_RSVD 00099000   00001000  00000000  00001000  RWIX
  FLASH_BANK1_SEC10_RSV 0009a000   00001000  00000000  00001000  RWIX
  FLASH_BANK1_SEC11_RSV 0009b000   00001000  00000000  00001000  RWIX
  FLASH_BANK1_SEC12_RSV 0009c000   00001000  00000000  00001000  RWIX
  FLASH_BANK1_SEC13_RSV 0009d000   00001000  00000000  00001000  RWIX
  FLASH_BANK1_SEC14_RSV 0009e000   00001000  00000000  00001000  RWIX
  FLASH_BANK1_SEC15_RSV 0009f000   00001000  00000000  00001000  RWIX
  RESET                 003fffc0   00000002  00000000  00000002  RWIX

PAGE 1:
  ADCARESULT            00000b00   00000018  00000018  00000000  RWIX
  ADCBRESULT            00000b20   00000018  00000018  00000000  RWIX
  ADCCRESULT            00000b40   00000018  00000018  00000000  RWIX
  CPUTIMER0             00000c00   00000008  00000008  00000000  RWIX
  CPUTIMER1             00000c08   00000008  00000008  00000000  RWIX
  CPUTIMER2             00000c10   00000008  00000008  00000000  RWIX
  PIECTRL               00000ce0   0000001a  0000001a  00000000  RWIX
  PIEVECTTABLE          00000d00   00000200  000001c0  00000040  RWIX
  DMA                   00001000   00000200  00000000  00000200  RWIX
  CLA1                  00001400   00000080  00000000  00000080  RWIX
  CLB1LOGICCFG          00003000   00000052  00000000  00000052  RWIX
  CLB1LOGICCTRL         00003100   00000040  00000000  00000040  RWIX
  CLB1DATAEXCH          00003200   00000200  00000000  00000200  RWIX
  CLB2LOGICCFG          00003400   00000052  00000000  00000052  RWIX
  CLB2LOGICCTRL         00003500   00000040  00000000  00000040  RWIX
  CLB2DATAEXCH          00003600   00000200  00000000  00000200  RWIX
  CLB3LOGICCFG          00003800   00000052  00000000  00000052  RWIX
  CLB3LOGICCTRL         00003900   00000040  00000000  00000040  RWIX
  CLB3DATAEXCH          00003a00   00000200  00000000  00000200  RWIX
  CLB4LOGICCFG          00003c00   00000052  00000000  00000052  RWIX
  CLB4LOGICCTRL         00003d00   00000040  00000000  00000040  RWIX
  CLB4DATAEXCH          00003e00   00000200  00000000  00000200  RWIX
  EPWM1                 00004000   00000100  00000100  00000000  RWIX
  EPWM2                 00004100   00000100  00000100  00000000  RWIX
  EPWM3                 00004200   00000100  00000100  00000000  RWIX
  EPWM4                 00004300   00000100  00000100  00000000  RWIX
  EPWM5                 00004400   00000100  00000100  00000000  RWIX
  EPWM6                 00004500   00000100  00000100  00000000  RWIX
  EPWM7                 00004600   00000100  00000100  00000000  RWIX
  EPWM8                 00004700   00000100  00000100  00000000  RWIX
  EQEP1                 00005100   00000040  00000000  00000040  RWIX
  EQEP2                 00005140   00000040  00000000  00000040  RWIX
  ECAP1                 00005200   0000001e  00000000  0000001e  RWIX
  ECAP2                 00005240   0000001e  00000000  0000001e  RWIX
  ECAP3                 00005280   0000001e  00000000  0000001e  RWIX
  ECAP4                 000052c0   0000001e  00000000  0000001e  RWIX
  ECAP5                 00005300   0000001e  00000000  0000001e  RWIX
  ECAP6                 00005340   0000001e  00000000  0000001e  RWIX
  HRCAP6                00005360   00000020  00000000  00000020  RWIX
  ECAP7                 00005380   0000001e  00000000  0000001e  RWIX
  HRCAP7                000053a0   00000020  00000000  00000020  RWIX
  PGA1                  00005b00   00000010  00000000  00000010  RWIX
  PGA2                  00005b10   00000010  00000000  00000010  RWIX
  PGA3                  00005b20   00000010  00000000  00000010  RWIX
  PGA4                  00005b30   00000010  00000000  00000010  RWIX
  PGA5                  00005b40   00000010  00000000  00000010  RWIX
  PGA6                  00005b50   00000010  00000000  00000010  RWIX
  PGA7                  00005b60   00000010  00000000  00000010  RWIX
  DACA                  00005c00   00000008  00000000  00000008  RWIX
  DACB                  00005c10   00000008  00000000  00000008  RWIX
  CMPSS1                00005c80   00000020  00000000  00000020  RWIX
  CMPSS2                00005ca0   00000020  00000000  00000020  RWIX
  CMPSS3                00005cc0   00000020  00000000  00000020  RWIX
  CMPSS4                00005ce0   00000020  00000000  00000020  RWIX
  CMPSS5                00005d00   00000020  00000000  00000020  RWIX
  CMPSS6                00005d20   00000020  00000000  00000020  RWIX
  CMPSS7                00005d40   00000020  00000000  00000020  RWIX
  SDFM1                 00005e00   00000070  00000000  00000070  RWIX
  SPIA                  00006100   00000010  00000000  00000010  RWIX
  SPIB                  00006110   00000010  00000000  00000010  RWIX
  CLAPROMCRC0           000061c0   00000020  00000000  00000020  RWIX
  PMBUSA                00006400   00000020  00000000  00000020  RWIX
  FSITXA                00006600   00000050  00000000  00000050  RWIX
  FSIRXA                00006680   00000050  00000000  00000050  RWIX
  LINA                  00006a00   000000ec  00000000  000000ec  RWIX
  WD                    00007000   0000002b  00000000  0000002b  RWIX
  NMIINTRUPT            00007060   00000007  00000000  00000007  RWIX
  XINT                  00007070   0000000b  00000000  0000000b  RWIX
  SCIA                  00007200   00000010  00000000  00000010  RWIX
  SCIB                  00007210   00000010  00000000  00000010  RWIX
  I2CA                  00007300   00000022  00000022  00000000  RWIX
  ADCA                  00007400   00000080  00000076  0000000a  RWIX
  ADCB                  00007480   00000080  00000076  0000000a  RWIX
  ADCC                  00007500   00000080  00000076  0000000a  RWIX
  INPUTXBAR             00007900   00000020  00000000  00000020  RWIX
  XBAR                  00007920   00000020  00000000  00000020  RWIX
  SYNCSOC               00007940   00000006  00000000  00000006  RWIX
  DMACLASRCSEL          00007980   0000001a  00000000  0000001a  RWIX
  EPWMXBAR              00007a00   00000040  00000000  00000040  RWIX
  CLBXBAR               00007a40   00000040  00000000  00000040  RWIX
  OUTPUTXBAR            00007a80   00000040  00000000  00000040  RWIX
  GPIOCTRL              00007c00   00000200  00000200  00000000  RWIX
  GPIODATA              00007f00   00000040  0000003a  00000006  RWIX
  CANA                  00048000   00000200  00000000  00000200  RWIX
  CANB                  0004a000   00000200  00000000  00000200  RWIX
  DEVCFG                0005d000   00000180  00000000  00000180  RWIX
  CLKCFG                0005d200   00000036  00000034  00000002  RWIX
  CPUSYS                0005d300   00000082  00000082  00000000  RWIX
  SYSPERIPHAC           0005d500   00000200  00000000  00000200  RWIX
  ANALOGSUBSYS          0005d700   00000090  00000090  00000000  RWIX
  DCC0                  0005e700   0000002c  00000000  0000002c  RWIX
  ERADGLOBAL            0005e800   00000013  00000000  00000013  RWIX
  ERADHWBP1             0005e900   00000008  00000000  00000008  RWIX
  ERADHWBP2             0005e908   00000008  00000000  00000008  RWIX
  ERADHWBP3             0005e910   00000008  00000000  00000008  RWIX
  ERADHWBP4             0005e918   00000008  00000000  00000008  RWIX
  ERADHWBP5             0005e920   00000008  00000000  00000008  RWIX
  ERADHWBP6             0005e928   00000008  00000000  00000008  RWIX
  ERADHWBP7             0005e930   00000008  00000000  00000008  RWIX
  ERADHWBP8             0005e938   00000008  00000000  00000008  RWIX
  ERADCOUNTER1          0005e980   00000010  00000000  00000010  RWIX
  ERADCOUNTER2          0005e990   00000010  00000000  00000010  RWIX
  ERADCOUNTER3          0005e9a0   00000010  00000000  00000010  RWIX
  ERADCOUNTER4          0005e9b0   00000010  00000000  00000010  RWIX
  DCSMBANK0Z1           0005f000   00000023  00000000  00000023  RWIX
  DCSMBANK0Z2           0005f040   00000023  00000000  00000023  RWIX
  DCSMCOMMON            0005f070   00000010  00000000  00000010  RWIX
  DCSMBANK1Z1           0005f100   00000023  00000000  00000023  RWIX
  DCSMBANK1Z2           0005f140   00000023  00000000  00000023  RWIX
  MEMCFG                0005f400   00000080  00000000  00000080  RWIX
  ACCESSPROTECTION      0005f4c0   00000040  00000000  00000040  RWIX
  MEMORYERROR           0005f500   00000040  00000000  00000040  RWIX
  FLASH0CTRL            0005f800   00000182  00000000  00000182  RWIX
  FLASH0ECC             0005fb00   00000028  00000000  00000028  RWIX


SECTION ALLOCATION MAP

 output                                  attributes/
section   page    origin      length       input sections
--------  ----  ----------  ----------   ----------------
.bss       0    00008000    0000031e     UNINITIALIZED
                  00008000    00000108     PLECS_to_CCS.obj (.bss:PLECS_to_CCS_cScriptStruct$0)
                  00008108    00000036     dispatcher.obj (.bss)
                  0000813e    00000002     PLECS_to_CCS_1.obj (.bss)
                  00008140    000000d8     PLECS_to_CCS.obj (.bss)
                  00008218    00000090     PLECS_to_CCS_hal.obj (.bss:AdcObj)
                  000082a8    0000001e     PLECS_to_CCS_hal.obj (.bss:EpwmObj)
                  000082c6    0000001e     dio_28004x.obj (.bss)
                  000082e4    00000010     PLECS_to_CCS_main.obj (.bss:telemetry_buffer)
                  000082f4    0000000a     PLECS_to_CCS_hal.obj (.bss:TaskObj)
                  000082fe    00000009     SFO_v8_fpu_lib_build_c28_driverlib_eabi.lib : SFO_v8_fpu_lib_build_c28_driverlib.obj (.bss:MEP_SF)
                  00008307    00000001     PLECS_to_CCS.obj (.bss:PLECS_to_CCS_subTaskHit$0)
                  00008308    00000006     PLECS_to_CCS_hal.obj (.bss:EpwmHandles)
                  0000830e    00000005     SFO_v8_fpu_lib_build_c28_driverlib_eabi.lib : SFO_v8_fpu_lib_build_c28_driverlib.obj (.bss)
                  00008313    00000001     --HOLE--
                  00008314    00000004     PLECS_to_CCS_hal.obj (.bss:AdcHandles)
                  00008318    00000002     PLECS_to_CCS.obj (.bss:PLECS_to_CCS_subTaskTick$0)
                  0000831a    00000002     ain_type5.obj (.bss)
                  0000831c    00000002     epwm_type4.obj (.bss)

codestart 
*          0    00080000    00000002     
                  00080000    00000002     f28004x_codestartbranch.obj (codestart)

.text      0    000809f8    00003b76     
                  000809f8    00000769     PLECS_to_CCS_hal.obj (.text)
                  00081161    0000061f     pil_c28_fpu32_eabi.lib : probes.obj (.text)
                  00081780    000005c4                            : scope.obj (.text)
                  00081d44    000004b3     f28004x_defaultisr.obj (.text:retain)
                  000821f7    00000476     pil_c28_fpu32_eabi.lib : pil.obj (.text)
                  0008266d    000003d1     plx_driverlib_fpu32_eabi.lib : sysctl.obj (.text)
                  00082a3e    00000323     pil_c28_fpu32_eabi.lib : seriallink.obj (.text)
                  00082d61    000002e7     epwm_type4.obj (.text)
                  00083048    000002a7     pil_c28_fpu32_eabi.lib : dualcorelink.obj (.text)
                  000832ef    00000262                            : basicservices.obj (.text)
                  00083551    000001fa     PLECS_to_CCS.obj (.text)
                  0008374b    000001f9     pil_c28_fpu32_eabi.lib : remoteagent.obj (.text)
                  00083944    000001f1     SFO_v8_fpu_lib_build_c28_driverlib_eabi.lib : SFO_v8_fpu_lib_build_c28_driverlib.obj (.text:SFO)
                  00083b35    000001eb     plx_driverlib_fpu32_eabi.lib : gpio.obj (.text)
                  00083d20    00000172     pil_c28_fpu32_eabi.lib : parallelbridge.obj (.text)
                  00083e92    00000154     dispatcher.obj (.text)
                  00083fe6    0000014e     PLECS_to_CCS_main.obj (.text)
                  00084134    000000fd     ain_type5.obj (.text)
                  00084231    000000a0     f28004x_devinit.obj (.text)
                  000842d1    0000007e     dio_28004x.obj (.text)
                  0008434f    00000064     pil_c28_fpu32_eabi.lib : ringbuf.obj (.text)
                  000843b3    00000059     f28004x_adc.obj (.text)
                  0008440c    00000037     PLECS_to_CCS_hal.obj (.text:retain)
                  00084443    0000002e     rts2800_fpu32_eabi.lib : copy_decompress_lzss.c.obj (.text:decompress:lzss)
                  00084471    0000002b                            : autoinit.c.obj (.text:__TI_auto_init_nobinit_nopinit)
                  0008449c    0000002a                            : fd_cmp28.asm.obj (.text)
                  000844c6    00000029                            : exit.c.obj (.text)
                  000844ef    0000001e                            : memcpy.c.obj (.text)
                  0008450d    00000017                            : boot28.asm.obj (.text)
                  00084524    00000012                            : args_main.c.obj (.text)
                  00084536    0000000a     f28004x_devinit.obj (.text:retain)
                  00084540    00000008     rts2800_fpu32_eabi.lib : copy_decompress_none.c.obj (.text:decompress:none)
                  00084548    00000008     f28004x_codestartbranch.obj (.text)
                  00084550    00000007     dispatcher_asm.obj (.text)
                  00084557    00000007     pil_c28_fpu32_eabi.lib : pil_f28x_dis_int.obj (.text)
                  0008455e    00000006     rts2800_fpu32_eabi.lib : copy_zero_init.c.obj (.text:decompress:ZI)
                  00084564    00000006                            : memset.c.obj (.text)
                  0008456a    00000002                            : pre_init.c.obj (.text)
                  0008456c    00000001                            : _lock.c.obj (.text)
                  0008456d    00000001                            : startup.c.obj (.text)

dispatch   0    00084570    000000de     
                  00084570    000000de     dispatcher.obj (dispatch)

.cinit     0    00084650    000000e0     
                  00084650    000000c5     (.cinit..data.load) [load image, compression = lzss]
                  00084715    00000001     --HOLE-- [fill = 0]
                  00084716    00000006     (__TI_handler_table)
                  0008471c    00000004     (.cinit..bss.load) [load image, compression = zero_init]
                  00084720    00000004     (.cinit.PieVectTableFile.load) [load image, compression = zero_init]
                  00084724    0000000c     (__TI_cinit_table)

.stack     0    0000831e    00000600     UNINITIALIZED
                  0000831e    00000600     --HOLE--

.init_array 
*          0    00080004    00000000     UNINITIALIZED

.const     0    00080004    000000b8     
                  00080004    000000a5     dispatcher.obj (.const:.string)
                  000800a9    00000010     pil_c28_fpu32_eabi.lib : seriallink.obj (.const:PIL_SLINK_crc16Lookup)
                  000800b9    00000001     --HOLE-- [fill = 0]
                  000800ba    00000002     PLECS_to_CCS.obj (.const:PLECS_to_CCS_subTaskPeriod$0)

.data      0    0000925c    00000159     UNINITIALIZED
                  0000925c    00000026     epwm_type4.obj (.data:ePWM)
                  00009282    00000010     PLECS_to_CCS.obj (.data)
                  00009292    0000000c     PLECS_to_CCS_0.obj (.data)
                  0000929e    0000000c     PLECS_to_CCS.obj (.data:inputPtrs$2$0)
                  000092aa    0000000c     PLECS_to_CCS.obj (.data:inputs$3$0)
                  000092b6    0000000c     PLECS_to_CCS.obj (.data:outputPtrs$5$0)
                  000092c2    0000000c     PLECS_to_CCS.obj (.data:outputs$6$0)
                  000092ce    0000000c     PLECS_to_CCS.obj (.data:terminalSampleTimeOffsetPtrs$14$0)
                  000092da    0000000c     PLECS_to_CCS.obj (.data:terminalSampleTimeOffsets$12$0)
                  000092e6    0000000c     PLECS_to_CCS.obj (.data:terminalSampleTimePeriodPtrs$13$0)
                  000092f2    0000000c     PLECS_to_CCS.obj (.data:terminalSampleTimePeriods$11$0)
                  000092fe    00000002     rts2800_fpu32_eabi.lib : _lock.c.obj (.data:_lock)
                  00009300    00000008     PLECS_to_CCS_2.obj (.data)
                  00009308    00000008     PLECS_to_CCS.obj (.data:inputPtrs$19$0)
                  00009310    00000008     PLECS_to_CCS.obj (.data:inputs$20$0)
                  00009318    00000008     PLECS_to_CCS.obj (.data:terminalSampleTimeOffsetPtrs$31$0)
                  00009320    00000008     PLECS_to_CCS.obj (.data:terminalSampleTimeOffsets$29$0)
                  00009328    00000008     PLECS_to_CCS.obj (.data:terminalSampleTimePeriodPtrs$30$0)
                  00009330    00000008     PLECS_to_CCS.obj (.data:terminalSampleTimePeriods$28$0)
                  00009338    00000006     PLECS_to_CCS_1.obj (.data)
                  0000933e    00000006     PLECS_to_CCS.obj (.data:numInputSignals$1$0)
                  00009344    00000006     PLECS_to_CCS.obj (.data:numOutputSignals$4$0)
                  0000934a    00000006     rts2800_fpu32_eabi.lib : exit.c.obj (.data)
                  00009350    00000004     PLECS_to_CCS_hal.obj (.data)
                  00009354    00000004     PLECS_to_CCS_main.obj (.data)
                  00009358    00000004     PLECS_to_CCS.obj (.data:inputPtrs$36$0)
                  0000935c    00000004     PLECS_to_CCS.obj (.data:inputs$37$0)
                  00009360    00000004     PLECS_to_CCS.obj (.data:numInputSignals$18$0)
                  00009364    00000004     PLECS_to_CCS.obj (.data:outputPtrs$39$0)
                  00009368    00000004     PLECS_to_CCS.obj (.data:outputPtrs$56$0)
                  0000936c    00000004     PLECS_to_CCS.obj (.data:outputs$40$0)
                  00009370    00000004     PLECS_to_CCS.obj (.data:outputs$57$0)
                  00009374    00000004     PLECS_to_CCS.obj (.data:terminalSampleTimeOffsetPtrs$48$0)
                  00009378    00000004     PLECS_to_CCS.obj (.data:terminalSampleTimeOffsets$46$0)
                  0000937c    00000004     PLECS_to_CCS.obj (.data:terminalSampleTimePeriodPtrs$47$0)
                  00009380    00000004     PLECS_to_CCS.obj (.data:terminalSampleTimePeriods$45$0)
                  00009384    00000002     PLECS_to_CCS.obj (.data:inputPtrs$53$0)
                  00009386    00000002     PLECS_to_CCS.obj (.data:inputs$54$0)
                  00009388    00000002     PLECS_to_CCS.obj (.data:numInputSignals$35$0)
                  0000938a    00000002     PLECS_to_CCS.obj (.data:numOutputSignals$38$0)
                  0000938c    00000002     PLECS_to_CCS.obj (.data:numOutputSignals$55$0)
                  0000938e    00000002     PLECS_to_CCS.obj (.data:outputPtrs$22$0)
                  00009390    00000002     PLECS_to_CCS.obj (.data:outputs$23$0)
                  00009392    00000002     PLECS_to_CCS.obj (.data:sampleHits$25$0)
                  00009394    00000002     PLECS_to_CCS.obj (.data:sampleHits$42$0)
                  00009396    00000002     PLECS_to_CCS.obj (.data:sampleHits$59$0)
                  00009398    00000002     PLECS_to_CCS.obj (.data:sampleHits$8$0)
                  0000939a    00000002     PLECS_to_CCS.obj (.data:sampleTimeOffsets$10$0)
                  0000939c    00000002     PLECS_to_CCS.obj (.data:sampleTimeOffsets$27$0)
                  0000939e    00000002     PLECS_to_CCS.obj (.data:sampleTimeOffsets$44$0)
                  000093a0    00000002     PLECS_to_CCS.obj (.data:sampleTimeOffsets$61$0)
                  000093a2    00000002     PLECS_to_CCS.obj (.data:sampleTimePeriods$26$0)
                  000093a4    00000002     PLECS_to_CCS.obj (.data:sampleTimePeriods$43$0)
                  000093a6    00000002     PLECS_to_CCS.obj (.data:sampleTimePeriods$60$0)
                  000093a8    00000002     PLECS_to_CCS.obj (.data:sampleTimePeriods$9$0)
                  000093aa    00000002     PLECS_to_CCS.obj (.data:terminalSampleTimeOffsetPtrs$65$0)
                  000093ac    00000002     PLECS_to_CCS.obj (.data:terminalSampleTimeOffsets$63$0)
                  000093ae    00000002     PLECS_to_CCS.obj (.data:terminalSampleTimePeriodPtrs$64$0)
                  000093b0    00000002     PLECS_to_CCS.obj (.data:terminalSampleTimePeriods$62$0)
                  000093b2    00000001     SFO_v8_fpu_lib_build_c28_driverlib_eabi.lib : SFO_v8_fpu_lib_build_c28_driverlib.obj (.data)
                  000093b3    00000001     PLECS_to_CCS.obj (.data:numInputSignals$52$0)
                  000093b4    00000001     PLECS_to_CCS.obj (.data:numOutputSignals$21$0)

ramfuncs   0    000800bc    00000867     RUN ADDR = 00008920
                  000800bc    000004f4     PLECS_to_CCS.obj (ramfuncs)
                  000805b0    000002f9     PLECS_to_CCS_hal.obj (ramfuncs)
                  000808a9    0000007a     PLECS_to_CCS_1.obj (ramfuncs)

.TI.ramfunc 
*          0    00080923    000000d5     RUN ADDR = 00009187
                  00080923    000000d1     plx_driverlib_fpu32_eabi.lib : flash.obj (.TI.ramfunc)
                  000809f4    00000004                                  : sysctl.obj (.TI.ramfunc)

.reset     0    003fffc0    00000000     DSECT

AdcaResultRegsFile 
*          1    00000b00    00000018     UNINITIALIZED
                  00000b00    00000018     f28004x_globalvariabledefs.obj (AdcaResultRegsFile)

AdcbResultRegsFile 
*          1    00000b20    00000018     UNINITIALIZED
                  00000b20    00000018     f28004x_globalvariabledefs.obj (AdcbResultRegsFile)

AdccResultRegsFile 
*          1    00000b40    00000018     UNINITIALIZED
                  00000b40    00000018     f28004x_globalvariabledefs.obj (AdccResultRegsFile)

PieVectTableFile 
*          1    00000d00    000001c0     UNINITIALIZED
                  00000d00    000001c0     f28004x_globalvariabledefs.obj (PieVectTableFile)

EmuKeyVar 
*          1    00000d00    00000000     UNINITIALIZED

EmuBModeVar 
*          1    00000d00    00000000     UNINITIALIZED

EmuBootPinsVar 
*          1    00000d00    00000000     UNINITIALIZED

FlashCallbackVar 
*          1    00000d00    00000000     UNINITIALIZED

FlashScalingVar 
*          1    00000d00    00000000     UNINITIALIZED

AdcaRegsFile 
*          1    00007400    00000076     UNINITIALIZED
                  00007400    00000076     f28004x_globalvariabledefs.obj (AdcaRegsFile)

AdcbRegsFile 
*          1    00007480    00000076     UNINITIALIZED
                  00007480    00000076     f28004x_globalvariabledefs.obj (AdcbRegsFile)

AdccRegsFile 
*          1    00007500    00000076     UNINITIALIZED
                  00007500    00000076     f28004x_globalvariabledefs.obj (AdccRegsFile)

AnalogSubsysRegsFile 
*          1    0005d700    00000090     UNINITIALIZED
                  0005d700    00000090     f28004x_globalvariabledefs.obj (AnalogSubsysRegsFile)

ClkCfgRegsFile 
*          1    0005d200    00000034     UNINITIALIZED
                  0005d200    00000034     f28004x_globalvariabledefs.obj (ClkCfgRegsFile)

CpuTimer0RegsFile 
*          1    00000c00    00000008     UNINITIALIZED
                  00000c00    00000008     f28004x_globalvariabledefs.obj (CpuTimer0RegsFile)

CpuTimer1RegsFile 
*          1    00000c08    00000008     UNINITIALIZED
                  00000c08    00000008     f28004x_globalvariabledefs.obj (CpuTimer1RegsFile)

CpuTimer2RegsFile 
*          1    00000c10    00000008     UNINITIALIZED
                  00000c10    00000008     f28004x_globalvariabledefs.obj (CpuTimer2RegsFile)

CpuSysRegsFile 
*          1    0005d300    00000082     UNINITIALIZED
                  0005d300    00000082     f28004x_globalvariabledefs.obj (CpuSysRegsFile)

EPwm1RegsFile 
*          1    00004000    00000100     UNINITIALIZED
                  00004000    00000100     f28004x_globalvariabledefs.obj (EPwm1RegsFile)

EPwm2RegsFile 
*          1    00004100    00000100     UNINITIALIZED
                  00004100    00000100     f28004x_globalvariabledefs.obj (EPwm2RegsFile)

EPwm3RegsFile 
*          1    00004200    00000100     UNINITIALIZED
                  00004200    00000100     f28004x_globalvariabledefs.obj (EPwm3RegsFile)

EPwm4RegsFile 
*          1    00004300    00000100     UNINITIALIZED
                  00004300    00000100     f28004x_globalvariabledefs.obj (EPwm4RegsFile)

EPwm5RegsFile 
*          1    00004400    00000100     UNINITIALIZED
                  00004400    00000100     f28004x_globalvariabledefs.obj (EPwm5RegsFile)

EPwm6RegsFile 
*          1    00004500    00000100     UNINITIALIZED
                  00004500    00000100     f28004x_globalvariabledefs.obj (EPwm6RegsFile)

EPwm7RegsFile 
*          1    00004600    00000100     UNINITIALIZED
                  00004600    00000100     f28004x_globalvariabledefs.obj (EPwm7RegsFile)

EPwm8RegsFile 
*          1    00004700    00000100     UNINITIALIZED
                  00004700    00000100     f28004x_globalvariabledefs.obj (EPwm8RegsFile)

GpioCtrlRegsFile 
*          1    00007c00    00000200     UNINITIALIZED
                  00007c00    00000200     f28004x_globalvariabledefs.obj (GpioCtrlRegsFile)

GpioDataRegsFile 
*          1    00007f00    0000003a     UNINITIALIZED
                  00007f00    0000003a     f28004x_globalvariabledefs.obj (GpioDataRegsFile)

I2caRegsFile 
*          1    00007300    00000022     UNINITIALIZED
                  00007300    00000022     f28004x_globalvariabledefs.obj (I2caRegsFile)

PieCtrlRegsFile 
*          1    00000ce0    0000001a     UNINITIALIZED
                  00000ce0    0000001a     f28004x_globalvariabledefs.obj (PieCtrlRegsFile)

MODULE SUMMARY

       Module                                   code    ro data   rw data
       ------                                   ----    -------   -------
    .\
       PLECS_to_CCS.obj                         3042    2         747    
       PLECS_to_CCS_hal.obj                     3474    0         198    
       PLECS_to_CCS_main.obj                    334     0         20     
       PLECS_to_CCS_1.obj                       244     0         8      
       PLECS_to_CCS_0.obj                       0       0         12     
       PLECS_to_CCS_2.obj                       0       0         8      
    +--+----------------------------------------+-------+---------+---------+
       Total:                                   7094    2         993    
                                                                         
    .\shrd\
       epwm_type4.obj                           743     0         40     
       dispatcher.obj                           562     165       54     
       ain_type5.obj                            253     0         2      
       dispatcher_asm.obj                       7       0         0      
    +--+----------------------------------------+-------+---------+---------+
       Total:                                   1565    165       96     
                                                                         
    .\src\
       dio_28004x.obj                           126     0         30     
    +--+----------------------------------------+-------+---------+---------+
       Total:                                   126     0         30     
                                                                         
    .\tisrc\
       f28004x_globalvariabledefs.obj           0       0         3902   
       f28004x_defaultisr.obj                   1203    0         0      
       f28004x_devinit.obj                      170     0         0      
       f28004x_adc.obj                          89      0         0      
       f28004x_codestartbranch.obj              10      0         0      
    +--+----------------------------------------+-------+---------+---------+
       Total:                                   1472    0         3902   
                                                                         
    ../tisrc/driverlib/SFO_v8_fpu_lib_build_c28_driverlib_eabi.lib
       SFO_v8_fpu_lib_build_c28_driverlib.obj   497     0         15     
    +--+----------------------------------------+-------+---------+---------+
       Total:                                   497     0         15     
                                                                         
    ../tisrc/driverlib/plx_driverlib_fpu32_eabi.lib
       sysctl.obj                               985     0         0      
       gpio.obj                                 491     0         0      
       flash.obj                                418     0         0      
    +--+----------------------------------------+-------+---------+---------+
       Total:                                   1894    0         0      
                                                                         
    C:\repo\WUSTL_JEP_EE_SENIOR_DESIGN_SP_2026\pil\pil_c28_fpu32_eabi.lib
       probes.obj                               1567    0         0      
       scope.obj                                1476    0         0      
       pil.obj                                  1142    0         0      
       seriallink.obj                           803     16        0      
       dualcorelink.obj                         679     0         0      
       basicservices.obj                        610     0         0      
       remoteagent.obj                          505     0         0      
       parallelbridge.obj                       370     0         0      
       ringbuf.obj                              100     0         0      
       pil_f28x_dis_int.obj                     7       0         0      
    +--+----------------------------------------+-------+---------+---------+
       Total:                                   7259    16        0      
                                                                         
    C:\ti\ccs2050\ccs\tools\compiler\ti-cgt-c2000_25.11.0.LTS\lib\rts2800_fpu32_eabi.lib
       exit.c.obj                               41      0         6      
       copy_decompress_lzss.c.obj               46      0         0      
       autoinit.c.obj                           43      0         0      
       fd_cmp28.asm.obj                         42      0         0      
       memcpy.c.obj                             30      0         0      
       boot28.asm.obj                           23      0         0      
       args_main.c.obj                          18      0         0      
       copy_decompress_none.c.obj               8       0         0      
       copy_zero_init.c.obj                     6       0         0      
       memset.c.obj                             6       0         0      
       _lock.c.obj                              1       0         2      
       pre_init.c.obj                           2       0         0      
       startup.c.obj                            1       0         0      
    +--+----------------------------------------+-------+---------+---------+
       Total:                                   267     0         8      
                                                                         
       Stack:                                   0       0         1536   
       Linker Generated:                        0       223       0      
    +--+----------------------------------------+-------+---------+---------+
       Grand Total:                             20174   406       6580   


LINKER GENERATED COPY TABLES

__TI_cinit_table @ 00084724 records: 3, size/record: 4, table size: 12
	.data: load addr=00084650, load size=000000c5 bytes, run addr=0000925c, run size=00000159 bytes, compression=lzss
	.bss: load addr=0008471c, load size=00000004 bytes, run addr=00008000, run size=0000031e bytes, compression=zero_init
	PieVectTableFile: load addr=00084720, load size=00000004 bytes, run addr=00000d00, run size=000001c0 bytes, compression=zero_init


LINKER GENERATED HANDLER TABLE

__TI_handler_table @ 00084716 records: 3, size/record: 2, table size: 6
	index: 0, handler: __TI_zero_init
	index: 1, handler: __TI_decompress_lzss
	index: 2, handler: __TI_decompress_none


GLOBAL DATA SYMBOLS: SORTED BY DATA PAGE

address     data page           name
--------    ----------------    ----
00000b00      2c (00000b00)     AdcaResultRegs
00000b20      2c (00000b00)     AdcbResultRegs

00000b40      2d (00000b40)     AdccResultRegs

00000c00      30 (00000c00)     CpuTimer0Regs
00000c08      30 (00000c00)     CpuTimer1Regs
00000c10      30 (00000c00)     CpuTimer2Regs

00000ce0      33 (00000cc0)     PieCtrlRegs

00000d00      34 (00000d00)     PieVectTable

00004000     100 (00004000)     EPwm1Regs

00004100     104 (00004100)     EPwm2Regs

00004200     108 (00004200)     EPwm3Regs

00004300     10c (00004300)     EPwm4Regs

00004400     110 (00004400)     EPwm5Regs

00004500     114 (00004500)     EPwm6Regs

00004600     118 (00004600)     EPwm7Regs

00004700     11c (00004700)     EPwm8Regs

00007300     1cc (00007300)     I2caRegs

00007400     1d0 (00007400)     AdcaRegs

00007480     1d2 (00007480)     AdcbRegs

00007500     1d4 (00007500)     AdccRegs

00007c00     1f0 (00007c00)     GpioCtrlRegs

00007f00     1fc (00007f00)     GpioDataRegs

00008108     204 (00008100)     DisprHandle
0000810a     204 (00008100)     DisprObj

00008144     205 (00008140)     PLECS_to_CCS_errorStatus

00008180     206 (00008180)     PLECS_to_CCS_X

000081c0     207 (000081c0)     PLECS_to_CCS_B

00008218     208 (00008200)     AdcObj

000082a8     20a (00008280)     EpwmObj

000082e4     20b (000082c0)     telemetry_buffer
000082f4     20b (000082c0)     TaskObj
000082fe     20b (000082c0)     MEP_SF

00008308     20c (00008300)     EpwmHandles
0000830e     20c (00008300)     SFO_CAL
00008314     20c (00008300)     AdcHandles
0000831a     20c (00008300)     PLX_AIN_SysClkHz
0000831d     20c (00008300)     MEP_ScaleFactor
0000831e     20c (00008300)     __stack

0000925c     249 (00009240)     ePWM

00009284     24a (00009280)     v_pin_V_PV
00009286     24a (00009280)     v_pin_V_Bat
00009288     24a (00009280)     v_pin_V_EV
0000928a     24a (00009280)     v_pin_I_PV
0000928c     24a (00009280)     v_pin_I_Bat
0000928e     24a (00009280)     v_pin_I_EV
00009290     24a (00009280)     abcounter
00009292     24a (00009280)     ext_V_EV
00009294     24a (00009280)     ext_I_EV
00009296     24a (00009280)     ext_V_PV
00009298     24a (00009280)     ext_I_PV
0000929a     24a (00009280)     ext_V_Bat
0000929c     24a (00009280)     ext_I_Bat

000092fe     24b (000092c0)     _lock

00009302     24c (00009300)     V_Storage_Max

0000934a     24d (00009340)     __TI_enable_exit_profile_output
0000934c     24d (00009340)     __TI_cleanup_ptr
0000934e     24d (00009340)     __TI_dtors_ptr
00009352     24d (00009340)     PilHandle
00009354     24d (00009340)     i2c_tx_index

0005d200    1748 (0005d200)     ClkCfgRegs

0005d300    174c (0005d300)     CpuSysRegs

0005d700    175c (0005d700)     AnalogSubsysRegs

000800a9    2002 (00080080)     PIL_SLINK_crc16Lookup


GLOBAL SYMBOLS: SORTED ALPHABETICALLY BY Name 

page  address   name                                 
----  -------   ----                                 
0     000821ed  ADCA1_ISR                            
0     000821e3  ADCA2_ISR                            
0     000821d9  ADCA3_ISR                            
0     000821cf  ADCA4_ISR                            
0     000821c5  ADCA_EVT_ISR                         
0     000821bb  ADCB1_ISR                            
0     000821b1  ADCB2_ISR                            
0     000821a7  ADCB3_ISR                            
0     0008219d  ADCB4_ISR                            
0     00082193  ADCB_EVT_ISR                         
0     00082189  ADCC1_ISR                            
0     0008217f  ADCC2_ISR                            
0     00082175  ADCC3_ISR                            
0     0008216b  ADCC4_ISR                            
0     00082161  ADCC_EVT_ISR                         
0     00008314  AdcHandles                           
0     00008218  AdcObj                               
1     00007400  AdcaRegs                             
1     00000b00  AdcaResultRegs                       
1     00007480  AdcbRegs                             
1     00000b20  AdcbResultRegs                       
1     00007500  AdccRegs                             
1     00000b40  AdccResultRegs                       
1     0005d700  AnalogSubsysRegs                     
0     000844c6  C$$EXIT                              
0     00082157  CANA0_ISR                            
0     0008214d  CANA1_ISR                            
0     00082143  CANB0_ISR                            
0     00082139  CANB1_ISR                            
0     0008212f  CLA1PROMCRC_ISR                      
0     00082125  CLA1_1_ISR                           
0     0008211b  CLA1_2_ISR                           
0     00082111  CLA1_3_ISR                           
0     00082107  CLA1_4_ISR                           
0     000820fd  CLA1_5_ISR                           
0     000820f3  CLA1_6_ISR                           
0     000820e9  CLA1_7_ISR                           
0     000820df  CLA1_8_ISR                           
0     000820d5  CLA_OVERFLOW_ISR                     
0     000820cb  CLA_UNDERFLOW_ISR                    
1     0005d200  ClkCfgRegs                           
1     0005d300  CpuSysRegs                           
1     00000c00  CpuTimer0Regs                        
1     00000c08  CpuTimer1Regs                        
1     00000c10  CpuTimer2Regs                        
0     000820c1  DATALOG_ISR                          
0     00083ea5  DISPR_background                     
0     00083fc1  DISPR_configure                      
0     00084550  DISPR_disableInt                     
0     00084570  DISPR_dispatch                       
0     00083fba  DISPR_registerIdleTask               
0     00083fb3  DISPR_registerPanicCallback          
0     00083fac  DISPR_registerSyncCallback           
0     00083f6c  DISPR_registerTask                   
0     00083e92  DISPR_reset                          
0     00084554  DISPR_restoreInt                     
0     00083f64  DISPR_setPowerupDelay                
0     00083f57  DISPR_sinit                          
0     00083f1f  DISPR_start                          
0     000820b7  DMA_CH1_ISR                          
0     000820ad  DMA_CH2_ISR                          
0     000820a3  DMA_CH3_ISR                          
0     00082099  DMA_CH4_ISR                          
0     0008208f  DMA_CH5_ISR                          
0     00082085  DMA_CH6_ISR                          
0     000842bb  DevInit                              
0     00008108  DisprHandle                          
0     0000810a  DisprObj                             
0     0008207b  ECAP1_ISR                            
0     00082071  ECAP2_ISR                            
0     00082067  ECAP3_ISR                            
0     0008205d  ECAP4_ISR                            
0     00082053  ECAP5_ISR                            
0     00082049  ECAP6_2_ISR                          
0     0008203f  ECAP6_ISR                            
0     00082035  ECAP7_2_ISR                          
0     0008202b  ECAP7_ISR                            
0     0008201e  EMPTY_ISR                            
0     00082014  EMU_ISR                              
0     0008200a  EPWM1_ISR                            
0     00082000  EPWM1_TZ_ISR                         
0     00081ff6  EPWM2_ISR                            
0     00081fec  EPWM2_TZ_ISR                         
0     00081fe2  EPWM3_ISR                            
0     00081fd8  EPWM3_TZ_ISR                         
0     00081fce  EPWM4_ISR                            
0     00081fc4  EPWM4_TZ_ISR                         
0     00081fba  EPWM5_ISR                            
0     00081fb0  EPWM5_TZ_ISR                         
0     00081fa6  EPWM6_ISR                            
0     00081f9c  EPWM6_TZ_ISR                         
0     00081f92  EPWM7_ISR                            
0     00081f88  EPWM7_TZ_ISR                         
0     00081f7e  EPWM8_ISR                            
0     00081f74  EPWM8_TZ_ISR                         
1     00004000  EPwm1Regs                            
1     00004100  EPwm2Regs                            
1     00004200  EPwm3Regs                            
1     00004300  EPwm4Regs                            
1     00004400  EPwm5Regs                            
1     00004500  EPwm6Regs                            
1     00004600  EPwm7Regs                            
1     00004700  EPwm8Regs                            
0     00081f6a  EQEP1_ISR                            
0     00081f60  EQEP2_ISR                            
0     00008308  EpwmHandles                          
0     000082a8  EpwmObj                              
0     00081f56  FLASH_CORRECTABLE_ERROR_ISR          
0     00081f4c  FPU_OVERFLOW_ISR                     
0     00081f42  FPU_UNDERFLOW_ISR                    
0     00081f38  FSIRXA1_ISR                          
0     00081f2e  FSIRXA2_ISR                          
0     00081f24  FSITXA1_ISR                          
0     00081f1a  FSITXA2_ISR                          
0     0000920f  Flash_initModule                     
0     00009237  Flash_powerDown                      
0     00009247  Flash_wakeFromLPM                    
0     00083b69  GPIO_getDirectionMode                
0     00083bf2  GPIO_getPadConfig                    
0     00083c52  GPIO_getQualificationMode            
0     00083cc1  GPIO_setAnalogMode                   
0     00083b42  GPIO_setDirectionMode                
0     00083b7f  GPIO_setInterruptPin                 
0     00083c95  GPIO_setMasterCore                   
0     00083baa  GPIO_setPadConfig                    
0     00083ce9  GPIO_setPinConfig                    
0     00083c26  GPIO_setQualificationMode            
0     00083c73  GPIO_setQualificationPeriod          
1     00007c00  GpioCtrlRegs                         
1     00007f00  GpioDataRegs                         
0     00081f10  I2CA_FIFO_ISR                        
0     00081f06  I2CA_ISR                             
1     00007300  I2caRegs                             
0     00081efc  ILLEGAL_ISR                          
0     00084536  ISR_ILLEGAL                          
0     00084241  InitFlashHz                          
0     00081ef2  LINA_0_ISR                           
0     00081ee8  LINA_1_ISR                           
0     000082fe  MEP_SF                               
0     0000831d  MEP_ScaleFactor                      
0     00084231  MemCopy                              
0     00081ede  NMI_ISR                              
0     00081ed4  NOTUSED_ISR                          
0     00081eca  PIE_RESERVED_ISR                     
0     000832ef  PIL_BSRVS_init                       
0     000833b0  PIL_BSRVS_messageHandler             
0     00083315  PIL_BSRVS_setErrorMessage_p          
0     0008330c  PIL_BSRVS_setWriteInterlockHandler   
0     0008307d  PIL_DCLINK_configure                 
0     00083086  PIL_DCLINK_getCommunicationHandle    
0     00083048  PIL_DCLINK_init                      
0     000832dc  PIL_DCLINK_poll                      
0     00083091  PIL_DCLINK_setBuffer                 
0     00084557  PIL_DisableInt                       
0     00083d2c  PIL_PBRIDGE_configure                
0     00083d20  PIL_PBRIDGE_init                     
0     00083e7d  PIL_PBRIDGE_poll                     
0     00083d35  PIL_PBRIDGE_setProtocol              
0     000811b0  PIL_PROBES_getActualPilMode          
0     000811c5  PIL_PROBES_getActualPilStep          
0     000811b7  PIL_PROBES_getDesiredPilMode         
0     000811cf  PIL_PROBES_getDesiredPilStep         
0     000811be  PIL_PROBES_getPreviousPilMode        
0     00081161  PIL_PROBES_init                      
0     00081303  PIL_PROBES_messageHandler            
0     0008118e  PIL_PROBES_setActualPilMode          
0     000811a4  PIL_PROBES_setActualPilStep          
0     0008119b  PIL_PROBES_setDesiredPilMode         
0     000837ca  PIL_RA_init                          
0     000838f9  PIL_RA_pollLinkReq                   
0     000838a7  PIL_RA_pollLinkRsp                   
0     00083862  PIL_RA_registerService               
0     000821f7  PIL_RA_serialIn                      
0     0008388a  PIL_RA_serialIn_p                    
0     00082206  PIL_RA_serialOut                     
0     00083899  PIL_RA_serialOut_p                   
0     0008383e  PIL_RA_setChecksum                   
0     00083826  PIL_RA_setGuid                       
0     00083856  PIL_RA_setNodeAddress                
0     0008435a  PIL_RBUF_isEmpty                     
0     00084392  PIL_RBUF_pop                         
0     00084368  PIL_RBUF_push                        
0     0008434f  PIL_RBUF_reset                       
0     0008455b  PIL_RestoreInt                       
0     000817b4  PIL_SCOPE_init                       
0     00081af8  PIL_SCOPE_messageHandler             
0     00082214  PIL_SCOPE_sample                     
0     00081942  PIL_SCOPE_sample_p                   
0     000817d4  PIL_SCOPE_setBuffer                  
0     000817f1  PIL_SCOPE_setIndicator               
0     00082221  PIL_SCOPE_trigger                    
0     00081a12  PIL_SCOPE_trigger_p                  
0     000800a9  PIL_SLINK_crc16Lookup                
0     00082a64  PIL_SLINK_in                         
0     00082a3e  PIL_SLINK_init                       
0     00082a71  PIL_SLINK_out                        
0     00082aa9  PIL_SLINK_outBufIsEmpty              
0     00082c42  PIL_SLINK_receive                    
0     00082c22  PIL_SLINK_send                       
0     000823aa  PIL_allowPilSimulation               
0     000824e9  PIL_backgroundCall                   
0     0008243e  PIL_beginInterruptCall               
0     000822e7  PIL_configureDualCoreLink            
0     000822c1  PIL_configureParallelCom             
0     000823d2  PIL_inhibitPilSimulation             
0     0008259c  PIL_init                             
0     000823fa  PIL_requestNormalMode                
0     00082411  PIL_requestReadyMode                 
0     00082386  PIL_setAndConfigScopeBuffer          
0     0008239c  PIL_setAndConfigureScopeIndicator    
0     00082378  PIL_setBackgroundCommCallback        
0     00082260  PIL_setChecksum                      
0     0008236a  PIL_setCtrlCallback                  
0     0008222e  PIL_setErrorMessage                  
0     0008223c  PIL_setGuid                          
0     0008235b  PIL_setNodeAddress                   
0     000822a9  PIL_setSerialComCallback             
0     00082581  PIL_setWriteInterlockHandler         
0     00082428  PIL_simulationActive                 
0     0000910d  PLECS_to_CCS_1_cScriptOutput         
0     000081c0  PLECS_to_CCS_B                       
0     00008180  PLECS_to_CCS_X                       
0     00081160  PLECS_to_CCS_background              
0     0008440c  PLECS_to_CCS_baseTaskInterrupt       
0     000809f8  PLECS_to_CCS_enableTasksInterrupt    
0     00008144  PLECS_to_CCS_errorStatus             
0     00080c02  PLECS_to_CCS_initHal                 
0     00083551  PLECS_to_CCS_initialize              
0     00008920  PLECS_to_CCS_step                    
0     00080bfd  PLECS_to_CCS_syncTimers              
0     00080be3  PLXHAL_ADC_getIn                     
0     00080bb8  PLXHAL_PWM_enableAllOutputs          
0     00080ba0  PLXHAL_PWM_enableOutputSwap          
0     00080b65  PLXHAL_PWM_prepareSetOutToXTransition
0     00009058  PLXHAL_PWM_setDuty                   
0     00008eff  PLXHAL_PWM_setDutyAB                 
0     00008eb0  PLXHAL_PWM_setFallingDelay           
0     00080b1b  PLXHAL_PWM_setOverflowSocDelay       
0     00008e5b  PLXHAL_PWM_setRisingDelay            
0     00080a9b  PLXHAL_PWM_setSequence               
0     00080a72  PLXHAL_PWM_setSequenceAq             
0     00008e43  PLXHAL_PWM_setToOperational          
0     00008e14  PLXHAL_PWM_setToPassive              
0     00080a10  PLXHAL_PWM_setUnderflowSocDelay      
0     00082d61  PLXHAL_PWM_updateMEP                 
0     0000831a  PLX_AIN_SysClkHz                     
0     000841d7  PLX_AIN_configure                    
0     000841d1  PLX_AIN_init                         
0     00084185  PLX_AIN_resetChannelSetup            
0     00084175  PLX_AIN_setDefaultChannelParams      
0     00084138  PLX_AIN_setupChannel                 
0     00084134  PLX_AIN_sinit                        
0     00084330  PLX_DIO_configureIn                  
0     00084305  PLX_DIO_configureOut                 
0     000842ff  PLX_DIO_init                         
0     000842f7  PLX_DIO_obtainDummyRead              
0     000842f4  PLX_DIO_obtainDummyWrite             
0     000842d1  PLX_DIO_sinit                        
0     00082e46  PLX_PWM_configure                    
0     00082e18  PLX_PWM_getRegisterBase              
0     00082e12  PLX_PWM_init                         
0     00082df5  PLX_PWM_initializeMEP                
0     00082dbc  PLX_PWM_setDefaultParams             
0     00082d67  PLX_PWM_sinit                        
0     00082d61  PLX_PWM_updateMEP                    
0     00081ec0  PMBUSA_ISR                           
1     00000ce0  PieCtrlRegs                          
1     00000d00  PieVectTable                         
0     00009352  PilHandle                            
0     00081eb6  RAM_ACCESS_VIOLATION_ISR             
0     00081eac  RAM_CORRECTABLE_ERROR_ISR            
0     00081ea2  RTOS_ISR                             
abs   000809f8  RamfuncsLoadEnd                      
abs   0000093c  RamfuncsLoadSize                     
abs   000800bc  RamfuncsLoadStart                    
abs   00008920  RamfuncsRunStart                     
0     00081e98  SCIA_RX_ISR                          
0     00081e8e  SCIA_TX_ISR                          
0     00081e84  SCIB_RX_ISR                          
0     00081e7a  SCIB_TX_ISR                          
0     00081e70  SD1DR1_ISR                           
0     00081e66  SD1DR2_ISR                           
0     00081e5c  SD1DR3_ISR                           
0     00081e52  SD1DR4_ISR                           
0     00081e48  SD1_ISR                              
0     00083944  SFO                                  
0     0000830e  SFO_CAL                              
0     00081e3e  SPIA_RX_ISR                          
0     00081e34  SPIA_TX_ISR                          
0     00081e2a  SPIB_RX_ISR                          
0     00081e20  SPIB_TX_ISR                          
0     00081e16  SYS_PLL_SLIP_ISR                     
0     000843b3  SetVREF                              
0     00009258  SysCtl_delay                         
0     00082782  SysCtl_getClock                      
0     00082926  SysCtl_getDeviceParametric           
0     0008290c  SysCtl_getLowSpeedClock              
0     00082981  SysCtl_isPLLValid                    
0     000828da  SysCtl_selectOscSource               
0     0008289c  SysCtl_selectXTAL                    
0     000828c0  SysCtl_selectXTALSingleEnded         
0     000827e0  SysCtl_setClock                      
0     00081e0c  TIMER0_ISR                           
0     00081e02  TIMER1_ISR                           
0     00081df8  TIMER2_ISR                           
0     000082f4  TaskObj                              
0     00081dee  USER10_ISR                           
0     00081de4  USER11_ISR                           
0     00081dda  USER12_ISR                           
0     00081dd0  USER1_ISR                            
0     00081dc6  USER2_ISR                            
0     00081dbc  USER3_ISR                            
0     00081db2  USER4_ISR                            
0     00081da8  USER5_ISR                            
0     00081d9e  USER6_ISR                            
0     00081d94  USER7_ISR                            
0     00081d8a  USER8_ISR                            
0     00081d80  USER9_ISR                            
0     00009302  V_Storage_Max                        
0     00081d76  WAKE_ISR                             
0     00081d6c  XINT1_ISR                            
0     00081d62  XINT2_ISR                            
0     00081d58  XINT3_ISR                            
0     00081d4e  XINT4_ISR                            
0     00081d44  XINT5_ISR                            
0     00084724  __TI_CINIT_Base                      
0     00084730  __TI_CINIT_Limit                     
0     00084730  __TI_CINIT_Warm                      
0     00084716  __TI_Handler_Table_Base              
0     0008471c  __TI_Handler_Table_Limit             
0     0000891e  __TI_STACK_END                       
abs   00000600  __TI_STACK_SIZE                      
0     00084471  __TI_auto_init_nobinit_nopinit       
0     0000934c  __TI_cleanup_ptr                     
0     00084443  __TI_decompress_lzss                 
0     00084540  __TI_decompress_none                 
0     0000934e  __TI_dtors_ptr                       
0     0000934a  __TI_enable_exit_profile_output      
abs   ffffffff  __TI_pprof_out_hndl                  
abs   ffffffff  __TI_prof_data_size                  
abs   ffffffff  __TI_prof_data_start                 
0     0008455e  __TI_zero_init                       
0     0008449c  __c28xabi_cmpd                       
abs   ffffffff  __c_args__                           
0     0000831e  __stack                              
0     00084524  _args_main                           
0     0008450d  _c_int00                             
0     000092fe  _lock                                
0     0008456c  _nop                                 
0     0008456d  _system_post_cinit                   
0     0008456a  _system_pre_init                     
0     00009290  abcounter                            
0     000844c6  abort                                
0     00080000  code_start                           
0     00084050  determine_charging_speed             
0     00083fe6  determine_system_mode                
0     0000925c  ePWM                                 
0     000844c8  exit                                 
0     0000929c  ext_I_Bat                            
0     00009294  ext_I_EV                             
0     00009298  ext_I_PV                             
0     0000929a  ext_V_Bat                            
0     00009292  ext_V_EV                             
0     00009296  ext_V_PV                             
0     00009354  i2c_tx_index                         
0     000840e4  init_I2C_Hardware                    
0     00084119  main                                 
0     000844ef  memcpy                               
0     00084564  memset                               
0     000840b3  respond_to_ESP32                     
0     000082e4  telemetry_buffer                     
0     0008406e  update_telemetry_data                
0     0000928c  v_pin_I_Bat                          
0     0000928e  v_pin_I_EV                           
0     0000928a  v_pin_I_PV                           
0     00009286  v_pin_V_Bat                          
0     00009288  v_pin_V_EV                           
0     00009284  v_pin_V_PV                           


GLOBAL SYMBOLS: SORTED BY Symbol Address 

page  address   name                                 
----  -------   ----                                 
0     00008108  DisprHandle                          
0     0000810a  DisprObj                             
0     00008144  PLECS_to_CCS_errorStatus             
0     00008180  PLECS_to_CCS_X                       
0     000081c0  PLECS_to_CCS_B                       
0     00008218  AdcObj                               
0     000082a8  EpwmObj                              
0     000082e4  telemetry_buffer                     
0     000082f4  TaskObj                              
0     000082fe  MEP_SF                               
0     00008308  EpwmHandles                          
0     0000830e  SFO_CAL                              
0     00008314  AdcHandles                           
0     0000831a  PLX_AIN_SysClkHz                     
0     0000831d  MEP_ScaleFactor                      
0     0000831e  __stack                              
0     0000891e  __TI_STACK_END                       
0     00008920  PLECS_to_CCS_step                    
0     00008e14  PLXHAL_PWM_setToPassive              
0     00008e43  PLXHAL_PWM_setToOperational          
0     00008e5b  PLXHAL_PWM_setRisingDelay            
0     00008eb0  PLXHAL_PWM_setFallingDelay           
0     00008eff  PLXHAL_PWM_setDutyAB                 
0     00009058  PLXHAL_PWM_setDuty                   
0     0000910d  PLECS_to_CCS_1_cScriptOutput         
0     0000920f  Flash_initModule                     
0     00009237  Flash_powerDown                      
0     00009247  Flash_wakeFromLPM                    
0     00009258  SysCtl_delay                         
0     0000925c  ePWM                                 
0     00009284  v_pin_V_PV                           
0     00009286  v_pin_V_Bat                          
0     00009288  v_pin_V_EV                           
0     0000928a  v_pin_I_PV                           
0     0000928c  v_pin_I_Bat                          
0     0000928e  v_pin_I_EV                           
0     00009290  abcounter                            
0     00009292  ext_V_EV                             
0     00009294  ext_I_EV                             
0     00009296  ext_V_PV                             
0     00009298  ext_I_PV                             
0     0000929a  ext_V_Bat                            
0     0000929c  ext_I_Bat                            
0     000092fe  _lock                                
0     00009302  V_Storage_Max                        
0     0000934a  __TI_enable_exit_profile_output      
0     0000934c  __TI_cleanup_ptr                     
0     0000934e  __TI_dtors_ptr                       
0     00009352  PilHandle                            
0     00009354  i2c_tx_index                         
0     00080000  code_start                           
0     000800a9  PIL_SLINK_crc16Lookup                
0     000809f8  PLECS_to_CCS_enableTasksInterrupt    
0     00080a10  PLXHAL_PWM_setUnderflowSocDelay      
0     00080a72  PLXHAL_PWM_setSequenceAq             
0     00080a9b  PLXHAL_PWM_setSequence               
0     00080b1b  PLXHAL_PWM_setOverflowSocDelay       
0     00080b65  PLXHAL_PWM_prepareSetOutToXTransition
0     00080ba0  PLXHAL_PWM_enableOutputSwap          
0     00080bb8  PLXHAL_PWM_enableAllOutputs          
0     00080be3  PLXHAL_ADC_getIn                     
0     00080bfd  PLECS_to_CCS_syncTimers              
0     00080c02  PLECS_to_CCS_initHal                 
0     00081160  PLECS_to_CCS_background              
0     00081161  PIL_PROBES_init                      
0     0008118e  PIL_PROBES_setActualPilMode          
0     0008119b  PIL_PROBES_setDesiredPilMode         
0     000811a4  PIL_PROBES_setActualPilStep          
0     000811b0  PIL_PROBES_getActualPilMode          
0     000811b7  PIL_PROBES_getDesiredPilMode         
0     000811be  PIL_PROBES_getPreviousPilMode        
0     000811c5  PIL_PROBES_getActualPilStep          
0     000811cf  PIL_PROBES_getDesiredPilStep         
0     00081303  PIL_PROBES_messageHandler            
0     000817b4  PIL_SCOPE_init                       
0     000817d4  PIL_SCOPE_setBuffer                  
0     000817f1  PIL_SCOPE_setIndicator               
0     00081942  PIL_SCOPE_sample_p                   
0     00081a12  PIL_SCOPE_trigger_p                  
0     00081af8  PIL_SCOPE_messageHandler             
0     00081d44  XINT5_ISR                            
0     00081d4e  XINT4_ISR                            
0     00081d58  XINT3_ISR                            
0     00081d62  XINT2_ISR                            
0     00081d6c  XINT1_ISR                            
0     00081d76  WAKE_ISR                             
0     00081d80  USER9_ISR                            
0     00081d8a  USER8_ISR                            
0     00081d94  USER7_ISR                            
0     00081d9e  USER6_ISR                            
0     00081da8  USER5_ISR                            
0     00081db2  USER4_ISR                            
0     00081dbc  USER3_ISR                            
0     00081dc6  USER2_ISR                            
0     00081dd0  USER1_ISR                            
0     00081dda  USER12_ISR                           
0     00081de4  USER11_ISR                           
0     00081dee  USER10_ISR                           
0     00081df8  TIMER2_ISR                           
0     00081e02  TIMER1_ISR                           
0     00081e0c  TIMER0_ISR                           
0     00081e16  SYS_PLL_SLIP_ISR                     
0     00081e20  SPIB_TX_ISR                          
0     00081e2a  SPIB_RX_ISR                          
0     00081e34  SPIA_TX_ISR                          
0     00081e3e  SPIA_RX_ISR                          
0     00081e48  SD1_ISR                              
0     00081e52  SD1DR4_ISR                           
0     00081e5c  SD1DR3_ISR                           
0     00081e66  SD1DR2_ISR                           
0     00081e70  SD1DR1_ISR                           
0     00081e7a  SCIB_TX_ISR                          
0     00081e84  SCIB_RX_ISR                          
0     00081e8e  SCIA_TX_ISR                          
0     00081e98  SCIA_RX_ISR                          
0     00081ea2  RTOS_ISR                             
0     00081eac  RAM_CORRECTABLE_ERROR_ISR            
0     00081eb6  RAM_ACCESS_VIOLATION_ISR             
0     00081ec0  PMBUSA_ISR                           
0     00081eca  PIE_RESERVED_ISR                     
0     00081ed4  NOTUSED_ISR                          
0     00081ede  NMI_ISR                              
0     00081ee8  LINA_1_ISR                           
0     00081ef2  LINA_0_ISR                           
0     00081efc  ILLEGAL_ISR                          
0     00081f06  I2CA_ISR                             
0     00081f10  I2CA_FIFO_ISR                        
0     00081f1a  FSITXA2_ISR                          
0     00081f24  FSITXA1_ISR                          
0     00081f2e  FSIRXA2_ISR                          
0     00081f38  FSIRXA1_ISR                          
0     00081f42  FPU_UNDERFLOW_ISR                    
0     00081f4c  FPU_OVERFLOW_ISR                     
0     00081f56  FLASH_CORRECTABLE_ERROR_ISR          
0     00081f60  EQEP2_ISR                            
0     00081f6a  EQEP1_ISR                            
0     00081f74  EPWM8_TZ_ISR                         
0     00081f7e  EPWM8_ISR                            
0     00081f88  EPWM7_TZ_ISR                         
0     00081f92  EPWM7_ISR                            
0     00081f9c  EPWM6_TZ_ISR                         
0     00081fa6  EPWM6_ISR                            
0     00081fb0  EPWM5_TZ_ISR                         
0     00081fba  EPWM5_ISR                            
0     00081fc4  EPWM4_TZ_ISR                         
0     00081fce  EPWM4_ISR                            
0     00081fd8  EPWM3_TZ_ISR                         
0     00081fe2  EPWM3_ISR                            
0     00081fec  EPWM2_TZ_ISR                         
0     00081ff6  EPWM2_ISR                            
0     00082000  EPWM1_TZ_ISR                         
0     0008200a  EPWM1_ISR                            
0     00082014  EMU_ISR                              
0     0008201e  EMPTY_ISR                            
0     0008202b  ECAP7_ISR                            
0     00082035  ECAP7_2_ISR                          
0     0008203f  ECAP6_ISR                            
0     00082049  ECAP6_2_ISR                          
0     00082053  ECAP5_ISR                            
0     0008205d  ECAP4_ISR                            
0     00082067  ECAP3_ISR                            
0     00082071  ECAP2_ISR                            
0     0008207b  ECAP1_ISR                            
0     00082085  DMA_CH6_ISR                          
0     0008208f  DMA_CH5_ISR                          
0     00082099  DMA_CH4_ISR                          
0     000820a3  DMA_CH3_ISR                          
0     000820ad  DMA_CH2_ISR                          
0     000820b7  DMA_CH1_ISR                          
0     000820c1  DATALOG_ISR                          
0     000820cb  CLA_UNDERFLOW_ISR                    
0     000820d5  CLA_OVERFLOW_ISR                     
0     000820df  CLA1_8_ISR                           
0     000820e9  CLA1_7_ISR                           
0     000820f3  CLA1_6_ISR                           
0     000820fd  CLA1_5_ISR                           
0     00082107  CLA1_4_ISR                           
0     00082111  CLA1_3_ISR                           
0     0008211b  CLA1_2_ISR                           
0     00082125  CLA1_1_ISR                           
0     0008212f  CLA1PROMCRC_ISR                      
0     00082139  CANB1_ISR                            
0     00082143  CANB0_ISR                            
0     0008214d  CANA1_ISR                            
0     00082157  CANA0_ISR                            
0     00082161  ADCC_EVT_ISR                         
0     0008216b  ADCC4_ISR                            
0     00082175  ADCC3_ISR                            
0     0008217f  ADCC2_ISR                            
0     00082189  ADCC1_ISR                            
0     00082193  ADCB_EVT_ISR                         
0     0008219d  ADCB4_ISR                            
0     000821a7  ADCB3_ISR                            
0     000821b1  ADCB2_ISR                            
0     000821bb  ADCB1_ISR                            
0     000821c5  ADCA_EVT_ISR                         
0     000821cf  ADCA4_ISR                            
0     000821d9  ADCA3_ISR                            
0     000821e3  ADCA2_ISR                            
0     000821ed  ADCA1_ISR                            
0     000821f7  PIL_RA_serialIn                      
0     00082206  PIL_RA_serialOut                     
0     00082214  PIL_SCOPE_sample                     
0     00082221  PIL_SCOPE_trigger                    
0     0008222e  PIL_setErrorMessage                  
0     0008223c  PIL_setGuid                          
0     00082260  PIL_setChecksum                      
0     000822a9  PIL_setSerialComCallback             
0     000822c1  PIL_configureParallelCom             
0     000822e7  PIL_configureDualCoreLink            
0     0008235b  PIL_setNodeAddress                   
0     0008236a  PIL_setCtrlCallback                  
0     00082378  PIL_setBackgroundCommCallback        
0     00082386  PIL_setAndConfigScopeBuffer          
0     0008239c  PIL_setAndConfigureScopeIndicator    
0     000823aa  PIL_allowPilSimulation               
0     000823d2  PIL_inhibitPilSimulation             
0     000823fa  PIL_requestNormalMode                
0     00082411  PIL_requestReadyMode                 
0     00082428  PIL_simulationActive                 
0     0008243e  PIL_beginInterruptCall               
0     000824e9  PIL_backgroundCall                   
0     00082581  PIL_setWriteInterlockHandler         
0     0008259c  PIL_init                             
0     00082782  SysCtl_getClock                      
0     000827e0  SysCtl_setClock                      
0     0008289c  SysCtl_selectXTAL                    
0     000828c0  SysCtl_selectXTALSingleEnded         
0     000828da  SysCtl_selectOscSource               
0     0008290c  SysCtl_getLowSpeedClock              
0     00082926  SysCtl_getDeviceParametric           
0     00082981  SysCtl_isPLLValid                    
0     00082a3e  PIL_SLINK_init                       
0     00082a64  PIL_SLINK_in                         
0     00082a71  PIL_SLINK_out                        
0     00082aa9  PIL_SLINK_outBufIsEmpty              
0     00082c22  PIL_SLINK_send                       
0     00082c42  PIL_SLINK_receive                    
0     00082d61  PLXHAL_PWM_updateMEP                 
0     00082d61  PLX_PWM_updateMEP                    
0     00082d67  PLX_PWM_sinit                        
0     00082dbc  PLX_PWM_setDefaultParams             
0     00082df5  PLX_PWM_initializeMEP                
0     00082e12  PLX_PWM_init                         
0     00082e18  PLX_PWM_getRegisterBase              
0     00082e46  PLX_PWM_configure                    
0     00083048  PIL_DCLINK_init                      
0     0008307d  PIL_DCLINK_configure                 
0     00083086  PIL_DCLINK_getCommunicationHandle    
0     00083091  PIL_DCLINK_setBuffer                 
0     000832dc  PIL_DCLINK_poll                      
0     000832ef  PIL_BSRVS_init                       
0     0008330c  PIL_BSRVS_setWriteInterlockHandler   
0     00083315  PIL_BSRVS_setErrorMessage_p          
0     000833b0  PIL_BSRVS_messageHandler             
0     00083551  PLECS_to_CCS_initialize              
0     000837ca  PIL_RA_init                          
0     00083826  PIL_RA_setGuid                       
0     0008383e  PIL_RA_setChecksum                   
0     00083856  PIL_RA_setNodeAddress                
0     00083862  PIL_RA_registerService               
0     0008388a  PIL_RA_serialIn_p                    
0     00083899  PIL_RA_serialOut_p                   
0     000838a7  PIL_RA_pollLinkRsp                   
0     000838f9  PIL_RA_pollLinkReq                   
0     00083944  SFO                                  
0     00083b42  GPIO_setDirectionMode                
0     00083b69  GPIO_getDirectionMode                
0     00083b7f  GPIO_setInterruptPin                 
0     00083baa  GPIO_setPadConfig                    
0     00083bf2  GPIO_getPadConfig                    
0     00083c26  GPIO_setQualificationMode            
0     00083c52  GPIO_getQualificationMode            
0     00083c73  GPIO_setQualificationPeriod          
0     00083c95  GPIO_setMasterCore                   
0     00083cc1  GPIO_setAnalogMode                   
0     00083ce9  GPIO_setPinConfig                    
0     00083d20  PIL_PBRIDGE_init                     
0     00083d2c  PIL_PBRIDGE_configure                
0     00083d35  PIL_PBRIDGE_setProtocol              
0     00083e7d  PIL_PBRIDGE_poll                     
0     00083e92  DISPR_reset                          
0     00083ea5  DISPR_background                     
0     00083f1f  DISPR_start                          
0     00083f57  DISPR_sinit                          
0     00083f64  DISPR_setPowerupDelay                
0     00083f6c  DISPR_registerTask                   
0     00083fac  DISPR_registerSyncCallback           
0     00083fb3  DISPR_registerPanicCallback          
0     00083fba  DISPR_registerIdleTask               
0     00083fc1  DISPR_configure                      
0     00083fe6  determine_system_mode                
0     00084050  determine_charging_speed             
0     0008406e  update_telemetry_data                
0     000840b3  respond_to_ESP32                     
0     000840e4  init_I2C_Hardware                    
0     00084119  main                                 
0     00084134  PLX_AIN_sinit                        
0     00084138  PLX_AIN_setupChannel                 
0     00084175  PLX_AIN_setDefaultChannelParams      
0     00084185  PLX_AIN_resetChannelSetup            
0     000841d1  PLX_AIN_init                         
0     000841d7  PLX_AIN_configure                    
0     00084231  MemCopy                              
0     00084241  InitFlashHz                          
0     000842bb  DevInit                              
0     000842d1  PLX_DIO_sinit                        
0     000842f4  PLX_DIO_obtainDummyWrite             
0     000842f7  PLX_DIO_obtainDummyRead              
0     000842ff  PLX_DIO_init                         
0     00084305  PLX_DIO_configureOut                 
0     00084330  PLX_DIO_configureIn                  
0     0008434f  PIL_RBUF_reset                       
0     0008435a  PIL_RBUF_isEmpty                     
0     00084368  PIL_RBUF_push                        
0     00084392  PIL_RBUF_pop                         
0     000843b3  SetVREF                              
0     0008440c  PLECS_to_CCS_baseTaskInterrupt       
0     00084443  __TI_decompress_lzss                 
0     00084471  __TI_auto_init_nobinit_nopinit       
0     0008449c  __c28xabi_cmpd                       
0     000844c6  C$$EXIT                              
0     000844c6  abort                                
0     000844c8  exit                                 
0     000844ef  memcpy                               
0     0008450d  _c_int00                             
0     00084524  _args_main                           
0     00084536  ISR_ILLEGAL                          
0     00084540  __TI_decompress_none                 
0     00084550  DISPR_disableInt                     
0     00084554  DISPR_restoreInt                     
0     00084557  PIL_DisableInt                       
0     0008455b  PIL_RestoreInt                       
0     0008455e  __TI_zero_init                       
0     00084564  memset                               
0     0008456a  _system_pre_init                     
0     0008456c  _nop                                 
0     0008456d  _system_post_cinit                   
0     00084570  DISPR_dispatch                       
0     00084716  __TI_Handler_Table_Base              
0     0008471c  __TI_Handler_Table_Limit             
0     00084724  __TI_CINIT_Base                      
0     00084730  __TI_CINIT_Limit                     
0     00084730  __TI_CINIT_Warm                      
1     00000b00  AdcaResultRegs                       
1     00000b20  AdcbResultRegs                       
1     00000b40  AdccResultRegs                       
1     00000c00  CpuTimer0Regs                        
1     00000c08  CpuTimer1Regs                        
1     00000c10  CpuTimer2Regs                        
1     00000ce0  PieCtrlRegs                          
1     00000d00  PieVectTable                         
1     00004000  EPwm1Regs                            
1     00004100  EPwm2Regs                            
1     00004200  EPwm3Regs                            
1     00004300  EPwm4Regs                            
1     00004400  EPwm5Regs                            
1     00004500  EPwm6Regs                            
1     00004600  EPwm7Regs                            
1     00004700  EPwm8Regs                            
1     00007300  I2caRegs                             
1     00007400  AdcaRegs                             
1     00007480  AdcbRegs                             
1     00007500  AdccRegs                             
1     00007c00  GpioCtrlRegs                         
1     00007f00  GpioDataRegs                         
1     0005d200  ClkCfgRegs                           
1     0005d300  CpuSysRegs                           
1     0005d700  AnalogSubsysRegs                     
abs   00000600  __TI_STACK_SIZE                      
abs   0000093c  RamfuncsLoadSize                     
abs   00008920  RamfuncsRunStart                     
abs   000800bc  RamfuncsLoadStart                    
abs   000809f8  RamfuncsLoadEnd                      
abs   ffffffff  __TI_pprof_out_hndl                  
abs   ffffffff  __TI_prof_data_size                  
abs   ffffffff  __TI_prof_data_start                 
abs   ffffffff  __c_args__                           

[378 symbols]
